<!doctype html public "-//w3c//dtd html 4.0 transitional//en">
<html><head>
<title>Static Call Graph - [.\obj\ASR_ground.axf]</title></head>
<body><HR>
<H1>Static Call Graph for image .\obj\ASR_ground.axf</H1><HR>
<BR><P>#&#060CALLGRAPH&#062# ARM Linker, 5.03 [Build 24]: Last Updated: Mon Aug 26 10:40:31 2013
<BR><P>
<H3>Maximum Stack Usage =        640 bytes + Unknown(Functions without stacksize, Untraceable Function Pointers)</H3><H3>
Call chain for Maximum Stack Depth:</H3>
__rt_entry_main &rArr; main &rArr; MSD_ReadBlock &rArr; SD_ReadBlock &rArr; SD_ReadSingleBlock &rArr; SD_BlockCommand &rArr; SD_SendCmd &rArr; SPI_SendByte
<P>
<H3>
Functions with no stack information
</H3><UL>
 <LI><a href="#[bc]">__user_initial_stackheap</a>
</UL>
</UL>
<P>
<H3>
Function Pointers
</H3><UL>
 <LI><a href="#[1f]">ADC1_2_IRQHandler</a> from stm32f10x_it.o(.text) referenced from stm32f10x_vector.o(RESET)
 <LI><a href="#[3c]">ADC3_IRQHandler</a> from stm32f10x_it.o(.text) referenced from stm32f10x_vector.o(RESET)
 <LI><a href="#[7]">BusFaultException</a> from stm32f10x_it.o(.text) referenced from stm32f10x_vector.o(RESET)
 <LI><a href="#[22]">CAN_RX1_IRQHandler</a> from stm32f10x_it.o(.text) referenced from stm32f10x_vector.o(RESET)
 <LI><a href="#[23]">CAN_SCE_IRQHandler</a> from stm32f10x_it.o(.text) referenced from stm32f10x_vector.o(RESET)
 <LI><a href="#[18]">DMA1_Channel1_IRQHandler</a> from stm32f10x_it.o(.text) referenced from stm32f10x_vector.o(RESET)
 <LI><a href="#[19]">DMA1_Channel2_IRQHandler</a> from stm32f10x_it.o(.text) referenced from stm32f10x_vector.o(RESET)
 <LI><a href="#[1a]">DMA1_Channel3_IRQHandler</a> from stm32f10x_it.o(.text) referenced from stm32f10x_vector.o(RESET)
 <LI><a href="#[1b]">DMA1_Channel4_IRQHandler</a> from stm32f10x_it.o(.text) referenced from stm32f10x_vector.o(RESET)
 <LI><a href="#[1c]">DMA1_Channel5_IRQHandler</a> from stm32f10x_it.o(.text) referenced from stm32f10x_vector.o(RESET)
 <LI><a href="#[1d]">DMA1_Channel6_IRQHandler</a> from stm32f10x_it.o(.text) referenced from stm32f10x_vector.o(RESET)
 <LI><a href="#[1e]">DMA1_Channel7_IRQHandler</a> from stm32f10x_it.o(.text) referenced from stm32f10x_vector.o(RESET)
 <LI><a href="#[45]">DMA2_Channel1_IRQHandler</a> from stm32f10x_it.o(.text) referenced from stm32f10x_vector.o(RESET)
 <LI><a href="#[46]">DMA2_Channel2_IRQHandler</a> from stm32f10x_it.o(.text) referenced from stm32f10x_vector.o(RESET)
 <LI><a href="#[47]">DMA2_Channel3_IRQHandler</a> from stm32f10x_it.o(.text) referenced from stm32f10x_vector.o(RESET)
 <LI><a href="#[48]">DMA2_Channel4_5_IRQHandler</a> from stm32f10x_it.o(.text) referenced from stm32f10x_vector.o(RESET)
 <LI><a href="#[a]">DebugMonitor</a> from stm32f10x_it.o(.text) referenced from stm32f10x_vector.o(RESET)
 <LI><a href="#[13]">EXTI0_IRQHandler</a> from stm32f10x_it.o(.text) referenced from stm32f10x_vector.o(RESET)
 <LI><a href="#[35]">EXTI15_10_IRQHandler</a> from stm32f10x_it.o(.text) referenced from stm32f10x_vector.o(RESET)
 <LI><a href="#[14]">EXTI1_IRQHandler</a> from stm32f10x_it.o(.text) referenced from stm32f10x_vector.o(RESET)
 <LI><a href="#[15]">EXTI2_IRQHandler</a> from stm32f10x_it.o(.text) referenced from stm32f10x_vector.o(RESET)
 <LI><a href="#[16]">EXTI3_IRQHandler</a> from stm32f10x_it.o(.text) referenced from stm32f10x_vector.o(RESET)
 <LI><a href="#[17]">EXTI4_IRQHandler</a> from stm32f10x_it.o(.text) referenced from stm32f10x_vector.o(RESET)
 <LI><a href="#[24]">EXTI9_5_IRQHandler</a> from stm32f10x_it.o(.text) referenced from stm32f10x_vector.o(RESET)
 <LI><a href="#[11]">FLASH_IRQHandler</a> from stm32f10x_it.o(.text) referenced from stm32f10x_vector.o(RESET)
 <LI><a href="#[3d]">FSMC_IRQHandler</a> from stm32f10x_it.o(.text) referenced from stm32f10x_vector.o(RESET)
 <LI><a href="#[5]">HardFaultException</a> from stm32f10x_it.o(.text) referenced from stm32f10x_vector.o(RESET)
 <LI><a href="#[2d]">I2C1_ER_IRQHandler</a> from stm32f10x_it.o(.text) referenced from stm32f10x_vector.o(RESET)
 <LI><a href="#[2c]">I2C1_EV_IRQHandler</a> from stm32f10x_it.o(.text) referenced from stm32f10x_vector.o(RESET)
 <LI><a href="#[2f]">I2C2_ER_IRQHandler</a> from stm32f10x_it.o(.text) referenced from stm32f10x_vector.o(RESET)
 <LI><a href="#[2e]">I2C2_EV_IRQHandler</a> from stm32f10x_it.o(.text) referenced from stm32f10x_vector.o(RESET)
 <LI><a href="#[6]">MemManageException</a> from stm32f10x_it.o(.text) referenced from stm32f10x_vector.o(RESET)
 <LI><a href="#[4]">NMIException</a> from stm32f10x_it.o(.text) referenced from stm32f10x_vector.o(RESET)
 <LI><a href="#[e]">PVD_IRQHandler</a> from stm32f10x_it.o(.text) referenced from stm32f10x_vector.o(RESET)
 <LI><a href="#[b]">PendSVC</a> from stm32f10x_it.o(.text) referenced from stm32f10x_vector.o(RESET)
 <LI><a href="#[12]">RCC_IRQHandler</a> from stm32f10x_it.o(.text) referenced from stm32f10x_vector.o(RESET)
 <LI><a href="#[36]">RTCAlarm_IRQHandler</a> from stm32f10x_it.o(.text) referenced from stm32f10x_vector.o(RESET)
 <LI><a href="#[10]">RTC_IRQHandler</a> from stm32f10x_it.o(.text) referenced from stm32f10x_vector.o(RESET)
 <LI><a href="#[3]">Reset_Handler</a> from stm32f10x_vector.o(.text) referenced from stm32f10x_vector.o(RESET)
 <LI><a href="#[3e]">SDIO_IRQHandler</a> from stm32f10x_it.o(.text) referenced from stm32f10x_vector.o(RESET)
 <LI><a href="#[30]">SPI1_IRQHandler</a> from stm32f10x_it.o(.text) referenced from stm32f10x_vector.o(RESET)
 <LI><a href="#[31]">SPI2_IRQHandler</a> from stm32f10x_it.o(.text) referenced from stm32f10x_vector.o(RESET)
 <LI><a href="#[40]">SPI3_IRQHandler</a> from stm32f10x_it.o(.text) referenced from stm32f10x_vector.o(RESET)
 <LI><a href="#[9]">SVCHandler</a> from stm32f10x_it.o(.text) referenced from stm32f10x_vector.o(RESET)
 <LI><a href="#[c]">SysTickHandler</a> from stm32f10x_it.o(.text) referenced from stm32f10x_vector.o(RESET)
 <LI><a href="#[f]">TAMPER_IRQHandler</a> from stm32f10x_it.o(.text) referenced from stm32f10x_vector.o(RESET)
 <LI><a href="#[25]">TIM1_BRK_IRQHandler</a> from stm32f10x_it.o(.text) referenced from stm32f10x_vector.o(RESET)
 <LI><a href="#[28]">TIM1_CC_IRQHandler</a> from stm32f10x_it.o(.text) referenced from stm32f10x_vector.o(RESET)
 <LI><a href="#[27]">TIM1_TRG_COM_IRQHandler</a> from stm32f10x_it.o(.text) referenced from stm32f10x_vector.o(RESET)
 <LI><a href="#[26]">TIM1_UP_IRQHandler</a> from stm32f10x_it.o(.text) referenced from stm32f10x_vector.o(RESET)
 <LI><a href="#[29]">TIM2_IRQHandler</a> from stm32f10x_it.o(.text) referenced from stm32f10x_vector.o(RESET)
 <LI><a href="#[2a]">TIM3_IRQHandler</a> from stm32f10x_it.o(.text) referenced from stm32f10x_vector.o(RESET)
 <LI><a href="#[2b]">TIM4_IRQHandler</a> from stm32f10x_it.o(.text) referenced from stm32f10x_vector.o(RESET)
 <LI><a href="#[3f]">TIM5_IRQHandler</a> from stm32f10x_it.o(.text) referenced from stm32f10x_vector.o(RESET)
 <LI><a href="#[43]">TIM6_IRQHandler</a> from stm32f10x_it.o(.text) referenced from stm32f10x_vector.o(RESET)
 <LI><a href="#[44]">TIM7_IRQHandler</a> from stm32f10x_it.o(.text) referenced from stm32f10x_vector.o(RESET)
 <LI><a href="#[38]">TIM8_BRK_IRQHandler</a> from stm32f10x_it.o(.text) referenced from stm32f10x_vector.o(RESET)
 <LI><a href="#[3b]">TIM8_CC_IRQHandler</a> from stm32f10x_it.o(.text) referenced from stm32f10x_vector.o(RESET)
 <LI><a href="#[3a]">TIM8_TRG_COM_IRQHandler</a> from stm32f10x_it.o(.text) referenced from stm32f10x_vector.o(RESET)
 <LI><a href="#[39]">TIM8_UP_IRQHandler</a> from stm32f10x_it.o(.text) referenced from stm32f10x_vector.o(RESET)
 <LI><a href="#[41]">UART4_IRQHandler</a> from stm32f10x_it.o(.text) referenced from stm32f10x_vector.o(RESET)
 <LI><a href="#[42]">UART5_IRQHandler</a> from stm32f10x_it.o(.text) referenced from stm32f10x_vector.o(RESET)
 <LI><a href="#[32]">USART1_IRQHandler</a> from stm32f10x_it.o(.text) referenced from stm32f10x_vector.o(RESET)
 <LI><a href="#[33]">USART2_IRQHandler</a> from stm32f10x_it.o(.text) referenced from stm32f10x_vector.o(RESET)
 <LI><a href="#[34]">USART3_IRQHandler</a> from stm32f10x_it.o(.text) referenced from stm32f10x_vector.o(RESET)
 <LI><a href="#[37]">USBWakeUp_IRQHandler</a> from stm32f10x_it.o(.text) referenced from stm32f10x_vector.o(RESET)
 <LI><a href="#[20]">USB_HP_CAN_TX_IRQHandler</a> from stm32f10x_it.o(.text) referenced from stm32f10x_vector.o(RESET)
 <LI><a href="#[21]">USB_LP_CAN_RX0_IRQHandler</a> from stm32f10x_it.o(.text) referenced from stm32f10x_vector.o(RESET)
 <LI><a href="#[8]">UsageFaultException</a> from stm32f10x_it.o(.text) referenced from stm32f10x_vector.o(RESET)
 <LI><a href="#[d]">WWDG_IRQHandler</a> from stm32f10x_it.o(.text) referenced from stm32f10x_vector.o(RESET)
 <LI><a href="#[4a]">__main</a> from __main.o(!!!main) referenced from stm32f10x_vector.o(.text)
</UL>
<P>
<H3>
Global Symbols
</H3>
<P><STRONG><a name="[4a]"></a>__main</STRONG> (Thumb, 8 bytes, Stack size 0 bytes, __main.o(!!!main))
<BR><BR>[Calls]<UL><LI><a href="#[4c]">&gt;&gt;</a>&nbsp;&nbsp;&nbsp;__rt_entry
<LI><a href="#[4b]">&gt;&gt;</a>&nbsp;&nbsp;&nbsp;__scatterload
</UL>

<P><STRONG><a name="[4b]"></a>__scatterload</STRONG> (Thumb, 0 bytes, Stack size unknown bytes, __scatter.o(!!!scatter))
<BR><BR>[Called By]<UL><LI><a href="#[4a]">&gt;&gt;</a>&nbsp;&nbsp;&nbsp;__main
</UL>

<P><STRONG><a name="[4d]"></a>__scatterload_rt2</STRONG> (Thumb, 44 bytes, Stack size unknown bytes, __scatter.o(!!!scatter), UNUSED)
<BR><BR>[Calls]<UL><LI><a href="#[4c]">&gt;&gt;</a>&nbsp;&nbsp;&nbsp;__rt_entry
</UL>

<P><STRONG><a name="[be]"></a>__scatterload_rt2_thumb_only</STRONG> (Thumb, 0 bytes, Stack size unknown bytes, __scatter.o(!!!scatter), UNUSED)

<P><STRONG><a name="[bf]"></a>__scatterload_null</STRONG> (Thumb, 0 bytes, Stack size unknown bytes, __scatter.o(!!!scatter), UNUSED)

<P><STRONG><a name="[c0]"></a>__decompress</STRONG> (Thumb, 100 bytes, Stack size unknown bytes, __dclz77c.o(!!dclz77c), UNUSED)

<P><STRONG><a name="[c1]"></a>__decompress2</STRONG> (Thumb, 0 bytes, Stack size unknown bytes, __dclz77c.o(!!dclz77c), UNUSED)

<P><STRONG><a name="[c2]"></a>__scatterload_zeroinit</STRONG> (Thumb, 28 bytes, Stack size unknown bytes, __scatter_zi.o(!!handler_zi), UNUSED)

<P><STRONG><a name="[51]"></a>__rt_lib_init</STRONG> (Thumb, 0 bytes, Stack size unknown bytes, libinit.o(.ARM.Collect$$libinit$$00000000))
<BR><BR>[Called By]<UL><LI><a href="#[50]">&gt;&gt;</a>&nbsp;&nbsp;&nbsp;__rt_entry_li
</UL>

<P><STRONG><a name="[c3]"></a>__rt_lib_init_alloca_1</STRONG> (Thumb, 0 bytes, Stack size unknown bytes, libinit2.o(.ARM.Collect$$libinit$$0000002C))

<P><STRONG><a name="[c4]"></a>__rt_lib_init_argv_1</STRONG> (Thumb, 0 bytes, Stack size unknown bytes, libinit2.o(.ARM.Collect$$libinit$$0000002A))

<P><STRONG><a name="[c5]"></a>__rt_lib_init_atexit_1</STRONG> (Thumb, 0 bytes, Stack size unknown bytes, libinit2.o(.ARM.Collect$$libinit$$00000019))

<P><STRONG><a name="[c6]"></a>__rt_lib_init_clock_1</STRONG> (Thumb, 0 bytes, Stack size unknown bytes, libinit2.o(.ARM.Collect$$libinit$$0000001F))

<P><STRONG><a name="[c7]"></a>__rt_lib_init_cpp_1</STRONG> (Thumb, 0 bytes, Stack size unknown bytes, libinit2.o(.ARM.Collect$$libinit$$00000030))

<P><STRONG><a name="[c8]"></a>__rt_lib_init_exceptions_1</STRONG> (Thumb, 0 bytes, Stack size unknown bytes, libinit2.o(.ARM.Collect$$libinit$$0000002E))

<P><STRONG><a name="[c9]"></a>__rt_lib_init_fp_1</STRONG> (Thumb, 0 bytes, Stack size unknown bytes, libinit2.o(.ARM.Collect$$libinit$$00000002))

<P><STRONG><a name="[ca]"></a>__rt_lib_init_fp_trap_1</STRONG> (Thumb, 0 bytes, Stack size unknown bytes, libinit2.o(.ARM.Collect$$libinit$$0000001D))

<P><STRONG><a name="[cb]"></a>__rt_lib_init_getenv_1</STRONG> (Thumb, 0 bytes, Stack size unknown bytes, libinit2.o(.ARM.Collect$$libinit$$00000021))

<P><STRONG><a name="[cc]"></a>__rt_lib_init_heap_1</STRONG> (Thumb, 0 bytes, Stack size unknown bytes, libinit2.o(.ARM.Collect$$libinit$$00000008))

<P><STRONG><a name="[cd]"></a>__rt_lib_init_lc_collate_1</STRONG> (Thumb, 0 bytes, Stack size unknown bytes, libinit2.o(.ARM.Collect$$libinit$$0000000F))

<P><STRONG><a name="[ce]"></a>__rt_lib_init_lc_ctype_1</STRONG> (Thumb, 0 bytes, Stack size unknown bytes, libinit2.o(.ARM.Collect$$libinit$$00000011))

<P><STRONG><a name="[cf]"></a>__rt_lib_init_lc_monetary_1</STRONG> (Thumb, 0 bytes, Stack size unknown bytes, libinit2.o(.ARM.Collect$$libinit$$00000013))

<P><STRONG><a name="[d0]"></a>__rt_lib_init_lc_numeric_1</STRONG> (Thumb, 0 bytes, Stack size unknown bytes, libinit2.o(.ARM.Collect$$libinit$$00000015))

<P><STRONG><a name="[d1]"></a>__rt_lib_init_lc_time_1</STRONG> (Thumb, 0 bytes, Stack size unknown bytes, libinit2.o(.ARM.Collect$$libinit$$00000017))

<P><STRONG><a name="[d2]"></a>__rt_lib_init_rand_1</STRONG> (Thumb, 0 bytes, Stack size unknown bytes, libinit2.o(.ARM.Collect$$libinit$$0000000C))

<P><STRONG><a name="[d3]"></a>__rt_lib_init_return</STRONG> (Thumb, 0 bytes, Stack size unknown bytes, libinit2.o(.ARM.Collect$$libinit$$00000031))

<P><STRONG><a name="[d4]"></a>__rt_lib_init_signal_1</STRONG> (Thumb, 0 bytes, Stack size unknown bytes, libinit2.o(.ARM.Collect$$libinit$$0000001B))

<P><STRONG><a name="[d5]"></a>__rt_lib_init_stdio_1</STRONG> (Thumb, 0 bytes, Stack size unknown bytes, libinit2.o(.ARM.Collect$$libinit$$00000023))

<P><STRONG><a name="[d6]"></a>__rt_lib_init_user_alloc_1</STRONG> (Thumb, 0 bytes, Stack size unknown bytes, libinit2.o(.ARM.Collect$$libinit$$0000000A))

<P><STRONG><a name="[56]"></a>__rt_lib_shutdown</STRONG> (Thumb, 0 bytes, Stack size unknown bytes, libshutdown.o(.ARM.Collect$$libshutdown$$00000000))
<BR><BR>[Called By]<UL><LI><a href="#[55]">&gt;&gt;</a>&nbsp;&nbsp;&nbsp;__rt_exit_ls
</UL>

<P><STRONG><a name="[d7]"></a>__rt_lib_shutdown_fp_trap_1</STRONG> (Thumb, 0 bytes, Stack size unknown bytes, libshutdown2.o(.ARM.Collect$$libshutdown$$00000006))

<P><STRONG><a name="[d8]"></a>__rt_lib_shutdown_heap_1</STRONG> (Thumb, 0 bytes, Stack size unknown bytes, libshutdown2.o(.ARM.Collect$$libshutdown$$0000000E))

<P><STRONG><a name="[d9]"></a>__rt_lib_shutdown_return</STRONG> (Thumb, 0 bytes, Stack size unknown bytes, libshutdown2.o(.ARM.Collect$$libshutdown$$0000000F))

<P><STRONG><a name="[da]"></a>__rt_lib_shutdown_signal_1</STRONG> (Thumb, 0 bytes, Stack size unknown bytes, libshutdown2.o(.ARM.Collect$$libshutdown$$00000009))

<P><STRONG><a name="[db]"></a>__rt_lib_shutdown_stdio_1</STRONG> (Thumb, 0 bytes, Stack size unknown bytes, libshutdown2.o(.ARM.Collect$$libshutdown$$00000003))

<P><STRONG><a name="[dc]"></a>__rt_lib_shutdown_user_alloc_1</STRONG> (Thumb, 0 bytes, Stack size unknown bytes, libshutdown2.o(.ARM.Collect$$libshutdown$$0000000B))

<P><STRONG><a name="[4c]"></a>__rt_entry</STRONG> (Thumb, 0 bytes, Stack size unknown bytes, rtentry.o(.ARM.Collect$$rtentry$$00000000))
<BR><BR>[Called By]<UL><LI><a href="#[4a]">&gt;&gt;</a>&nbsp;&nbsp;&nbsp;__main
<LI><a href="#[4d]">&gt;&gt;</a>&nbsp;&nbsp;&nbsp;__scatterload_rt2
</UL>

<P><STRONG><a name="[dd]"></a>__rt_entry_presh_1</STRONG> (Thumb, 0 bytes, Stack size unknown bytes, rtentry2.o(.ARM.Collect$$rtentry$$00000002))

<P><STRONG><a name="[4e]"></a>__rt_entry_sh</STRONG> (Thumb, 0 bytes, Stack size unknown bytes, rtentry4.o(.ARM.Collect$$rtentry$$00000004))
<BR><BR>[Stack]<UL><LI>Max Depth = 8 + Unknown Stack Size
<LI>Call Chain = __rt_entry_sh &rArr; __user_setup_stackheap
</UL>
<BR>[Calls]<UL><LI><a href="#[4f]">&gt;&gt;</a>&nbsp;&nbsp;&nbsp;__user_setup_stackheap
</UL>

<P><STRONG><a name="[50]"></a>__rt_entry_li</STRONG> (Thumb, 0 bytes, Stack size unknown bytes, rtentry2.o(.ARM.Collect$$rtentry$$0000000A))
<BR><BR>[Calls]<UL><LI><a href="#[51]">&gt;&gt;</a>&nbsp;&nbsp;&nbsp;__rt_lib_init
</UL>

<P><STRONG><a name="[de]"></a>__rt_entry_postsh_1</STRONG> (Thumb, 0 bytes, Stack size unknown bytes, rtentry2.o(.ARM.Collect$$rtentry$$00000009))

<P><STRONG><a name="[52]"></a>__rt_entry_main</STRONG> (Thumb, 0 bytes, Stack size unknown bytes, rtentry2.o(.ARM.Collect$$rtentry$$0000000D))
<BR><BR>[Stack]<UL><LI>Max Depth = 640 + Unknown Stack Size
<LI>Call Chain = __rt_entry_main &rArr; main &rArr; MSD_ReadBlock &rArr; SD_ReadBlock &rArr; SD_ReadSingleBlock &rArr; SD_BlockCommand &rArr; SD_SendCmd &rArr; SPI_SendByte
</UL>
<BR>[Calls]<UL><LI><a href="#[54]">&gt;&gt;</a>&nbsp;&nbsp;&nbsp;exit
<LI><a href="#[53]">&gt;&gt;</a>&nbsp;&nbsp;&nbsp;main
</UL>

<P><STRONG><a name="[df]"></a>__rt_entry_postli_1</STRONG> (Thumb, 0 bytes, Stack size unknown bytes, rtentry2.o(.ARM.Collect$$rtentry$$0000000C))

<P><STRONG><a name="[bd]"></a>__rt_exit</STRONG> (Thumb, 0 bytes, Stack size unknown bytes, rtexit.o(.ARM.Collect$$rtexit$$00000000))
<BR><BR>[Called By]<UL><LI><a href="#[54]">&gt;&gt;</a>&nbsp;&nbsp;&nbsp;exit
</UL>

<P><STRONG><a name="[55]"></a>__rt_exit_ls</STRONG> (Thumb, 0 bytes, Stack size unknown bytes, rtexit2.o(.ARM.Collect$$rtexit$$00000003))
<BR><BR>[Calls]<UL><LI><a href="#[56]">&gt;&gt;</a>&nbsp;&nbsp;&nbsp;__rt_lib_shutdown
</UL>

<P><STRONG><a name="[e0]"></a>__rt_exit_prels_1</STRONG> (Thumb, 0 bytes, Stack size unknown bytes, rtexit2.o(.ARM.Collect$$rtexit$$00000002))

<P><STRONG><a name="[57]"></a>__rt_exit_exit</STRONG> (Thumb, 0 bytes, Stack size unknown bytes, rtexit2.o(.ARM.Collect$$rtexit$$00000004))
<BR><BR>[Calls]<UL><LI><a href="#[58]">&gt;&gt;</a>&nbsp;&nbsp;&nbsp;_sys_exit
</UL>

<P><STRONG><a name="[65]"></a>RCC_DeInit</STRONG> (Thumb, 62 bytes, Stack size 0 bytes, stm32f10x_rcc.o(.text))
<BR><BR>[Called By]<UL><LI><a href="#[64]">&gt;&gt;</a>&nbsp;&nbsp;&nbsp;RCC_Configuration
</UL>

<P><STRONG><a name="[66]"></a>RCC_HSEConfig</STRONG> (Thumb, 70 bytes, Stack size 0 bytes, stm32f10x_rcc.o(.text))
<BR><BR>[Called By]<UL><LI><a href="#[64]">&gt;&gt;</a>&nbsp;&nbsp;&nbsp;RCC_Configuration
</UL>

<P><STRONG><a name="[5a]"></a>RCC_GetFlagStatus</STRONG> (Thumb, 56 bytes, Stack size 8 bytes, stm32f10x_rcc.o(.text))
<BR><BR>[Stack]<UL><LI>Max Depth = 8<LI>Call Chain = RCC_GetFlagStatus
</UL>
<BR>[Called By]<UL><LI><a href="#[64]">&gt;&gt;</a>&nbsp;&nbsp;&nbsp;RCC_Configuration
<LI><a href="#[59]">&gt;&gt;</a>&nbsp;&nbsp;&nbsp;RCC_WaitForHSEStartUp
</UL>

<P><STRONG><a name="[59]"></a>RCC_WaitForHSEStartUp</STRONG> (Thumb, 54 bytes, Stack size 16 bytes, stm32f10x_rcc.o(.text))
<BR><BR>[Stack]<UL><LI>Max Depth = 24<LI>Call Chain = RCC_WaitForHSEStartUp &rArr; RCC_GetFlagStatus
</UL>
<BR>[Calls]<UL><LI><a href="#[5a]">&gt;&gt;</a>&nbsp;&nbsp;&nbsp;RCC_GetFlagStatus
</UL>
<BR>[Called By]<UL><LI><a href="#[64]">&gt;&gt;</a>&nbsp;&nbsp;&nbsp;RCC_Configuration
</UL>

<P><STRONG><a name="[e1]"></a>RCC_AdjustHSICalibrationValue</STRONG> (Thumb, 20 bytes, Stack size 0 bytes, stm32f10x_rcc.o(.text), UNUSED)

<P><STRONG><a name="[e2]"></a>RCC_HSICmd</STRONG> (Thumb, 6 bytes, Stack size 0 bytes, stm32f10x_rcc.o(.text), UNUSED)

<P><STRONG><a name="[6c]"></a>RCC_PLLConfig</STRONG> (Thumb, 24 bytes, Stack size 0 bytes, stm32f10x_rcc.o(.text))
<BR><BR>[Called By]<UL><LI><a href="#[64]">&gt;&gt;</a>&nbsp;&nbsp;&nbsp;RCC_Configuration
</UL>

<P><STRONG><a name="[6d]"></a>RCC_PLLCmd</STRONG> (Thumb, 6 bytes, Stack size 0 bytes, stm32f10x_rcc.o(.text))
<BR><BR>[Called By]<UL><LI><a href="#[64]">&gt;&gt;</a>&nbsp;&nbsp;&nbsp;RCC_Configuration
</UL>

<P><STRONG><a name="[6e]"></a>RCC_SYSCLKConfig</STRONG> (Thumb, 18 bytes, Stack size 0 bytes, stm32f10x_rcc.o(.text))
<BR><BR>[Called By]<UL><LI><a href="#[64]">&gt;&gt;</a>&nbsp;&nbsp;&nbsp;RCC_Configuration
</UL>

<P><STRONG><a name="[6f]"></a>RCC_GetSYSCLKSource</STRONG> (Thumb, 10 bytes, Stack size 0 bytes, stm32f10x_rcc.o(.text))
<BR><BR>[Called By]<UL><LI><a href="#[64]">&gt;&gt;</a>&nbsp;&nbsp;&nbsp;RCC_Configuration
</UL>

<P><STRONG><a name="[69]"></a>RCC_HCLKConfig</STRONG> (Thumb, 18 bytes, Stack size 0 bytes, stm32f10x_rcc.o(.text))
<BR><BR>[Called By]<UL><LI><a href="#[64]">&gt;&gt;</a>&nbsp;&nbsp;&nbsp;RCC_Configuration
</UL>

<P><STRONG><a name="[6b]"></a>RCC_PCLK1Config</STRONG> (Thumb, 18 bytes, Stack size 0 bytes, stm32f10x_rcc.o(.text))
<BR><BR>[Called By]<UL><LI><a href="#[64]">&gt;&gt;</a>&nbsp;&nbsp;&nbsp;RCC_Configuration
</UL>

<P><STRONG><a name="[6a]"></a>RCC_PCLK2Config</STRONG> (Thumb, 20 bytes, Stack size 0 bytes, stm32f10x_rcc.o(.text))
<BR><BR>[Called By]<UL><LI><a href="#[64]">&gt;&gt;</a>&nbsp;&nbsp;&nbsp;RCC_Configuration
</UL>

<P><STRONG><a name="[e3]"></a>RCC_ITConfig</STRONG> (Thumb, 26 bytes, Stack size 0 bytes, stm32f10x_rcc.o(.text), UNUSED)

<P><STRONG><a name="[e4]"></a>RCC_USBCLKConfig</STRONG> (Thumb, 6 bytes, Stack size 0 bytes, stm32f10x_rcc.o(.text), UNUSED)

<P><STRONG><a name="[e5]"></a>RCC_ADCCLKConfig</STRONG> (Thumb, 18 bytes, Stack size 0 bytes, stm32f10x_rcc.o(.text), UNUSED)

<P><STRONG><a name="[e6]"></a>RCC_LSEConfig</STRONG> (Thumb, 44 bytes, Stack size 0 bytes, stm32f10x_rcc.o(.text), UNUSED)

<P><STRONG><a name="[e7]"></a>RCC_LSICmd</STRONG> (Thumb, 6 bytes, Stack size 0 bytes, stm32f10x_rcc.o(.text), UNUSED)

<P><STRONG><a name="[e8]"></a>RCC_RTCCLKConfig</STRONG> (Thumb, 12 bytes, Stack size 0 bytes, stm32f10x_rcc.o(.text), UNUSED)

<P><STRONG><a name="[e9]"></a>RCC_RTCCLKCmd</STRONG> (Thumb, 8 bytes, Stack size 0 bytes, stm32f10x_rcc.o(.text), UNUSED)

<P><STRONG><a name="[5f]"></a>RCC_GetClocksFreq</STRONG> (Thumb, 192 bytes, Stack size 12 bytes, stm32f10x_rcc.o(.text))
<BR><BR>[Stack]<UL><LI>Max Depth = 12<LI>Call Chain = RCC_GetClocksFreq
</UL>
<BR>[Called By]<UL><LI><a href="#[61]">&gt;&gt;</a>&nbsp;&nbsp;&nbsp;USART_Init
<LI><a href="#[5e]">&gt;&gt;</a>&nbsp;&nbsp;&nbsp;I2S_Init
</UL>

<P><STRONG><a name="[ea]"></a>RCC_AHBPeriphClockCmd</STRONG> (Thumb, 26 bytes, Stack size 0 bytes, stm32f10x_rcc.o(.text), UNUSED)

<P><STRONG><a name="[70]"></a>RCC_APB2PeriphClockCmd</STRONG> (Thumb, 26 bytes, Stack size 0 bytes, stm32f10x_rcc.o(.text))
<BR><BR>[Called By]<UL><LI><a href="#[b0]">&gt;&gt;</a>&nbsp;&nbsp;&nbsp;SPI_Config
<LI><a href="#[64]">&gt;&gt;</a>&nbsp;&nbsp;&nbsp;RCC_Configuration
</UL>

<P><STRONG><a name="[71]"></a>RCC_APB1PeriphClockCmd</STRONG> (Thumb, 26 bytes, Stack size 0 bytes, stm32f10x_rcc.o(.text))
<BR><BR>[Called By]<UL><LI><a href="#[64]">&gt;&gt;</a>&nbsp;&nbsp;&nbsp;RCC_Configuration
</UL>

<P><STRONG><a name="[5c]"></a>RCC_APB2PeriphResetCmd</STRONG> (Thumb, 26 bytes, Stack size 0 bytes, stm32f10x_rcc.o(.text), UNUSED)
<BR><BR>[Called By]<UL><LI><a href="#[63]">&gt;&gt;</a>&nbsp;&nbsp;&nbsp;GPIO_AFIODeInit
<LI><a href="#[62]">&gt;&gt;</a>&nbsp;&nbsp;&nbsp;GPIO_DeInit
<LI><a href="#[60]">&gt;&gt;</a>&nbsp;&nbsp;&nbsp;USART_DeInit
<LI><a href="#[5b]">&gt;&gt;</a>&nbsp;&nbsp;&nbsp;SPI_I2S_DeInit
</UL>

<P><STRONG><a name="[5d]"></a>RCC_APB1PeriphResetCmd</STRONG> (Thumb, 26 bytes, Stack size 0 bytes, stm32f10x_rcc.o(.text), UNUSED)
<BR><BR>[Called By]<UL><LI><a href="#[60]">&gt;&gt;</a>&nbsp;&nbsp;&nbsp;USART_DeInit
<LI><a href="#[5b]">&gt;&gt;</a>&nbsp;&nbsp;&nbsp;SPI_I2S_DeInit
</UL>

<P><STRONG><a name="[eb]"></a>RCC_BackupResetCmd</STRONG> (Thumb, 8 bytes, Stack size 0 bytes, stm32f10x_rcc.o(.text), UNUSED)

<P><STRONG><a name="[ec]"></a>RCC_ClockSecuritySystemCmd</STRONG> (Thumb, 6 bytes, Stack size 0 bytes, stm32f10x_rcc.o(.text), UNUSED)

<P><STRONG><a name="[ed]"></a>RCC_MCOConfig</STRONG> (Thumb, 6 bytes, Stack size 0 bytes, stm32f10x_rcc.o(.text), UNUSED)

<P><STRONG><a name="[ee]"></a>RCC_ClearFlag</STRONG> (Thumb, 14 bytes, Stack size 0 bytes, stm32f10x_rcc.o(.text), UNUSED)

<P><STRONG><a name="[ef]"></a>RCC_GetITStatus</STRONG> (Thumb, 20 bytes, Stack size 0 bytes, stm32f10x_rcc.o(.text), UNUSED)

<P><STRONG><a name="[f0]"></a>RCC_ClearITPendingBit</STRONG> (Thumb, 6 bytes, Stack size 0 bytes, stm32f10x_rcc.o(.text), UNUSED)

<P><STRONG><a name="[5b]"></a>SPI_I2S_DeInit</STRONG> (Thumb, 88 bytes, Stack size 8 bytes, stm32f10x_spi.o(.text), UNUSED)
<BR><BR>[Calls]<UL><LI><a href="#[5d]">&gt;&gt;</a>&nbsp;&nbsp;&nbsp;RCC_APB1PeriphResetCmd
<LI><a href="#[5c]">&gt;&gt;</a>&nbsp;&nbsp;&nbsp;RCC_APB2PeriphResetCmd
</UL>

<P><STRONG><a name="[75]"></a>SPI_Init</STRONG> (Thumb, 60 bytes, Stack size 8 bytes, stm32f10x_spi.o(.text))
<BR><BR>[Stack]<UL><LI>Max Depth = 8<LI>Call Chain = SPI_Init
</UL>
<BR>[Called By]<UL><LI><a href="#[b2]">&gt;&gt;</a>&nbsp;&nbsp;&nbsp;SPI_Clk400k
<LI><a href="#[b0]">&gt;&gt;</a>&nbsp;&nbsp;&nbsp;SPI_Config
<LI><a href="#[a8]">&gt;&gt;</a>&nbsp;&nbsp;&nbsp;SPI_ClkToMax
<LI><a href="#[74]">&gt;&gt;</a>&nbsp;&nbsp;&nbsp;SPI_Configuration
</UL>

<P><STRONG><a name="[5e]"></a>I2S_Init</STRONG> (Thumb, 210 bytes, Stack size 56 bytes, stm32f10x_spi.o(.text), UNUSED)
<BR><BR>[Calls]<UL><LI><a href="#[5f]">&gt;&gt;</a>&nbsp;&nbsp;&nbsp;RCC_GetClocksFreq
</UL>

<P><STRONG><a name="[f1]"></a>SPI_StructInit</STRONG> (Thumb, 24 bytes, Stack size 0 bytes, stm32f10x_spi.o(.text), UNUSED)

<P><STRONG><a name="[f2]"></a>I2S_StructInit</STRONG> (Thumb, 20 bytes, Stack size 0 bytes, stm32f10x_spi.o(.text), UNUSED)

<P><STRONG><a name="[76]"></a>SPI_Cmd</STRONG> (Thumb, 24 bytes, Stack size 0 bytes, stm32f10x_spi.o(.text))
<BR><BR>[Called By]<UL><LI><a href="#[b2]">&gt;&gt;</a>&nbsp;&nbsp;&nbsp;SPI_Clk400k
<LI><a href="#[b0]">&gt;&gt;</a>&nbsp;&nbsp;&nbsp;SPI_Config
<LI><a href="#[74]">&gt;&gt;</a>&nbsp;&nbsp;&nbsp;SPI_Configuration
</UL>

<P><STRONG><a name="[f3]"></a>I2S_Cmd</STRONG> (Thumb, 24 bytes, Stack size 0 bytes, stm32f10x_spi.o(.text), UNUSED)

<P><STRONG><a name="[f4]"></a>SPI_I2S_ITConfig</STRONG> (Thumb, 32 bytes, Stack size 12 bytes, stm32f10x_spi.o(.text), UNUSED)

<P><STRONG><a name="[f5]"></a>SPI_I2S_DMACmd</STRONG> (Thumb, 18 bytes, Stack size 0 bytes, stm32f10x_spi.o(.text), UNUSED)

<P><STRONG><a name="[b4]"></a>SPI_I2S_SendData</STRONG> (Thumb, 4 bytes, Stack size 0 bytes, stm32f10x_spi.o(.text))
<BR><BR>[Called By]<UL><LI><a href="#[87]">&gt;&gt;</a>&nbsp;&nbsp;&nbsp;SPI_SendByte
<LI><a href="#[89]">&gt;&gt;</a>&nbsp;&nbsp;&nbsp;SPI_RecByte
</UL>

<P><STRONG><a name="[b5]"></a>SPI_I2S_ReceiveData</STRONG> (Thumb, 6 bytes, Stack size 0 bytes, stm32f10x_spi.o(.text))
<BR><BR>[Called By]<UL><LI><a href="#[89]">&gt;&gt;</a>&nbsp;&nbsp;&nbsp;SPI_RecByte
</UL>

<P><STRONG><a name="[f6]"></a>SPI_NSSInternalSoftwareConfig</STRONG> (Thumb, 30 bytes, Stack size 0 bytes, stm32f10x_spi.o(.text), UNUSED)

<P><STRONG><a name="[f7]"></a>SPI_SSOutputCmd</STRONG> (Thumb, 24 bytes, Stack size 0 bytes, stm32f10x_spi.o(.text), UNUSED)

<P><STRONG><a name="[f8]"></a>SPI_DataSizeConfig</STRONG> (Thumb, 18 bytes, Stack size 0 bytes, stm32f10x_spi.o(.text), UNUSED)

<P><STRONG><a name="[f9]"></a>SPI_TransmitCRC</STRONG> (Thumb, 10 bytes, Stack size 0 bytes, stm32f10x_spi.o(.text), UNUSED)

<P><STRONG><a name="[fa]"></a>SPI_CalculateCRC</STRONG> (Thumb, 24 bytes, Stack size 0 bytes, stm32f10x_spi.o(.text), UNUSED)

<P><STRONG><a name="[fb]"></a>SPI_GetCRC</STRONG> (Thumb, 16 bytes, Stack size 0 bytes, stm32f10x_spi.o(.text), UNUSED)

<P><STRONG><a name="[fc]"></a>SPI_GetCRCPolynomial</STRONG> (Thumb, 6 bytes, Stack size 0 bytes, stm32f10x_spi.o(.text), UNUSED)

<P><STRONG><a name="[fd]"></a>SPI_BiDirectionalLineConfig</STRONG> (Thumb, 28 bytes, Stack size 0 bytes, stm32f10x_spi.o(.text), UNUSED)

<P><STRONG><a name="[b3]"></a>SPI_I2S_GetFlagStatus</STRONG> (Thumb, 18 bytes, Stack size 0 bytes, stm32f10x_spi.o(.text))
<BR><BR>[Called By]<UL><LI><a href="#[87]">&gt;&gt;</a>&nbsp;&nbsp;&nbsp;SPI_SendByte
<LI><a href="#[89]">&gt;&gt;</a>&nbsp;&nbsp;&nbsp;SPI_RecByte
</UL>

<P><STRONG><a name="[fe]"></a>SPI_I2S_ClearFlag</STRONG> (Thumb, 6 bytes, Stack size 0 bytes, stm32f10x_spi.o(.text), UNUSED)

<P><STRONG><a name="[ff]"></a>SPI_I2S_GetITStatus</STRONG> (Thumb, 52 bytes, Stack size 20 bytes, stm32f10x_spi.o(.text), UNUSED)

<P><STRONG><a name="[100]"></a>SPI_I2S_ClearITPendingBit</STRONG> (Thumb, 20 bytes, Stack size 8 bytes, stm32f10x_spi.o(.text), UNUSED)

<P><STRONG><a name="[60]"></a>USART_DeInit</STRONG> (Thumb, 146 bytes, Stack size 8 bytes, stm32f10x_usart.o(.text), UNUSED)
<BR><BR>[Calls]<UL><LI><a href="#[5d]">&gt;&gt;</a>&nbsp;&nbsp;&nbsp;RCC_APB1PeriphResetCmd
<LI><a href="#[5c]">&gt;&gt;</a>&nbsp;&nbsp;&nbsp;RCC_APB2PeriphResetCmd
</UL>

<P><STRONG><a name="[61]"></a>USART_Init</STRONG> (Thumb, 150 bytes, Stack size 56 bytes, stm32f10x_usart.o(.text))
<BR><BR>[Stack]<UL><LI>Max Depth = 68<LI>Call Chain = USART_Init &rArr; RCC_GetClocksFreq
</UL>
<BR>[Calls]<UL><LI><a href="#[5f]">&gt;&gt;</a>&nbsp;&nbsp;&nbsp;RCC_GetClocksFreq
</UL>
<BR>[Called By]<UL><LI><a href="#[77]">&gt;&gt;</a>&nbsp;&nbsp;&nbsp;USART_Configuration
</UL>

<P><STRONG><a name="[101]"></a>USART_StructInit</STRONG> (Thumb, 24 bytes, Stack size 0 bytes, stm32f10x_usart.o(.text), UNUSED)

<P><STRONG><a name="[102]"></a>USART_ClockInit</STRONG> (Thumb, 34 bytes, Stack size 8 bytes, stm32f10x_usart.o(.text), UNUSED)

<P><STRONG><a name="[103]"></a>USART_ClockStructInit</STRONG> (Thumb, 12 bytes, Stack size 0 bytes, stm32f10x_usart.o(.text), UNUSED)

<P><STRONG><a name="[78]"></a>USART_Cmd</STRONG> (Thumb, 24 bytes, Stack size 0 bytes, stm32f10x_usart.o(.text))
<BR><BR>[Called By]<UL><LI><a href="#[77]">&gt;&gt;</a>&nbsp;&nbsp;&nbsp;USART_Configuration
</UL>

<P><STRONG><a name="[104]"></a>USART_ITConfig</STRONG> (Thumb, 64 bytes, Stack size 20 bytes, stm32f10x_usart.o(.text), UNUSED)

<P><STRONG><a name="[105]"></a>USART_DMACmd</STRONG> (Thumb, 18 bytes, Stack size 0 bytes, stm32f10x_usart.o(.text), UNUSED)

<P><STRONG><a name="[106]"></a>USART_SetAddress</STRONG> (Thumb, 18 bytes, Stack size 0 bytes, stm32f10x_usart.o(.text), UNUSED)

<P><STRONG><a name="[107]"></a>USART_WakeUpConfig</STRONG> (Thumb, 18 bytes, Stack size 0 bytes, stm32f10x_usart.o(.text), UNUSED)

<P><STRONG><a name="[108]"></a>USART_ReceiverWakeUpCmd</STRONG> (Thumb, 24 bytes, Stack size 0 bytes, stm32f10x_usart.o(.text), UNUSED)

<P><STRONG><a name="[109]"></a>USART_LINBreakDetectLengthConfig</STRONG> (Thumb, 18 bytes, Stack size 0 bytes, stm32f10x_usart.o(.text), UNUSED)

<P><STRONG><a name="[10a]"></a>USART_LINCmd</STRONG> (Thumb, 24 bytes, Stack size 0 bytes, stm32f10x_usart.o(.text), UNUSED)

<P><STRONG><a name="[7f]"></a>USART_SendData</STRONG> (Thumb, 8 bytes, Stack size 0 bytes, stm32f10x_usart.o(.text))
<BR><BR>[Called By]<UL><LI><a href="#[53]">&gt;&gt;</a>&nbsp;&nbsp;&nbsp;main
</UL>

<P><STRONG><a name="[82]"></a>USART_ReceiveData</STRONG> (Thumb, 10 bytes, Stack size 0 bytes, stm32f10x_usart.o(.text))
<BR><BR>[Called By]<UL><LI><a href="#[53]">&gt;&gt;</a>&nbsp;&nbsp;&nbsp;main
</UL>

<P><STRONG><a name="[10b]"></a>USART_SendBreak</STRONG> (Thumb, 10 bytes, Stack size 0 bytes, stm32f10x_usart.o(.text), UNUSED)

<P><STRONG><a name="[10c]"></a>USART_SetGuardTime</STRONG> (Thumb, 16 bytes, Stack size 0 bytes, stm32f10x_usart.o(.text), UNUSED)

<P><STRONG><a name="[10d]"></a>USART_SetPrescaler</STRONG> (Thumb, 16 bytes, Stack size 0 bytes, stm32f10x_usart.o(.text), UNUSED)

<P><STRONG><a name="[10e]"></a>USART_SmartCardCmd</STRONG> (Thumb, 24 bytes, Stack size 0 bytes, stm32f10x_usart.o(.text), UNUSED)

<P><STRONG><a name="[10f]"></a>USART_SmartCardNACKCmd</STRONG> (Thumb, 24 bytes, Stack size 0 bytes, stm32f10x_usart.o(.text), UNUSED)

<P><STRONG><a name="[110]"></a>USART_HalfDuplexCmd</STRONG> (Thumb, 24 bytes, Stack size 0 bytes, stm32f10x_usart.o(.text), UNUSED)

<P><STRONG><a name="[111]"></a>USART_IrDAConfig</STRONG> (Thumb, 18 bytes, Stack size 0 bytes, stm32f10x_usart.o(.text), UNUSED)

<P><STRONG><a name="[112]"></a>USART_IrDACmd</STRONG> (Thumb, 24 bytes, Stack size 0 bytes, stm32f10x_usart.o(.text), UNUSED)

<P><STRONG><a name="[80]"></a>USART_GetFlagStatus</STRONG> (Thumb, 18 bytes, Stack size 0 bytes, stm32f10x_usart.o(.text))
<BR><BR>[Called By]<UL><LI><a href="#[53]">&gt;&gt;</a>&nbsp;&nbsp;&nbsp;main
</UL>

<P><STRONG><a name="[113]"></a>USART_ClearFlag</STRONG> (Thumb, 6 bytes, Stack size 0 bytes, stm32f10x_usart.o(.text), UNUSED)

<P><STRONG><a name="[114]"></a>USART_GetITStatus</STRONG> (Thumb, 76 bytes, Stack size 16 bytes, stm32f10x_usart.o(.text), UNUSED)

<P><STRONG><a name="[115]"></a>USART_ClearITPendingBit</STRONG> (Thumb, 20 bytes, Stack size 8 bytes, stm32f10x_usart.o(.text), UNUSED)

<P><STRONG><a name="[68]"></a>FLASH_SetLatency</STRONG> (Thumb, 22 bytes, Stack size 0 bytes, stm32f10x_flash.o(.text))
<BR><BR>[Called By]<UL><LI><a href="#[64]">&gt;&gt;</a>&nbsp;&nbsp;&nbsp;RCC_Configuration
</UL>

<P><STRONG><a name="[116]"></a>FLASH_HalfCycleAccessCmd</STRONG> (Thumb, 22 bytes, Stack size 0 bytes, stm32f10x_flash.o(.text), UNUSED)

<P><STRONG><a name="[67]"></a>FLASH_PrefetchBufferCmd</STRONG> (Thumb, 22 bytes, Stack size 0 bytes, stm32f10x_flash.o(.text))
<BR><BR>[Called By]<UL><LI><a href="#[64]">&gt;&gt;</a>&nbsp;&nbsp;&nbsp;RCC_Configuration
</UL>

<P><STRONG><a name="[62]"></a>GPIO_DeInit</STRONG> (Thumb, 188 bytes, Stack size 8 bytes, stm32f10x_gpio.o(.text), UNUSED)
<BR><BR>[Calls]<UL><LI><a href="#[5c]">&gt;&gt;</a>&nbsp;&nbsp;&nbsp;RCC_APB2PeriphResetCmd
</UL>

<P><STRONG><a name="[63]"></a>GPIO_AFIODeInit</STRONG> (Thumb, 20 bytes, Stack size 8 bytes, stm32f10x_gpio.o(.text), UNUSED)
<BR><BR>[Calls]<UL><LI><a href="#[5c]">&gt;&gt;</a>&nbsp;&nbsp;&nbsp;RCC_APB2PeriphResetCmd
</UL>

<P><STRONG><a name="[73]"></a>GPIO_Init</STRONG> (Thumb, 274 bytes, Stack size 24 bytes, stm32f10x_gpio.o(.text))
<BR><BR>[Stack]<UL><LI>Max Depth = 24<LI>Call Chain = GPIO_Init
</UL>
<BR>[Called By]<UL><LI><a href="#[b0]">&gt;&gt;</a>&nbsp;&nbsp;&nbsp;SPI_Config
<LI><a href="#[72]">&gt;&gt;</a>&nbsp;&nbsp;&nbsp;GPIO_Configuration
</UL>

<P><STRONG><a name="[117]"></a>GPIO_StructInit</STRONG> (Thumb, 16 bytes, Stack size 0 bytes, stm32f10x_gpio.o(.text), UNUSED)

<P><STRONG><a name="[118]"></a>GPIO_ReadInputDataBit</STRONG> (Thumb, 18 bytes, Stack size 0 bytes, stm32f10x_gpio.o(.text), UNUSED)

<P><STRONG><a name="[119]"></a>GPIO_ReadInputData</STRONG> (Thumb, 8 bytes, Stack size 0 bytes, stm32f10x_gpio.o(.text), UNUSED)

<P><STRONG><a name="[11a]"></a>GPIO_ReadOutputDataBit</STRONG> (Thumb, 18 bytes, Stack size 0 bytes, stm32f10x_gpio.o(.text), UNUSED)

<P><STRONG><a name="[11b]"></a>GPIO_ReadOutputData</STRONG> (Thumb, 8 bytes, Stack size 0 bytes, stm32f10x_gpio.o(.text), UNUSED)

<P><STRONG><a name="[b1]"></a>GPIO_SetBits</STRONG> (Thumb, 4 bytes, Stack size 0 bytes, stm32f10x_gpio.o(.text))
<BR><BR>[Called By]<UL><LI><a href="#[a5]">&gt;&gt;</a>&nbsp;&nbsp;&nbsp;SD_HardWareInit
<LI><a href="#[88]">&gt;&gt;</a>&nbsp;&nbsp;&nbsp;SPI_CS_Deassert
</UL>

<P><STRONG><a name="[b6]"></a>GPIO_ResetBits</STRONG> (Thumb, 4 bytes, Stack size 0 bytes, stm32f10x_gpio.o(.text))
<BR><BR>[Called By]<UL><LI><a href="#[86]">&gt;&gt;</a>&nbsp;&nbsp;&nbsp;SPI_CS_Assert
</UL>

<P><STRONG><a name="[11c]"></a>GPIO_WriteBit</STRONG> (Thumb, 10 bytes, Stack size 0 bytes, stm32f10x_gpio.o(.text), UNUSED)

<P><STRONG><a name="[11d]"></a>GPIO_Write</STRONG> (Thumb, 4 bytes, Stack size 0 bytes, stm32f10x_gpio.o(.text), UNUSED)

<P><STRONG><a name="[11e]"></a>GPIO_PinLockConfig</STRONG> (Thumb, 18 bytes, Stack size 0 bytes, stm32f10x_gpio.o(.text), UNUSED)

<P><STRONG><a name="[11f]"></a>GPIO_EventOutputConfig</STRONG> (Thumb, 26 bytes, Stack size 0 bytes, stm32f10x_gpio.o(.text), UNUSED)

<P><STRONG><a name="[120]"></a>GPIO_EventOutputCmd</STRONG> (Thumb, 6 bytes, Stack size 0 bytes, stm32f10x_gpio.o(.text), UNUSED)

<P><STRONG><a name="[121]"></a>GPIO_PinRemapConfig</STRONG> (Thumb, 106 bytes, Stack size 20 bytes, stm32f10x_gpio.o(.text), UNUSED)

<P><STRONG><a name="[122]"></a>GPIO_EXTILineConfig</STRONG> (Thumb, 66 bytes, Stack size 12 bytes, stm32f10x_gpio.o(.text), UNUSED)

<P><STRONG><a name="[7b]"></a>SysTick_CLKSourceConfig</STRONG> (Thumb, 40 bytes, Stack size 0 bytes, stm32f10x_systick.o(.text))
<BR><BR>[Called By]<UL><LI><a href="#[79]">&gt;&gt;</a>&nbsp;&nbsp;&nbsp;Systick_Configuration
</UL>

<P><STRONG><a name="[7c]"></a>SysTick_SetReload</STRONG> (Thumb, 8 bytes, Stack size 0 bytes, stm32f10x_systick.o(.text))
<BR><BR>[Called By]<UL><LI><a href="#[79]">&gt;&gt;</a>&nbsp;&nbsp;&nbsp;Systick_Configuration
</UL>

<P><STRONG><a name="[7a]"></a>SysTick_CounterCmd</STRONG> (Thumb, 54 bytes, Stack size 0 bytes, stm32f10x_systick.o(.text))
<BR><BR>[Called By]<UL><LI><a href="#[7d]">&gt;&gt;</a>&nbsp;&nbsp;&nbsp;delay
<LI><a href="#[79]">&gt;&gt;</a>&nbsp;&nbsp;&nbsp;Systick_Configuration
</UL>

<P><STRONG><a name="[123]"></a>SysTick_ITConfig</STRONG> (Thumb, 38 bytes, Stack size 0 bytes, stm32f10x_systick.o(.text), UNUSED)

<P><STRONG><a name="[124]"></a>SysTick_GetCounter</STRONG> (Thumb, 8 bytes, Stack size 0 bytes, stm32f10x_systick.o(.text), UNUSED)

<P><STRONG><a name="[7e]"></a>SysTick_GetFlagStatus</STRONG> (Thumb, 46 bytes, Stack size 8 bytes, stm32f10x_systick.o(.text))
<BR><BR>[Stack]<UL><LI>Max Depth = 8<LI>Call Chain = SysTick_GetFlagStatus
</UL>
<BR>[Called By]<UL><LI><a href="#[7d]">&gt;&gt;</a>&nbsp;&nbsp;&nbsp;delay
</UL>

<P><STRONG><a name="[4]"></a>NMIException</STRONG> (Thumb, 2 bytes, Stack size 0 bytes, stm32f10x_it.o(.text))
<BR>[Address Reference Count : 1]<UL><LI> stm32f10x_vector.o(RESET)
</UL>
<P><STRONG><a name="[5]"></a>HardFaultException</STRONG> (Thumb, 4 bytes, Stack size 0 bytes, stm32f10x_it.o(.text))
<BR>[Address Reference Count : 1]<UL><LI> stm32f10x_vector.o(RESET)
</UL>
<P><STRONG><a name="[6]"></a>MemManageException</STRONG> (Thumb, 4 bytes, Stack size 0 bytes, stm32f10x_it.o(.text))
<BR>[Address Reference Count : 1]<UL><LI> stm32f10x_vector.o(RESET)
</UL>
<P><STRONG><a name="[7]"></a>BusFaultException</STRONG> (Thumb, 4 bytes, Stack size 0 bytes, stm32f10x_it.o(.text))
<BR>[Address Reference Count : 1]<UL><LI> stm32f10x_vector.o(RESET)
</UL>
<P><STRONG><a name="[8]"></a>UsageFaultException</STRONG> (Thumb, 4 bytes, Stack size 0 bytes, stm32f10x_it.o(.text))
<BR>[Address Reference Count : 1]<UL><LI> stm32f10x_vector.o(RESET)
</UL>
<P><STRONG><a name="[a]"></a>DebugMonitor</STRONG> (Thumb, 2 bytes, Stack size 0 bytes, stm32f10x_it.o(.text))
<BR>[Address Reference Count : 1]<UL><LI> stm32f10x_vector.o(RESET)
</UL>
<P><STRONG><a name="[9]"></a>SVCHandler</STRONG> (Thumb, 2 bytes, Stack size 0 bytes, stm32f10x_it.o(.text))
<BR>[Address Reference Count : 1]<UL><LI> stm32f10x_vector.o(RESET)
</UL>
<P><STRONG><a name="[b]"></a>PendSVC</STRONG> (Thumb, 2 bytes, Stack size 0 bytes, stm32f10x_it.o(.text))
<BR>[Address Reference Count : 1]<UL><LI> stm32f10x_vector.o(RESET)
</UL>
<P><STRONG><a name="[c]"></a>SysTickHandler</STRONG> (Thumb, 2 bytes, Stack size 0 bytes, stm32f10x_it.o(.text))
<BR>[Address Reference Count : 1]<UL><LI> stm32f10x_vector.o(RESET)
</UL>
<P><STRONG><a name="[d]"></a>WWDG_IRQHandler</STRONG> (Thumb, 2 bytes, Stack size 0 bytes, stm32f10x_it.o(.text))
<BR>[Address Reference Count : 1]<UL><LI> stm32f10x_vector.o(RESET)
</UL>
<P><STRONG><a name="[e]"></a>PVD_IRQHandler</STRONG> (Thumb, 2 bytes, Stack size 0 bytes, stm32f10x_it.o(.text))
<BR>[Address Reference Count : 1]<UL><LI> stm32f10x_vector.o(RESET)
</UL>
<P><STRONG><a name="[f]"></a>TAMPER_IRQHandler</STRONG> (Thumb, 2 bytes, Stack size 0 bytes, stm32f10x_it.o(.text))
<BR>[Address Reference Count : 1]<UL><LI> stm32f10x_vector.o(RESET)
</UL>
<P><STRONG><a name="[10]"></a>RTC_IRQHandler</STRONG> (Thumb, 2 bytes, Stack size 0 bytes, stm32f10x_it.o(.text))
<BR>[Address Reference Count : 1]<UL><LI> stm32f10x_vector.o(RESET)
</UL>
<P><STRONG><a name="[11]"></a>FLASH_IRQHandler</STRONG> (Thumb, 2 bytes, Stack size 0 bytes, stm32f10x_it.o(.text))
<BR>[Address Reference Count : 1]<UL><LI> stm32f10x_vector.o(RESET)
</UL>
<P><STRONG><a name="[12]"></a>RCC_IRQHandler</STRONG> (Thumb, 2 bytes, Stack size 0 bytes, stm32f10x_it.o(.text))
<BR>[Address Reference Count : 1]<UL><LI> stm32f10x_vector.o(RESET)
</UL>
<P><STRONG><a name="[13]"></a>EXTI0_IRQHandler</STRONG> (Thumb, 2 bytes, Stack size 0 bytes, stm32f10x_it.o(.text))
<BR>[Address Reference Count : 1]<UL><LI> stm32f10x_vector.o(RESET)
</UL>
<P><STRONG><a name="[14]"></a>EXTI1_IRQHandler</STRONG> (Thumb, 2 bytes, Stack size 0 bytes, stm32f10x_it.o(.text))
<BR>[Address Reference Count : 1]<UL><LI> stm32f10x_vector.o(RESET)
</UL>
<P><STRONG><a name="[15]"></a>EXTI2_IRQHandler</STRONG> (Thumb, 2 bytes, Stack size 0 bytes, stm32f10x_it.o(.text))
<BR>[Address Reference Count : 1]<UL><LI> stm32f10x_vector.o(RESET)
</UL>
<P><STRONG><a name="[16]"></a>EXTI3_IRQHandler</STRONG> (Thumb, 2 bytes, Stack size 0 bytes, stm32f10x_it.o(.text))
<BR>[Address Reference Count : 1]<UL><LI> stm32f10x_vector.o(RESET)
</UL>
<P><STRONG><a name="[17]"></a>EXTI4_IRQHandler</STRONG> (Thumb, 2 bytes, Stack size 0 bytes, stm32f10x_it.o(.text))
<BR>[Address Reference Count : 1]<UL><LI> stm32f10x_vector.o(RESET)
</UL>
<P><STRONG><a name="[18]"></a>DMA1_Channel1_IRQHandler</STRONG> (Thumb, 2 bytes, Stack size 0 bytes, stm32f10x_it.o(.text))
<BR>[Address Reference Count : 1]<UL><LI> stm32f10x_vector.o(RESET)
</UL>
<P><STRONG><a name="[19]"></a>DMA1_Channel2_IRQHandler</STRONG> (Thumb, 2 bytes, Stack size 0 bytes, stm32f10x_it.o(.text))
<BR>[Address Reference Count : 1]<UL><LI> stm32f10x_vector.o(RESET)
</UL>
<P><STRONG><a name="[1a]"></a>DMA1_Channel3_IRQHandler</STRONG> (Thumb, 2 bytes, Stack size 0 bytes, stm32f10x_it.o(.text))
<BR>[Address Reference Count : 1]<UL><LI> stm32f10x_vector.o(RESET)
</UL>
<P><STRONG><a name="[1b]"></a>DMA1_Channel4_IRQHandler</STRONG> (Thumb, 2 bytes, Stack size 0 bytes, stm32f10x_it.o(.text))
<BR>[Address Reference Count : 1]<UL><LI> stm32f10x_vector.o(RESET)
</UL>
<P><STRONG><a name="[1c]"></a>DMA1_Channel5_IRQHandler</STRONG> (Thumb, 2 bytes, Stack size 0 bytes, stm32f10x_it.o(.text))
<BR>[Address Reference Count : 1]<UL><LI> stm32f10x_vector.o(RESET)
</UL>
<P><STRONG><a name="[1d]"></a>DMA1_Channel6_IRQHandler</STRONG> (Thumb, 2 bytes, Stack size 0 bytes, stm32f10x_it.o(.text))
<BR>[Address Reference Count : 1]<UL><LI> stm32f10x_vector.o(RESET)
</UL>
<P><STRONG><a name="[1e]"></a>DMA1_Channel7_IRQHandler</STRONG> (Thumb, 2 bytes, Stack size 0 bytes, stm32f10x_it.o(.text))
<BR>[Address Reference Count : 1]<UL><LI> stm32f10x_vector.o(RESET)
</UL>
<P><STRONG><a name="[1f]"></a>ADC1_2_IRQHandler</STRONG> (Thumb, 2 bytes, Stack size 0 bytes, stm32f10x_it.o(.text))
<BR>[Address Reference Count : 1]<UL><LI> stm32f10x_vector.o(RESET)
</UL>
<P><STRONG><a name="[20]"></a>USB_HP_CAN_TX_IRQHandler</STRONG> (Thumb, 2 bytes, Stack size 0 bytes, stm32f10x_it.o(.text))
<BR>[Address Reference Count : 1]<UL><LI> stm32f10x_vector.o(RESET)
</UL>
<P><STRONG><a name="[21]"></a>USB_LP_CAN_RX0_IRQHandler</STRONG> (Thumb, 2 bytes, Stack size 0 bytes, stm32f10x_it.o(.text))
<BR>[Address Reference Count : 1]<UL><LI> stm32f10x_vector.o(RESET)
</UL>
<P><STRONG><a name="[22]"></a>CAN_RX1_IRQHandler</STRONG> (Thumb, 2 bytes, Stack size 0 bytes, stm32f10x_it.o(.text))
<BR>[Address Reference Count : 1]<UL><LI> stm32f10x_vector.o(RESET)
</UL>
<P><STRONG><a name="[23]"></a>CAN_SCE_IRQHandler</STRONG> (Thumb, 2 bytes, Stack size 0 bytes, stm32f10x_it.o(.text))
<BR>[Address Reference Count : 1]<UL><LI> stm32f10x_vector.o(RESET)
</UL>
<P><STRONG><a name="[24]"></a>EXTI9_5_IRQHandler</STRONG> (Thumb, 2 bytes, Stack size 0 bytes, stm32f10x_it.o(.text))
<BR>[Address Reference Count : 1]<UL><LI> stm32f10x_vector.o(RESET)
</UL>
<P><STRONG><a name="[25]"></a>TIM1_BRK_IRQHandler</STRONG> (Thumb, 2 bytes, Stack size 0 bytes, stm32f10x_it.o(.text))
<BR>[Address Reference Count : 1]<UL><LI> stm32f10x_vector.o(RESET)
</UL>
<P><STRONG><a name="[26]"></a>TIM1_UP_IRQHandler</STRONG> (Thumb, 2 bytes, Stack size 0 bytes, stm32f10x_it.o(.text))
<BR>[Address Reference Count : 1]<UL><LI> stm32f10x_vector.o(RESET)
</UL>
<P><STRONG><a name="[27]"></a>TIM1_TRG_COM_IRQHandler</STRONG> (Thumb, 2 bytes, Stack size 0 bytes, stm32f10x_it.o(.text))
<BR>[Address Reference Count : 1]<UL><LI> stm32f10x_vector.o(RESET)
</UL>
<P><STRONG><a name="[28]"></a>TIM1_CC_IRQHandler</STRONG> (Thumb, 2 bytes, Stack size 0 bytes, stm32f10x_it.o(.text))
<BR>[Address Reference Count : 1]<UL><LI> stm32f10x_vector.o(RESET)
</UL>
<P><STRONG><a name="[29]"></a>TIM2_IRQHandler</STRONG> (Thumb, 2 bytes, Stack size 0 bytes, stm32f10x_it.o(.text))
<BR>[Address Reference Count : 1]<UL><LI> stm32f10x_vector.o(RESET)
</UL>
<P><STRONG><a name="[2a]"></a>TIM3_IRQHandler</STRONG> (Thumb, 2 bytes, Stack size 0 bytes, stm32f10x_it.o(.text))
<BR>[Address Reference Count : 1]<UL><LI> stm32f10x_vector.o(RESET)
</UL>
<P><STRONG><a name="[2b]"></a>TIM4_IRQHandler</STRONG> (Thumb, 2 bytes, Stack size 0 bytes, stm32f10x_it.o(.text))
<BR>[Address Reference Count : 1]<UL><LI> stm32f10x_vector.o(RESET)
</UL>
<P><STRONG><a name="[2c]"></a>I2C1_EV_IRQHandler</STRONG> (Thumb, 2 bytes, Stack size 0 bytes, stm32f10x_it.o(.text))
<BR>[Address Reference Count : 1]<UL><LI> stm32f10x_vector.o(RESET)
</UL>
<P><STRONG><a name="[2d]"></a>I2C1_ER_IRQHandler</STRONG> (Thumb, 2 bytes, Stack size 0 bytes, stm32f10x_it.o(.text))
<BR>[Address Reference Count : 1]<UL><LI> stm32f10x_vector.o(RESET)
</UL>
<P><STRONG><a name="[2e]"></a>I2C2_EV_IRQHandler</STRONG> (Thumb, 2 bytes, Stack size 0 bytes, stm32f10x_it.o(.text))
<BR>[Address Reference Count : 1]<UL><LI> stm32f10x_vector.o(RESET)
</UL>
<P><STRONG><a name="[2f]"></a>I2C2_ER_IRQHandler</STRONG> (Thumb, 2 bytes, Stack size 0 bytes, stm32f10x_it.o(.text))
<BR>[Address Reference Count : 1]<UL><LI> stm32f10x_vector.o(RESET)
</UL>
<P><STRONG><a name="[30]"></a>SPI1_IRQHandler</STRONG> (Thumb, 2 bytes, Stack size 0 bytes, stm32f10x_it.o(.text))
<BR>[Address Reference Count : 1]<UL><LI> stm32f10x_vector.o(RESET)
</UL>
<P><STRONG><a name="[31]"></a>SPI2_IRQHandler</STRONG> (Thumb, 2 bytes, Stack size 0 bytes, stm32f10x_it.o(.text))
<BR>[Address Reference Count : 1]<UL><LI> stm32f10x_vector.o(RESET)
</UL>
<P><STRONG><a name="[32]"></a>USART1_IRQHandler</STRONG> (Thumb, 2 bytes, Stack size 0 bytes, stm32f10x_it.o(.text))
<BR>[Address Reference Count : 1]<UL><LI> stm32f10x_vector.o(RESET)
</UL>
<P><STRONG><a name="[33]"></a>USART2_IRQHandler</STRONG> (Thumb, 2 bytes, Stack size 0 bytes, stm32f10x_it.o(.text))
<BR>[Address Reference Count : 1]<UL><LI> stm32f10x_vector.o(RESET)
</UL>
<P><STRONG><a name="[34]"></a>USART3_IRQHandler</STRONG> (Thumb, 2 bytes, Stack size 0 bytes, stm32f10x_it.o(.text))
<BR>[Address Reference Count : 1]<UL><LI> stm32f10x_vector.o(RESET)
</UL>
<P><STRONG><a name="[35]"></a>EXTI15_10_IRQHandler</STRONG> (Thumb, 2 bytes, Stack size 0 bytes, stm32f10x_it.o(.text))
<BR>[Address Reference Count : 1]<UL><LI> stm32f10x_vector.o(RESET)
</UL>
<P><STRONG><a name="[36]"></a>RTCAlarm_IRQHandler</STRONG> (Thumb, 2 bytes, Stack size 0 bytes, stm32f10x_it.o(.text))
<BR>[Address Reference Count : 1]<UL><LI> stm32f10x_vector.o(RESET)
</UL>
<P><STRONG><a name="[37]"></a>USBWakeUp_IRQHandler</STRONG> (Thumb, 2 bytes, Stack size 0 bytes, stm32f10x_it.o(.text))
<BR>[Address Reference Count : 1]<UL><LI> stm32f10x_vector.o(RESET)
</UL>
<P><STRONG><a name="[38]"></a>TIM8_BRK_IRQHandler</STRONG> (Thumb, 2 bytes, Stack size 0 bytes, stm32f10x_it.o(.text))
<BR>[Address Reference Count : 1]<UL><LI> stm32f10x_vector.o(RESET)
</UL>
<P><STRONG><a name="[39]"></a>TIM8_UP_IRQHandler</STRONG> (Thumb, 2 bytes, Stack size 0 bytes, stm32f10x_it.o(.text))
<BR>[Address Reference Count : 1]<UL><LI> stm32f10x_vector.o(RESET)
</UL>
<P><STRONG><a name="[3a]"></a>TIM8_TRG_COM_IRQHandler</STRONG> (Thumb, 2 bytes, Stack size 0 bytes, stm32f10x_it.o(.text))
<BR>[Address Reference Count : 1]<UL><LI> stm32f10x_vector.o(RESET)
</UL>
<P><STRONG><a name="[3b]"></a>TIM8_CC_IRQHandler</STRONG> (Thumb, 2 bytes, Stack size 0 bytes, stm32f10x_it.o(.text))
<BR>[Address Reference Count : 1]<UL><LI> stm32f10x_vector.o(RESET)
</UL>
<P><STRONG><a name="[3c]"></a>ADC3_IRQHandler</STRONG> (Thumb, 2 bytes, Stack size 0 bytes, stm32f10x_it.o(.text))
<BR>[Address Reference Count : 1]<UL><LI> stm32f10x_vector.o(RESET)
</UL>
<P><STRONG><a name="[3d]"></a>FSMC_IRQHandler</STRONG> (Thumb, 2 bytes, Stack size 0 bytes, stm32f10x_it.o(.text))
<BR>[Address Reference Count : 1]<UL><LI> stm32f10x_vector.o(RESET)
</UL>
<P><STRONG><a name="[3e]"></a>SDIO_IRQHandler</STRONG> (Thumb, 2 bytes, Stack size 0 bytes, stm32f10x_it.o(.text))
<BR>[Address Reference Count : 1]<UL><LI> stm32f10x_vector.o(RESET)
</UL>
<P><STRONG><a name="[3f]"></a>TIM5_IRQHandler</STRONG> (Thumb, 2 bytes, Stack size 0 bytes, stm32f10x_it.o(.text))
<BR>[Address Reference Count : 1]<UL><LI> stm32f10x_vector.o(RESET)
</UL>
<P><STRONG><a name="[40]"></a>SPI3_IRQHandler</STRONG> (Thumb, 2 bytes, Stack size 0 bytes, stm32f10x_it.o(.text))
<BR>[Address Reference Count : 1]<UL><LI> stm32f10x_vector.o(RESET)
</UL>
<P><STRONG><a name="[41]"></a>UART4_IRQHandler</STRONG> (Thumb, 2 bytes, Stack size 0 bytes, stm32f10x_it.o(.text))
<BR>[Address Reference Count : 1]<UL><LI> stm32f10x_vector.o(RESET)
</UL>
<P><STRONG><a name="[42]"></a>UART5_IRQHandler</STRONG> (Thumb, 2 bytes, Stack size 0 bytes, stm32f10x_it.o(.text))
<BR>[Address Reference Count : 1]<UL><LI> stm32f10x_vector.o(RESET)
</UL>
<P><STRONG><a name="[43]"></a>TIM6_IRQHandler</STRONG> (Thumb, 2 bytes, Stack size 0 bytes, stm32f10x_it.o(.text))
<BR>[Address Reference Count : 1]<UL><LI> stm32f10x_vector.o(RESET)
</UL>
<P><STRONG><a name="[44]"></a>TIM7_IRQHandler</STRONG> (Thumb, 2 bytes, Stack size 0 bytes, stm32f10x_it.o(.text))
<BR>[Address Reference Count : 1]<UL><LI> stm32f10x_vector.o(RESET)
</UL>
<P><STRONG><a name="[45]"></a>DMA2_Channel1_IRQHandler</STRONG> (Thumb, 2 bytes, Stack size 0 bytes, stm32f10x_it.o(.text))
<BR>[Address Reference Count : 1]<UL><LI> stm32f10x_vector.o(RESET)
</UL>
<P><STRONG><a name="[46]"></a>DMA2_Channel2_IRQHandler</STRONG> (Thumb, 2 bytes, Stack size 0 bytes, stm32f10x_it.o(.text))
<BR>[Address Reference Count : 1]<UL><LI> stm32f10x_vector.o(RESET)
</UL>
<P><STRONG><a name="[47]"></a>DMA2_Channel3_IRQHandler</STRONG> (Thumb, 2 bytes, Stack size 0 bytes, stm32f10x_it.o(.text))
<BR>[Address Reference Count : 1]<UL><LI> stm32f10x_vector.o(RESET)
</UL>
<P><STRONG><a name="[48]"></a>DMA2_Channel4_5_IRQHandler</STRONG> (Thumb, 2 bytes, Stack size 0 bytes, stm32f10x_it.o(.text))
<BR>[Address Reference Count : 1]<UL><LI> stm32f10x_vector.o(RESET)
</UL>
<P><STRONG><a name="[64]"></a>RCC_Configuration</STRONG> (Thumb, 146 bytes, Stack size 8 bytes, main.o(.text))
<BR><BR>[Stack]<UL><LI>Max Depth = 32<LI>Call Chain = RCC_Configuration &rArr; RCC_WaitForHSEStartUp &rArr; RCC_GetFlagStatus
</UL>
<BR>[Calls]<UL><LI><a href="#[67]">&gt;&gt;</a>&nbsp;&nbsp;&nbsp;FLASH_PrefetchBufferCmd
<LI><a href="#[68]">&gt;&gt;</a>&nbsp;&nbsp;&nbsp;FLASH_SetLatency
<LI><a href="#[71]">&gt;&gt;</a>&nbsp;&nbsp;&nbsp;RCC_APB1PeriphClockCmd
<LI><a href="#[70]">&gt;&gt;</a>&nbsp;&nbsp;&nbsp;RCC_APB2PeriphClockCmd
<LI><a href="#[6a]">&gt;&gt;</a>&nbsp;&nbsp;&nbsp;RCC_PCLK2Config
<LI><a href="#[6b]">&gt;&gt;</a>&nbsp;&nbsp;&nbsp;RCC_PCLK1Config
<LI><a href="#[69]">&gt;&gt;</a>&nbsp;&nbsp;&nbsp;RCC_HCLKConfig
<LI><a href="#[6f]">&gt;&gt;</a>&nbsp;&nbsp;&nbsp;RCC_GetSYSCLKSource
<LI><a href="#[6e]">&gt;&gt;</a>&nbsp;&nbsp;&nbsp;RCC_SYSCLKConfig
<LI><a href="#[6d]">&gt;&gt;</a>&nbsp;&nbsp;&nbsp;RCC_PLLCmd
<LI><a href="#[6c]">&gt;&gt;</a>&nbsp;&nbsp;&nbsp;RCC_PLLConfig
<LI><a href="#[59]">&gt;&gt;</a>&nbsp;&nbsp;&nbsp;RCC_WaitForHSEStartUp
<LI><a href="#[5a]">&gt;&gt;</a>&nbsp;&nbsp;&nbsp;RCC_GetFlagStatus
<LI><a href="#[66]">&gt;&gt;</a>&nbsp;&nbsp;&nbsp;RCC_HSEConfig
<LI><a href="#[65]">&gt;&gt;</a>&nbsp;&nbsp;&nbsp;RCC_DeInit
</UL>
<BR>[Called By]<UL><LI><a href="#[53]">&gt;&gt;</a>&nbsp;&nbsp;&nbsp;main
</UL>

<P><STRONG><a name="[72]"></a>GPIO_Configuration</STRONG> (Thumb, 176 bytes, Stack size 8 bytes, main.o(.text))
<BR><BR>[Stack]<UL><LI>Max Depth = 32<LI>Call Chain = GPIO_Configuration &rArr; GPIO_Init
</UL>
<BR>[Calls]<UL><LI><a href="#[73]">&gt;&gt;</a>&nbsp;&nbsp;&nbsp;GPIO_Init
</UL>
<BR>[Called By]<UL><LI><a href="#[53]">&gt;&gt;</a>&nbsp;&nbsp;&nbsp;main
</UL>

<P><STRONG><a name="[74]"></a>SPI_Configuration</STRONG> (Thumb, 54 bytes, Stack size 8 bytes, main.o(.text), UNUSED)
<BR><BR>[Calls]<UL><LI><a href="#[76]">&gt;&gt;</a>&nbsp;&nbsp;&nbsp;SPI_Cmd
<LI><a href="#[75]">&gt;&gt;</a>&nbsp;&nbsp;&nbsp;SPI_Init
</UL>

<P><STRONG><a name="[77]"></a>USART_Configuration</STRONG> (Thumb, 82 bytes, Stack size 24 bytes, main.o(.text))
<BR><BR>[Stack]<UL><LI>Max Depth = 92<LI>Call Chain = USART_Configuration &rArr; USART_Init &rArr; RCC_GetClocksFreq
</UL>
<BR>[Calls]<UL><LI><a href="#[78]">&gt;&gt;</a>&nbsp;&nbsp;&nbsp;USART_Cmd
<LI><a href="#[61]">&gt;&gt;</a>&nbsp;&nbsp;&nbsp;USART_Init
</UL>
<BR>[Called By]<UL><LI><a href="#[53]">&gt;&gt;</a>&nbsp;&nbsp;&nbsp;main
</UL>

<P><STRONG><a name="[79]"></a>Systick_Configuration</STRONG> (Thumb, 32 bytes, Stack size 8 bytes, main.o(.text))
<BR><BR>[Stack]<UL><LI>Max Depth = 8<LI>Call Chain = Systick_Configuration
</UL>
<BR>[Calls]<UL><LI><a href="#[7a]">&gt;&gt;</a>&nbsp;&nbsp;&nbsp;SysTick_CounterCmd
<LI><a href="#[7c]">&gt;&gt;</a>&nbsp;&nbsp;&nbsp;SysTick_SetReload
<LI><a href="#[7b]">&gt;&gt;</a>&nbsp;&nbsp;&nbsp;SysTick_CLKSourceConfig
</UL>
<BR>[Called By]<UL><LI><a href="#[53]">&gt;&gt;</a>&nbsp;&nbsp;&nbsp;main
</UL>

<P><STRONG><a name="[7d]"></a>delay</STRONG> (Thumb, 36 bytes, Stack size 8 bytes, main.o(.text))
<BR><BR>[Stack]<UL><LI>Max Depth = 16<LI>Call Chain = delay &rArr; SysTick_GetFlagStatus
</UL>
<BR>[Calls]<UL><LI><a href="#[7e]">&gt;&gt;</a>&nbsp;&nbsp;&nbsp;SysTick_GetFlagStatus
<LI><a href="#[7a]">&gt;&gt;</a>&nbsp;&nbsp;&nbsp;SysTick_CounterCmd
</UL>
<BR>[Called By]<UL><LI><a href="#[53]">&gt;&gt;</a>&nbsp;&nbsp;&nbsp;main
</UL>

<P><STRONG><a name="[53]"></a>main</STRONG> (Thumb, 1606 bytes, Stack size 512 bytes, main.o(.text))
<BR><BR>[Stack]<UL><LI>Max Depth = 640<LI>Call Chain = main &rArr; MSD_ReadBlock &rArr; SD_ReadBlock &rArr; SD_ReadSingleBlock &rArr; SD_BlockCommand &rArr; SD_SendCmd &rArr; SPI_SendByte
</UL>
<BR>[Calls]<UL><LI><a href="#[81]">&gt;&gt;</a>&nbsp;&nbsp;&nbsp;strlen
<LI><a href="#[84]">&gt;&gt;</a>&nbsp;&nbsp;&nbsp;MSD_ReadBlock
<LI><a href="#[83]">&gt;&gt;</a>&nbsp;&nbsp;&nbsp;MSD_Init
<LI><a href="#[7d]">&gt;&gt;</a>&nbsp;&nbsp;&nbsp;delay
<LI><a href="#[79]">&gt;&gt;</a>&nbsp;&nbsp;&nbsp;Systick_Configuration
<LI><a href="#[77]">&gt;&gt;</a>&nbsp;&nbsp;&nbsp;USART_Configuration
<LI><a href="#[72]">&gt;&gt;</a>&nbsp;&nbsp;&nbsp;GPIO_Configuration
<LI><a href="#[64]">&gt;&gt;</a>&nbsp;&nbsp;&nbsp;RCC_Configuration
<LI><a href="#[80]">&gt;&gt;</a>&nbsp;&nbsp;&nbsp;USART_GetFlagStatus
<LI><a href="#[82]">&gt;&gt;</a>&nbsp;&nbsp;&nbsp;USART_ReceiveData
<LI><a href="#[7f]">&gt;&gt;</a>&nbsp;&nbsp;&nbsp;USART_SendData
</UL>
<BR>[Called By]<UL><LI><a href="#[52]">&gt;&gt;</a>&nbsp;&nbsp;&nbsp;__rt_entry_main
</UL>

<P><STRONG><a name="[3]"></a>Reset_Handler</STRONG> (Thumb, 4 bytes, Stack size 0 bytes, stm32f10x_vector.o(.text))
<BR>[Address Reference Count : 1]<UL><LI> stm32f10x_vector.o(RESET)
</UL>
<P><STRONG><a name="[bc]"></a>__user_initial_stackheap</STRONG> (Thumb, 0 bytes, Stack size unknown bytes, stm32f10x_vector.o(.text))
<BR><BR>[Called By]<UL><LI><a href="#[4f]">&gt;&gt;</a>&nbsp;&nbsp;&nbsp;__user_setup_stackheap
</UL>

<P><STRONG><a name="[85]"></a>SD_SendCmd</STRONG> (Thumb, 202 bytes, Stack size 32 bytes, sdcmd.o(.text))
<BR><BR>[Stack]<UL><LI>Max Depth = 40<LI>Call Chain = SD_SendCmd &rArr; SPI_SendByte
</UL>
<BR>[Calls]<UL><LI><a href="#[87]">&gt;&gt;</a>&nbsp;&nbsp;&nbsp;SPI_SendByte
<LI><a href="#[89]">&gt;&gt;</a>&nbsp;&nbsp;&nbsp;SPI_RecByte
<LI><a href="#[88]">&gt;&gt;</a>&nbsp;&nbsp;&nbsp;SPI_CS_Deassert
<LI><a href="#[86]">&gt;&gt;</a>&nbsp;&nbsp;&nbsp;SPI_CS_Assert
</UL>
<BR>[Called By]<UL><LI><a href="#[a2]">&gt;&gt;</a>&nbsp;&nbsp;&nbsp;SD_ActiveInit
<LI><a href="#[9c]">&gt;&gt;</a>&nbsp;&nbsp;&nbsp;SD_GetNumWRBlcoks
<LI><a href="#[9a]">&gt;&gt;</a>&nbsp;&nbsp;&nbsp;SD_ReadOCR
<LI><a href="#[99]">&gt;&gt;</a>&nbsp;&nbsp;&nbsp;SD_EraseSelectedBlock
<LI><a href="#[91]">&gt;&gt;</a>&nbsp;&nbsp;&nbsp;SD_SetBlockLen
<LI><a href="#[90]">&gt;&gt;</a>&nbsp;&nbsp;&nbsp;SD_ReadCard_Status
<LI><a href="#[8f]">&gt;&gt;</a>&nbsp;&nbsp;&nbsp;SD_StopTransmission
<LI><a href="#[8e]">&gt;&gt;</a>&nbsp;&nbsp;&nbsp;SD_ReadCSD
<LI><a href="#[8c]">&gt;&gt;</a>&nbsp;&nbsp;&nbsp;SD_ResetSD
<LI><a href="#[8a]">&gt;&gt;</a>&nbsp;&nbsp;&nbsp;SD_BlockCommand
</UL>

<P><STRONG><a name="[8b]"></a>SD_PackParam</STRONG> (Thumb, 16 bytes, Stack size 0 bytes, sdcmd.o(.text))
<BR><BR>[Called By]<UL><LI><a href="#[a2]">&gt;&gt;</a>&nbsp;&nbsp;&nbsp;SD_ActiveInit
<LI><a href="#[99]">&gt;&gt;</a>&nbsp;&nbsp;&nbsp;SD_EraseSelectedBlock
<LI><a href="#[91]">&gt;&gt;</a>&nbsp;&nbsp;&nbsp;SD_SetBlockLen
<LI><a href="#[8a]">&gt;&gt;</a>&nbsp;&nbsp;&nbsp;SD_BlockCommand
</UL>

<P><STRONG><a name="[8a]"></a>SD_BlockCommand</STRONG> (Thumb, 64 bytes, Stack size 32 bytes, sdcmd.o(.text))
<BR><BR>[Stack]<UL><LI>Max Depth = 72<LI>Call Chain = SD_BlockCommand &rArr; SD_SendCmd &rArr; SPI_SendByte
</UL>
<BR>[Calls]<UL><LI><a href="#[8b]">&gt;&gt;</a>&nbsp;&nbsp;&nbsp;SD_PackParam
<LI><a href="#[85]">&gt;&gt;</a>&nbsp;&nbsp;&nbsp;SD_SendCmd
</UL>
<BR>[Called By]<UL><LI><a href="#[97]">&gt;&gt;</a>&nbsp;&nbsp;&nbsp;SD_EraseEndBlock
<LI><a href="#[96]">&gt;&gt;</a>&nbsp;&nbsp;&nbsp;SD_EraseStartBlock
<LI><a href="#[95]">&gt;&gt;</a>&nbsp;&nbsp;&nbsp;SD_WriteMultipleBlock
<LI><a href="#[94]">&gt;&gt;</a>&nbsp;&nbsp;&nbsp;SD_WriteSingleBlock
<LI><a href="#[93]">&gt;&gt;</a>&nbsp;&nbsp;&nbsp;SD_ReadMultipleBlock
<LI><a href="#[92]">&gt;&gt;</a>&nbsp;&nbsp;&nbsp;SD_ReadSingleBlock
</UL>

<P><STRONG><a name="[8c]"></a>SD_ResetSD</STRONG> (Thumb, 18 bytes, Stack size 16 bytes, sdcmd.o(.text))
<BR><BR>[Stack]<UL><LI>Max Depth = 56<LI>Call Chain = SD_ResetSD &rArr; SD_SendCmd &rArr; SPI_SendByte
</UL>
<BR>[Calls]<UL><LI><a href="#[85]">&gt;&gt;</a>&nbsp;&nbsp;&nbsp;SD_SendCmd
</UL>
<BR>[Called By]<UL><LI><a href="#[a3]">&gt;&gt;</a>&nbsp;&nbsp;&nbsp;SD_Initialize
</UL>

<P><STRONG><a name="[8d]"></a>SD_ReadRegister</STRONG> (Thumb, 100 bytes, Stack size 24 bytes, sdcmd.o(.text))
<BR><BR>[Stack]<UL><LI>Max Depth = 32<LI>Call Chain = SD_ReadRegister &rArr; SPI_SendByte
</UL>
<BR>[Calls]<UL><LI><a href="#[87]">&gt;&gt;</a>&nbsp;&nbsp;&nbsp;SPI_SendByte
<LI><a href="#[89]">&gt;&gt;</a>&nbsp;&nbsp;&nbsp;SPI_RecByte
<LI><a href="#[88]">&gt;&gt;</a>&nbsp;&nbsp;&nbsp;SPI_CS_Deassert
<LI><a href="#[86]">&gt;&gt;</a>&nbsp;&nbsp;&nbsp;SPI_CS_Assert
</UL>
<BR>[Called By]<UL><LI><a href="#[8e]">&gt;&gt;</a>&nbsp;&nbsp;&nbsp;SD_ReadCSD
</UL>

<P><STRONG><a name="[8e]"></a>SD_ReadCSD</STRONG> (Thumb, 50 bytes, Stack size 24 bytes, sdcmd.o(.text))
<BR><BR>[Stack]<UL><LI>Max Depth = 64<LI>Call Chain = SD_ReadCSD &rArr; SD_SendCmd &rArr; SPI_SendByte
</UL>
<BR>[Calls]<UL><LI><a href="#[8d]">&gt;&gt;</a>&nbsp;&nbsp;&nbsp;SD_ReadRegister
<LI><a href="#[85]">&gt;&gt;</a>&nbsp;&nbsp;&nbsp;SD_SendCmd
</UL>
<BR>[Called By]<UL><LI><a href="#[a0]">&gt;&gt;</a>&nbsp;&nbsp;&nbsp;SD_GetCardInfo
</UL>

<P><STRONG><a name="[8f]"></a>SD_StopTransmission</STRONG> (Thumb, 20 bytes, Stack size 16 bytes, sdcmd.o(.text), UNUSED)
<BR><BR>[Calls]<UL><LI><a href="#[85]">&gt;&gt;</a>&nbsp;&nbsp;&nbsp;SD_SendCmd
</UL>
<BR>[Called By]<UL><LI><a href="#[ae]">&gt;&gt;</a>&nbsp;&nbsp;&nbsp;SD_WriteMultiBlock
<LI><a href="#[ab]">&gt;&gt;</a>&nbsp;&nbsp;&nbsp;SD_ReadMultiBlock
</UL>

<P><STRONG><a name="[90]"></a>SD_ReadCard_Status</STRONG> (Thumb, 24 bytes, Stack size 16 bytes, sdcmd.o(.text), UNUSED)
<BR><BR>[Calls]<UL><LI><a href="#[85]">&gt;&gt;</a>&nbsp;&nbsp;&nbsp;SD_SendCmd
</UL>
<BR>[Called By]<UL><LI><a href="#[ae]">&gt;&gt;</a>&nbsp;&nbsp;&nbsp;SD_WriteMultiBlock
</UL>

<P><STRONG><a name="[91]"></a>SD_SetBlockLen</STRONG> (Thumb, 46 bytes, Stack size 24 bytes, sdcmd.o(.text))
<BR><BR>[Stack]<UL><LI>Max Depth = 64<LI>Call Chain = SD_SetBlockLen &rArr; SD_SendCmd &rArr; SPI_SendByte
</UL>
<BR>[Calls]<UL><LI><a href="#[8b]">&gt;&gt;</a>&nbsp;&nbsp;&nbsp;SD_PackParam
<LI><a href="#[85]">&gt;&gt;</a>&nbsp;&nbsp;&nbsp;SD_SendCmd
</UL>
<BR>[Called By]<UL><LI><a href="#[a3]">&gt;&gt;</a>&nbsp;&nbsp;&nbsp;SD_Initialize
</UL>

<P><STRONG><a name="[92]"></a>SD_ReadSingleBlock</STRONG> (Thumb, 16 bytes, Stack size 8 bytes, sdcmd.o(.text))
<BR><BR>[Stack]<UL><LI>Max Depth = 80<LI>Call Chain = SD_ReadSingleBlock &rArr; SD_BlockCommand &rArr; SD_SendCmd &rArr; SPI_SendByte
</UL>
<BR>[Calls]<UL><LI><a href="#[8a]">&gt;&gt;</a>&nbsp;&nbsp;&nbsp;SD_BlockCommand
</UL>
<BR>[Called By]<UL><LI><a href="#[aa]">&gt;&gt;</a>&nbsp;&nbsp;&nbsp;SD_ReadBlock
</UL>

<P><STRONG><a name="[93]"></a>SD_ReadMultipleBlock</STRONG> (Thumb, 16 bytes, Stack size 8 bytes, sdcmd.o(.text), UNUSED)
<BR><BR>[Calls]<UL><LI><a href="#[8a]">&gt;&gt;</a>&nbsp;&nbsp;&nbsp;SD_BlockCommand
</UL>
<BR>[Called By]<UL><LI><a href="#[ab]">&gt;&gt;</a>&nbsp;&nbsp;&nbsp;SD_ReadMultiBlock
</UL>

<P><STRONG><a name="[94]"></a>SD_WriteSingleBlock</STRONG> (Thumb, 16 bytes, Stack size 8 bytes, sdcmd.o(.text), UNUSED)
<BR><BR>[Calls]<UL><LI><a href="#[8a]">&gt;&gt;</a>&nbsp;&nbsp;&nbsp;SD_BlockCommand
</UL>
<BR>[Called By]<UL><LI><a href="#[ac]">&gt;&gt;</a>&nbsp;&nbsp;&nbsp;SD_WriteBlock
</UL>

<P><STRONG><a name="[95]"></a>SD_WriteMultipleBlock</STRONG> (Thumb, 16 bytes, Stack size 8 bytes, sdcmd.o(.text), UNUSED)
<BR><BR>[Calls]<UL><LI><a href="#[8a]">&gt;&gt;</a>&nbsp;&nbsp;&nbsp;SD_BlockCommand
</UL>
<BR>[Called By]<UL><LI><a href="#[ae]">&gt;&gt;</a>&nbsp;&nbsp;&nbsp;SD_WriteMultiBlock
</UL>

<P><STRONG><a name="[96]"></a>SD_EraseStartBlock</STRONG> (Thumb, 34 bytes, Stack size 8 bytes, sdcmd.o(.text), UNUSED)
<BR><BR>[Calls]<UL><LI><a href="#[8a]">&gt;&gt;</a>&nbsp;&nbsp;&nbsp;SD_BlockCommand
</UL>
<BR>[Called By]<UL><LI><a href="#[af]">&gt;&gt;</a>&nbsp;&nbsp;&nbsp;SD_EraseBlock
</UL>

<P><STRONG><a name="[97]"></a>SD_EraseEndBlock</STRONG> (Thumb, 34 bytes, Stack size 8 bytes, sdcmd.o(.text), UNUSED)
<BR><BR>[Calls]<UL><LI><a href="#[8a]">&gt;&gt;</a>&nbsp;&nbsp;&nbsp;SD_BlockCommand
</UL>
<BR>[Called By]<UL><LI><a href="#[af]">&gt;&gt;</a>&nbsp;&nbsp;&nbsp;SD_EraseBlock
</UL>

<P><STRONG><a name="[98]"></a>SD_WaitBusy</STRONG> (Thumb, 70 bytes, Stack size 24 bytes, sdcmd.o(.text), UNUSED)
<BR><BR>[Calls]<UL><LI><a href="#[87]">&gt;&gt;</a>&nbsp;&nbsp;&nbsp;SPI_SendByte
<LI><a href="#[89]">&gt;&gt;</a>&nbsp;&nbsp;&nbsp;SPI_RecByte
<LI><a href="#[88]">&gt;&gt;</a>&nbsp;&nbsp;&nbsp;SPI_CS_Deassert
<LI><a href="#[86]">&gt;&gt;</a>&nbsp;&nbsp;&nbsp;SPI_CS_Assert
</UL>
<BR>[Called By]<UL><LI><a href="#[ae]">&gt;&gt;</a>&nbsp;&nbsp;&nbsp;SD_WriteMultiBlock
<LI><a href="#[9d]">&gt;&gt;</a>&nbsp;&nbsp;&nbsp;SD_WriteBlockData
<LI><a href="#[99]">&gt;&gt;</a>&nbsp;&nbsp;&nbsp;SD_EraseSelectedBlock
</UL>

<P><STRONG><a name="[99]"></a>SD_EraseSelectedBlock</STRONG> (Thumb, 46 bytes, Stack size 16 bytes, sdcmd.o(.text), UNUSED)
<BR><BR>[Calls]<UL><LI><a href="#[98]">&gt;&gt;</a>&nbsp;&nbsp;&nbsp;SD_WaitBusy
<LI><a href="#[8b]">&gt;&gt;</a>&nbsp;&nbsp;&nbsp;SD_PackParam
<LI><a href="#[85]">&gt;&gt;</a>&nbsp;&nbsp;&nbsp;SD_SendCmd
</UL>
<BR>[Called By]<UL><LI><a href="#[af]">&gt;&gt;</a>&nbsp;&nbsp;&nbsp;SD_EraseBlock
</UL>

<P><STRONG><a name="[9a]"></a>SD_ReadOCR</STRONG> (Thumb, 64 bytes, Stack size 32 bytes, sdcmd.o(.text))
<BR><BR>[Stack]<UL><LI>Max Depth = 72<LI>Call Chain = SD_ReadOCR &rArr; SD_SendCmd &rArr; SPI_SendByte
</UL>
<BR>[Calls]<UL><LI><a href="#[85]">&gt;&gt;</a>&nbsp;&nbsp;&nbsp;SD_SendCmd
</UL>
<BR>[Called By]<UL><LI><a href="#[a3]">&gt;&gt;</a>&nbsp;&nbsp;&nbsp;SD_Initialize
</UL>

<P><STRONG><a name="[9b]"></a>SD_ReadBlockData</STRONG> (Thumb, 116 bytes, Stack size 24 bytes, sdcmd.o(.text))
<BR><BR>[Stack]<UL><LI>Max Depth = 32<LI>Call Chain = SD_ReadBlockData &rArr; SPI_SendByte
</UL>
<BR>[Calls]<UL><LI><a href="#[87]">&gt;&gt;</a>&nbsp;&nbsp;&nbsp;SPI_SendByte
<LI><a href="#[89]">&gt;&gt;</a>&nbsp;&nbsp;&nbsp;SPI_RecByte
<LI><a href="#[88]">&gt;&gt;</a>&nbsp;&nbsp;&nbsp;SPI_CS_Deassert
<LI><a href="#[86]">&gt;&gt;</a>&nbsp;&nbsp;&nbsp;SPI_CS_Assert
</UL>
<BR>[Called By]<UL><LI><a href="#[ab]">&gt;&gt;</a>&nbsp;&nbsp;&nbsp;SD_ReadMultiBlock
<LI><a href="#[aa]">&gt;&gt;</a>&nbsp;&nbsp;&nbsp;SD_ReadBlock
<LI><a href="#[9c]">&gt;&gt;</a>&nbsp;&nbsp;&nbsp;SD_GetNumWRBlcoks
</UL>

<P><STRONG><a name="[9c]"></a>SD_GetNumWRBlcoks</STRONG> (Thumb, 118 bytes, Stack size 24 bytes, sdcmd.o(.text), UNUSED)
<BR><BR>[Calls]<UL><LI><a href="#[9b]">&gt;&gt;</a>&nbsp;&nbsp;&nbsp;SD_ReadBlockData
<LI><a href="#[85]">&gt;&gt;</a>&nbsp;&nbsp;&nbsp;SD_SendCmd
</UL>
<BR>[Called By]<UL><LI><a href="#[ae]">&gt;&gt;</a>&nbsp;&nbsp;&nbsp;SD_WriteMultiBlock
</UL>

<P><STRONG><a name="[9d]"></a>SD_WriteBlockData</STRONG> (Thumb, 96 bytes, Stack size 24 bytes, sdcmd.o(.text), UNUSED)
<BR><BR>[Calls]<UL><LI><a href="#[87]">&gt;&gt;</a>&nbsp;&nbsp;&nbsp;SPI_SendByte
<LI><a href="#[89]">&gt;&gt;</a>&nbsp;&nbsp;&nbsp;SPI_RecByte
<LI><a href="#[88]">&gt;&gt;</a>&nbsp;&nbsp;&nbsp;SPI_CS_Deassert
<LI><a href="#[86]">&gt;&gt;</a>&nbsp;&nbsp;&nbsp;SPI_CS_Assert
<LI><a href="#[98]">&gt;&gt;</a>&nbsp;&nbsp;&nbsp;SD_WaitBusy
</UL>
<BR>[Called By]<UL><LI><a href="#[ae]">&gt;&gt;</a>&nbsp;&nbsp;&nbsp;SD_WriteMultiBlock
<LI><a href="#[ac]">&gt;&gt;</a>&nbsp;&nbsp;&nbsp;SD_WriteBlock
</UL>

<P><STRONG><a name="[9e]"></a>SD_StopMultiToken</STRONG> (Thumb, 28 bytes, Stack size 8 bytes, sdcmd.o(.text), UNUSED)
<BR><BR>[Calls]<UL><LI><a href="#[87]">&gt;&gt;</a>&nbsp;&nbsp;&nbsp;SPI_SendByte
<LI><a href="#[89]">&gt;&gt;</a>&nbsp;&nbsp;&nbsp;SPI_RecByte
<LI><a href="#[88]">&gt;&gt;</a>&nbsp;&nbsp;&nbsp;SPI_CS_Deassert
<LI><a href="#[86]">&gt;&gt;</a>&nbsp;&nbsp;&nbsp;SPI_CS_Assert
</UL>
<BR>[Called By]<UL><LI><a href="#[ae]">&gt;&gt;</a>&nbsp;&nbsp;&nbsp;SD_WriteMultiBlock
</UL>

<P><STRONG><a name="[9f]"></a>SD_SPIDelay</STRONG> (Thumb, 24 bytes, Stack size 16 bytes, sdcmd.o(.text))
<BR><BR>[Stack]<UL><LI>Max Depth = 24<LI>Call Chain = SD_SPIDelay &rArr; SPI_SendByte
</UL>
<BR>[Calls]<UL><LI><a href="#[87]">&gt;&gt;</a>&nbsp;&nbsp;&nbsp;SPI_SendByte
</UL>
<BR>[Called By]<UL><LI><a href="#[a3]">&gt;&gt;</a>&nbsp;&nbsp;&nbsp;SD_Initialize
</UL>

<P><STRONG><a name="[a7]"></a>SD_Sleep</STRONG> (Thumb, 12 bytes, Stack size 0 bytes, sddriver.o(.text))
<BR><BR>[Called By]<UL><LI><a href="#[a3]">&gt;&gt;</a>&nbsp;&nbsp;&nbsp;SD_Initialize
</UL>

<P><STRONG><a name="[a9]"></a>SD_EndSD</STRONG> (Thumb, 2 bytes, Stack size 0 bytes, sddriver.o(.text))
<BR><BR>[Called By]<UL><LI><a href="#[af]">&gt;&gt;</a>&nbsp;&nbsp;&nbsp;SD_EraseBlock
<LI><a href="#[ae]">&gt;&gt;</a>&nbsp;&nbsp;&nbsp;SD_WriteMultiBlock
<LI><a href="#[ac]">&gt;&gt;</a>&nbsp;&nbsp;&nbsp;SD_WriteBlock
<LI><a href="#[ab]">&gt;&gt;</a>&nbsp;&nbsp;&nbsp;SD_ReadMultiBlock
<LI><a href="#[aa]">&gt;&gt;</a>&nbsp;&nbsp;&nbsp;SD_ReadBlock
<LI><a href="#[a3]">&gt;&gt;</a>&nbsp;&nbsp;&nbsp;SD_Initialize
</UL>

<P><STRONG><a name="[a1]"></a>SD_CalTimeout</STRONG> (Thumb, 202 bytes, Stack size 16 bytes, sddriver.o(.text))
<BR><BR>[Stack]<UL><LI>Max Depth = 16<LI>Call Chain = SD_CalTimeout
</UL>
<BR>[Called By]<UL><LI><a href="#[a0]">&gt;&gt;</a>&nbsp;&nbsp;&nbsp;SD_GetCardInfo
</UL>

<P><STRONG><a name="[a0]"></a>SD_GetCardInfo</STRONG> (Thumb, 170 bytes, Stack size 32 bytes, sddriver.o(.text))
<BR><BR>[Stack]<UL><LI>Max Depth = 96<LI>Call Chain = SD_GetCardInfo &rArr; SD_ReadCSD &rArr; SD_SendCmd &rArr; SPI_SendByte
</UL>
<BR>[Calls]<UL><LI><a href="#[a1]">&gt;&gt;</a>&nbsp;&nbsp;&nbsp;SD_CalTimeout
<LI><a href="#[8e]">&gt;&gt;</a>&nbsp;&nbsp;&nbsp;SD_ReadCSD
</UL>
<BR>[Called By]<UL><LI><a href="#[a3]">&gt;&gt;</a>&nbsp;&nbsp;&nbsp;SD_Initialize
</UL>

<P><STRONG><a name="[a2]"></a>SD_ActiveInit</STRONG> (Thumb, 134 bytes, Stack size 24 bytes, sddriver.o(.text))
<BR><BR>[Stack]<UL><LI>Max Depth = 64<LI>Call Chain = SD_ActiveInit &rArr; SD_SendCmd &rArr; SPI_SendByte
</UL>
<BR>[Calls]<UL><LI><a href="#[8b]">&gt;&gt;</a>&nbsp;&nbsp;&nbsp;SD_PackParam
<LI><a href="#[85]">&gt;&gt;</a>&nbsp;&nbsp;&nbsp;SD_SendCmd
</UL>
<BR>[Called By]<UL><LI><a href="#[a3]">&gt;&gt;</a>&nbsp;&nbsp;&nbsp;SD_Initialize
</UL>

<P><STRONG><a name="[a4]"></a>SD_StartSD</STRONG> (Thumb, 2 bytes, Stack size 0 bytes, sddriver.o(.text))
<BR><BR>[Called By]<UL><LI><a href="#[af]">&gt;&gt;</a>&nbsp;&nbsp;&nbsp;SD_EraseBlock
<LI><a href="#[ae]">&gt;&gt;</a>&nbsp;&nbsp;&nbsp;SD_WriteMultiBlock
<LI><a href="#[ac]">&gt;&gt;</a>&nbsp;&nbsp;&nbsp;SD_WriteBlock
<LI><a href="#[ab]">&gt;&gt;</a>&nbsp;&nbsp;&nbsp;SD_ReadMultiBlock
<LI><a href="#[aa]">&gt;&gt;</a>&nbsp;&nbsp;&nbsp;SD_ReadBlock
<LI><a href="#[a3]">&gt;&gt;</a>&nbsp;&nbsp;&nbsp;SD_Initialize
</UL>

<P><STRONG><a name="[a3]"></a>SD_Initialize</STRONG> (Thumb, 138 bytes, Stack size 16 bytes, sddriver.o(.text))
<BR><BR>[Stack]<UL><LI>Max Depth = 112<LI>Call Chain = SD_Initialize &rArr; SD_GetCardInfo &rArr; SD_ReadCSD &rArr; SD_SendCmd &rArr; SPI_SendByte
</UL>
<BR>[Calls]<UL><LI><a href="#[a8]">&gt;&gt;</a>&nbsp;&nbsp;&nbsp;SPI_ClkToMax
<LI><a href="#[a5]">&gt;&gt;</a>&nbsp;&nbsp;&nbsp;SD_HardWareInit
<LI><a href="#[a6]">&gt;&gt;</a>&nbsp;&nbsp;&nbsp;SD_ChkCard
<LI><a href="#[a4]">&gt;&gt;</a>&nbsp;&nbsp;&nbsp;SD_StartSD
<LI><a href="#[a2]">&gt;&gt;</a>&nbsp;&nbsp;&nbsp;SD_ActiveInit
<LI><a href="#[a0]">&gt;&gt;</a>&nbsp;&nbsp;&nbsp;SD_GetCardInfo
<LI><a href="#[a9]">&gt;&gt;</a>&nbsp;&nbsp;&nbsp;SD_EndSD
<LI><a href="#[a7]">&gt;&gt;</a>&nbsp;&nbsp;&nbsp;SD_Sleep
<LI><a href="#[88]">&gt;&gt;</a>&nbsp;&nbsp;&nbsp;SPI_CS_Deassert
<LI><a href="#[86]">&gt;&gt;</a>&nbsp;&nbsp;&nbsp;SPI_CS_Assert
<LI><a href="#[9f]">&gt;&gt;</a>&nbsp;&nbsp;&nbsp;SD_SPIDelay
<LI><a href="#[9a]">&gt;&gt;</a>&nbsp;&nbsp;&nbsp;SD_ReadOCR
<LI><a href="#[91]">&gt;&gt;</a>&nbsp;&nbsp;&nbsp;SD_SetBlockLen
<LI><a href="#[8c]">&gt;&gt;</a>&nbsp;&nbsp;&nbsp;SD_ResetSD
</UL>
<BR>[Called By]<UL><LI><a href="#[83]">&gt;&gt;</a>&nbsp;&nbsp;&nbsp;MSD_Init
</UL>

<P><STRONG><a name="[aa]"></a>SD_ReadBlock</STRONG> (Thumb, 84 bytes, Stack size 24 bytes, sddriver.o(.text))
<BR><BR>[Stack]<UL><LI>Max Depth = 104<LI>Call Chain = SD_ReadBlock &rArr; SD_ReadSingleBlock &rArr; SD_BlockCommand &rArr; SD_SendCmd &rArr; SPI_SendByte
</UL>
<BR>[Calls]<UL><LI><a href="#[a6]">&gt;&gt;</a>&nbsp;&nbsp;&nbsp;SD_ChkCard
<LI><a href="#[a4]">&gt;&gt;</a>&nbsp;&nbsp;&nbsp;SD_StartSD
<LI><a href="#[a9]">&gt;&gt;</a>&nbsp;&nbsp;&nbsp;SD_EndSD
<LI><a href="#[9b]">&gt;&gt;</a>&nbsp;&nbsp;&nbsp;SD_ReadBlockData
<LI><a href="#[92]">&gt;&gt;</a>&nbsp;&nbsp;&nbsp;SD_ReadSingleBlock
</UL>
<BR>[Called By]<UL><LI><a href="#[84]">&gt;&gt;</a>&nbsp;&nbsp;&nbsp;MSD_ReadBlock
</UL>

<P><STRONG><a name="[ab]"></a>SD_ReadMultiBlock</STRONG> (Thumb, 122 bytes, Stack size 24 bytes, sddriver.o(.text), UNUSED)
<BR><BR>[Calls]<UL><LI><a href="#[a6]">&gt;&gt;</a>&nbsp;&nbsp;&nbsp;SD_ChkCard
<LI><a href="#[a4]">&gt;&gt;</a>&nbsp;&nbsp;&nbsp;SD_StartSD
<LI><a href="#[a9]">&gt;&gt;</a>&nbsp;&nbsp;&nbsp;SD_EndSD
<LI><a href="#[9b]">&gt;&gt;</a>&nbsp;&nbsp;&nbsp;SD_ReadBlockData
<LI><a href="#[93]">&gt;&gt;</a>&nbsp;&nbsp;&nbsp;SD_ReadMultipleBlock
<LI><a href="#[8f]">&gt;&gt;</a>&nbsp;&nbsp;&nbsp;SD_StopTransmission
</UL>
<BR>[Called By]<UL><LI><a href="#[ba]">&gt;&gt;</a>&nbsp;&nbsp;&nbsp;MSD_ReadBuffer
</UL>

<P><STRONG><a name="[ac]"></a>SD_WriteBlock</STRONG> (Thumb, 98 bytes, Stack size 24 bytes, sddriver.o(.text), UNUSED)
<BR><BR>[Calls]<UL><LI><a href="#[ad]">&gt;&gt;</a>&nbsp;&nbsp;&nbsp;SD_ChkCardWP
<LI><a href="#[a6]">&gt;&gt;</a>&nbsp;&nbsp;&nbsp;SD_ChkCard
<LI><a href="#[a4]">&gt;&gt;</a>&nbsp;&nbsp;&nbsp;SD_StartSD
<LI><a href="#[a9]">&gt;&gt;</a>&nbsp;&nbsp;&nbsp;SD_EndSD
<LI><a href="#[9d]">&gt;&gt;</a>&nbsp;&nbsp;&nbsp;SD_WriteBlockData
<LI><a href="#[94]">&gt;&gt;</a>&nbsp;&nbsp;&nbsp;SD_WriteSingleBlock
</UL>
<BR>[Called By]<UL><LI><a href="#[b8]">&gt;&gt;</a>&nbsp;&nbsp;&nbsp;MSD_WriteBlock
</UL>

<P><STRONG><a name="[ae]"></a>SD_WriteMultiBlock</STRONG> (Thumb, 274 bytes, Stack size 32 bytes, sddriver.o(.text), UNUSED)
<BR><BR>[Calls]<UL><LI><a href="#[ad]">&gt;&gt;</a>&nbsp;&nbsp;&nbsp;SD_ChkCardWP
<LI><a href="#[a6]">&gt;&gt;</a>&nbsp;&nbsp;&nbsp;SD_ChkCard
<LI><a href="#[a4]">&gt;&gt;</a>&nbsp;&nbsp;&nbsp;SD_StartSD
<LI><a href="#[a9]">&gt;&gt;</a>&nbsp;&nbsp;&nbsp;SD_EndSD
<LI><a href="#[9e]">&gt;&gt;</a>&nbsp;&nbsp;&nbsp;SD_StopMultiToken
<LI><a href="#[9d]">&gt;&gt;</a>&nbsp;&nbsp;&nbsp;SD_WriteBlockData
<LI><a href="#[9c]">&gt;&gt;</a>&nbsp;&nbsp;&nbsp;SD_GetNumWRBlcoks
<LI><a href="#[98]">&gt;&gt;</a>&nbsp;&nbsp;&nbsp;SD_WaitBusy
<LI><a href="#[95]">&gt;&gt;</a>&nbsp;&nbsp;&nbsp;SD_WriteMultipleBlock
<LI><a href="#[90]">&gt;&gt;</a>&nbsp;&nbsp;&nbsp;SD_ReadCard_Status
<LI><a href="#[8f]">&gt;&gt;</a>&nbsp;&nbsp;&nbsp;SD_StopTransmission
</UL>
<BR>[Called By]<UL><LI><a href="#[b9]">&gt;&gt;</a>&nbsp;&nbsp;&nbsp;MSD_WriteBuffer
</UL>

<P><STRONG><a name="[af]"></a>SD_EraseBlock</STRONG> (Thumb, 216 bytes, Stack size 24 bytes, sddriver.o(.text), UNUSED)
<BR><BR>[Calls]<UL><LI><a href="#[ad]">&gt;&gt;</a>&nbsp;&nbsp;&nbsp;SD_ChkCardWP
<LI><a href="#[a6]">&gt;&gt;</a>&nbsp;&nbsp;&nbsp;SD_ChkCard
<LI><a href="#[a4]">&gt;&gt;</a>&nbsp;&nbsp;&nbsp;SD_StartSD
<LI><a href="#[a9]">&gt;&gt;</a>&nbsp;&nbsp;&nbsp;SD_EndSD
<LI><a href="#[99]">&gt;&gt;</a>&nbsp;&nbsp;&nbsp;SD_EraseSelectedBlock
<LI><a href="#[97]">&gt;&gt;</a>&nbsp;&nbsp;&nbsp;SD_EraseEndBlock
<LI><a href="#[96]">&gt;&gt;</a>&nbsp;&nbsp;&nbsp;SD_EraseStartBlock
</UL>
<BR>[Called By]<UL><LI><a href="#[b7]">&gt;&gt;</a>&nbsp;&nbsp;&nbsp;MSD_EarseBlock
</UL>

<P><STRONG><a name="[125]"></a>SD_GetZLGSDVer</STRONG> (Thumb, 6 bytes, Stack size 0 bytes, sddriver.o(.text), UNUSED)

<P><STRONG><a name="[a5]"></a>SD_HardWareInit</STRONG> (Thumb, 16 bytes, Stack size 8 bytes, sdhal.o(.text))
<BR><BR>[Stack]<UL><LI>Max Depth = 64<LI>Call Chain = SD_HardWareInit &rArr; SPI_Config &rArr; GPIO_Init
</UL>
<BR>[Calls]<UL><LI><a href="#[b0]">&gt;&gt;</a>&nbsp;&nbsp;&nbsp;SPI_Config
<LI><a href="#[b1]">&gt;&gt;</a>&nbsp;&nbsp;&nbsp;GPIO_SetBits
</UL>
<BR>[Called By]<UL><LI><a href="#[a3]">&gt;&gt;</a>&nbsp;&nbsp;&nbsp;SD_Initialize
</UL>

<P><STRONG><a name="[b2]"></a>SPI_Clk400k</STRONG> (Thumb, 80 bytes, Stack size 24 bytes, sdhal.o(.text), UNUSED)
<BR><BR>[Calls]<UL><LI><a href="#[76]">&gt;&gt;</a>&nbsp;&nbsp;&nbsp;SPI_Cmd
<LI><a href="#[75]">&gt;&gt;</a>&nbsp;&nbsp;&nbsp;SPI_Init
</UL>

<P><STRONG><a name="[a8]"></a>SPI_ClkToMax</STRONG> (Thumb, 72 bytes, Stack size 24 bytes, sdhal.o(.text))
<BR><BR>[Stack]<UL><LI>Max Depth = 32<LI>Call Chain = SPI_ClkToMax &rArr; SPI_Init
</UL>
<BR>[Calls]<UL><LI><a href="#[75]">&gt;&gt;</a>&nbsp;&nbsp;&nbsp;SPI_Init
</UL>
<BR>[Called By]<UL><LI><a href="#[a3]">&gt;&gt;</a>&nbsp;&nbsp;&nbsp;SD_Initialize
</UL>

<P><STRONG><a name="[87]"></a>SPI_SendByte</STRONG> (Thumb, 28 bytes, Stack size 8 bytes, sdhal.o(.text))
<BR><BR>[Stack]<UL><LI>Max Depth = 8<LI>Call Chain = SPI_SendByte
</UL>
<BR>[Calls]<UL><LI><a href="#[b3]">&gt;&gt;</a>&nbsp;&nbsp;&nbsp;SPI_I2S_GetFlagStatus
<LI><a href="#[b4]">&gt;&gt;</a>&nbsp;&nbsp;&nbsp;SPI_I2S_SendData
</UL>
<BR>[Called By]<UL><LI><a href="#[9f]">&gt;&gt;</a>&nbsp;&nbsp;&nbsp;SD_SPIDelay
<LI><a href="#[9e]">&gt;&gt;</a>&nbsp;&nbsp;&nbsp;SD_StopMultiToken
<LI><a href="#[9d]">&gt;&gt;</a>&nbsp;&nbsp;&nbsp;SD_WriteBlockData
<LI><a href="#[9b]">&gt;&gt;</a>&nbsp;&nbsp;&nbsp;SD_ReadBlockData
<LI><a href="#[98]">&gt;&gt;</a>&nbsp;&nbsp;&nbsp;SD_WaitBusy
<LI><a href="#[8d]">&gt;&gt;</a>&nbsp;&nbsp;&nbsp;SD_ReadRegister
<LI><a href="#[85]">&gt;&gt;</a>&nbsp;&nbsp;&nbsp;SD_SendCmd
</UL>

<P><STRONG><a name="[89]"></a>SPI_RecByte</STRONG> (Thumb, 52 bytes, Stack size 8 bytes, sdhal.o(.text))
<BR><BR>[Stack]<UL><LI>Max Depth = 8<LI>Call Chain = SPI_RecByte
</UL>
<BR>[Calls]<UL><LI><a href="#[b3]">&gt;&gt;</a>&nbsp;&nbsp;&nbsp;SPI_I2S_GetFlagStatus
<LI><a href="#[b5]">&gt;&gt;</a>&nbsp;&nbsp;&nbsp;SPI_I2S_ReceiveData
<LI><a href="#[b4]">&gt;&gt;</a>&nbsp;&nbsp;&nbsp;SPI_I2S_SendData
</UL>
<BR>[Called By]<UL><LI><a href="#[9e]">&gt;&gt;</a>&nbsp;&nbsp;&nbsp;SD_StopMultiToken
<LI><a href="#[9d]">&gt;&gt;</a>&nbsp;&nbsp;&nbsp;SD_WriteBlockData
<LI><a href="#[9b]">&gt;&gt;</a>&nbsp;&nbsp;&nbsp;SD_ReadBlockData
<LI><a href="#[98]">&gt;&gt;</a>&nbsp;&nbsp;&nbsp;SD_WaitBusy
<LI><a href="#[8d]">&gt;&gt;</a>&nbsp;&nbsp;&nbsp;SD_ReadRegister
<LI><a href="#[85]">&gt;&gt;</a>&nbsp;&nbsp;&nbsp;SD_SendCmd
</UL>

<P><STRONG><a name="[86]"></a>SPI_CS_Assert</STRONG> (Thumb, 12 bytes, Stack size 8 bytes, sdhal.o(.text))
<BR><BR>[Stack]<UL><LI>Max Depth = 8<LI>Call Chain = SPI_CS_Assert
</UL>
<BR>[Calls]<UL><LI><a href="#[b6]">&gt;&gt;</a>&nbsp;&nbsp;&nbsp;GPIO_ResetBits
</UL>
<BR>[Called By]<UL><LI><a href="#[a3]">&gt;&gt;</a>&nbsp;&nbsp;&nbsp;SD_Initialize
<LI><a href="#[9e]">&gt;&gt;</a>&nbsp;&nbsp;&nbsp;SD_StopMultiToken
<LI><a href="#[9d]">&gt;&gt;</a>&nbsp;&nbsp;&nbsp;SD_WriteBlockData
<LI><a href="#[9b]">&gt;&gt;</a>&nbsp;&nbsp;&nbsp;SD_ReadBlockData
<LI><a href="#[98]">&gt;&gt;</a>&nbsp;&nbsp;&nbsp;SD_WaitBusy
<LI><a href="#[8d]">&gt;&gt;</a>&nbsp;&nbsp;&nbsp;SD_ReadRegister
<LI><a href="#[85]">&gt;&gt;</a>&nbsp;&nbsp;&nbsp;SD_SendCmd
</UL>

<P><STRONG><a name="[88]"></a>SPI_CS_Deassert</STRONG> (Thumb, 12 bytes, Stack size 8 bytes, sdhal.o(.text))
<BR><BR>[Stack]<UL><LI>Max Depth = 8<LI>Call Chain = SPI_CS_Deassert
</UL>
<BR>[Calls]<UL><LI><a href="#[b1]">&gt;&gt;</a>&nbsp;&nbsp;&nbsp;GPIO_SetBits
</UL>
<BR>[Called By]<UL><LI><a href="#[a3]">&gt;&gt;</a>&nbsp;&nbsp;&nbsp;SD_Initialize
<LI><a href="#[9e]">&gt;&gt;</a>&nbsp;&nbsp;&nbsp;SD_StopMultiToken
<LI><a href="#[9d]">&gt;&gt;</a>&nbsp;&nbsp;&nbsp;SD_WriteBlockData
<LI><a href="#[9b]">&gt;&gt;</a>&nbsp;&nbsp;&nbsp;SD_ReadBlockData
<LI><a href="#[98]">&gt;&gt;</a>&nbsp;&nbsp;&nbsp;SD_WaitBusy
<LI><a href="#[8d]">&gt;&gt;</a>&nbsp;&nbsp;&nbsp;SD_ReadRegister
<LI><a href="#[85]">&gt;&gt;</a>&nbsp;&nbsp;&nbsp;SD_SendCmd
</UL>

<P><STRONG><a name="[a6]"></a>SD_ChkCard</STRONG> (Thumb, 4 bytes, Stack size 0 bytes, sdhal.o(.text))
<BR><BR>[Called By]<UL><LI><a href="#[af]">&gt;&gt;</a>&nbsp;&nbsp;&nbsp;SD_EraseBlock
<LI><a href="#[ae]">&gt;&gt;</a>&nbsp;&nbsp;&nbsp;SD_WriteMultiBlock
<LI><a href="#[ac]">&gt;&gt;</a>&nbsp;&nbsp;&nbsp;SD_WriteBlock
<LI><a href="#[ab]">&gt;&gt;</a>&nbsp;&nbsp;&nbsp;SD_ReadMultiBlock
<LI><a href="#[aa]">&gt;&gt;</a>&nbsp;&nbsp;&nbsp;SD_ReadBlock
<LI><a href="#[a3]">&gt;&gt;</a>&nbsp;&nbsp;&nbsp;SD_Initialize
</UL>

<P><STRONG><a name="[ad]"></a>SD_ChkCardWP</STRONG> (Thumb, 4 bytes, Stack size 0 bytes, sdhal.o(.text), UNUSED)
<BR><BR>[Called By]<UL><LI><a href="#[af]">&gt;&gt;</a>&nbsp;&nbsp;&nbsp;SD_EraseBlock
<LI><a href="#[ae]">&gt;&gt;</a>&nbsp;&nbsp;&nbsp;SD_WriteMultiBlock
<LI><a href="#[ac]">&gt;&gt;</a>&nbsp;&nbsp;&nbsp;SD_WriteBlock
</UL>

<P><STRONG><a name="[83]"></a>MSD_Init</STRONG> (Thumb, 14 bytes, Stack size 8 bytes, msd.o(.text))
<BR><BR>[Stack]<UL><LI>Max Depth = 120<LI>Call Chain = MSD_Init &rArr; SD_Initialize &rArr; SD_GetCardInfo &rArr; SD_ReadCSD &rArr; SD_SendCmd &rArr; SPI_SendByte
</UL>
<BR>[Calls]<UL><LI><a href="#[a3]">&gt;&gt;</a>&nbsp;&nbsp;&nbsp;SD_Initialize
</UL>
<BR>[Called By]<UL><LI><a href="#[53]">&gt;&gt;</a>&nbsp;&nbsp;&nbsp;main
</UL>

<P><STRONG><a name="[b7]"></a>MSD_EarseBlock</STRONG> (Thumb, 22 bytes, Stack size 16 bytes, msd.o(.text), UNUSED)
<BR><BR>[Calls]<UL><LI><a href="#[af]">&gt;&gt;</a>&nbsp;&nbsp;&nbsp;SD_EraseBlock
</UL>

<P><STRONG><a name="[b8]"></a>MSD_WriteBlock</STRONG> (Thumb, 30 bytes, Stack size 24 bytes, msd.o(.text), UNUSED)
<BR><BR>[Calls]<UL><LI><a href="#[ac]">&gt;&gt;</a>&nbsp;&nbsp;&nbsp;SD_WriteBlock
</UL>

<P><STRONG><a name="[84]"></a>MSD_ReadBlock</STRONG> (Thumb, 30 bytes, Stack size 24 bytes, msd.o(.text))
<BR><BR>[Stack]<UL><LI>Max Depth = 128<LI>Call Chain = MSD_ReadBlock &rArr; SD_ReadBlock &rArr; SD_ReadSingleBlock &rArr; SD_BlockCommand &rArr; SD_SendCmd &rArr; SPI_SendByte
</UL>
<BR>[Calls]<UL><LI><a href="#[aa]">&gt;&gt;</a>&nbsp;&nbsp;&nbsp;SD_ReadBlock
</UL>
<BR>[Called By]<UL><LI><a href="#[53]">&gt;&gt;</a>&nbsp;&nbsp;&nbsp;main
</UL>

<P><STRONG><a name="[b9]"></a>MSD_WriteBuffer</STRONG> (Thumb, 36 bytes, Stack size 24 bytes, msd.o(.text), UNUSED)
<BR><BR>[Calls]<UL><LI><a href="#[ae]">&gt;&gt;</a>&nbsp;&nbsp;&nbsp;SD_WriteMultiBlock
</UL>

<P><STRONG><a name="[ba]"></a>MSD_ReadBuffer</STRONG> (Thumb, 36 bytes, Stack size 24 bytes, msd.o(.text), UNUSED)
<BR><BR>[Calls]<UL><LI><a href="#[ab]">&gt;&gt;</a>&nbsp;&nbsp;&nbsp;SD_ReadMultiBlock
</UL>

<P><STRONG><a name="[126]"></a>MSD_GetMediumCharacteristics</STRONG> (Thumb, 34 bytes, Stack size 0 bytes, msd.o(.text), UNUSED)

<P><STRONG><a name="[81]"></a>strlen</STRONG> (Thumb, 62 bytes, Stack size 8 bytes, strlen.o(.text))
<BR><BR>[Stack]<UL><LI>Max Depth = 8<LI>Call Chain = strlen
</UL>
<BR>[Called By]<UL><LI><a href="#[53]">&gt;&gt;</a>&nbsp;&nbsp;&nbsp;main
</UL>

<P><STRONG><a name="[127]"></a>__use_two_region_memory</STRONG> (Thumb, 2 bytes, Stack size 0 bytes, heapauxi.o(.text), UNUSED)

<P><STRONG><a name="[128]"></a>__rt_heap_escrow$2region</STRONG> (Thumb, 2 bytes, Stack size 0 bytes, heapauxi.o(.text), UNUSED)

<P><STRONG><a name="[129]"></a>__rt_heap_expand$2region</STRONG> (Thumb, 2 bytes, Stack size 0 bytes, heapauxi.o(.text), UNUSED)

<P><STRONG><a name="[4f]"></a>__user_setup_stackheap</STRONG> (Thumb, 74 bytes, Stack size 8 bytes, sys_stackheap_outer.o(.text))
<BR><BR>[Stack]<UL><LI>Max Depth = 8 + Unknown Stack Size
<LI>Call Chain = __user_setup_stackheap
</UL>
<BR>[Calls]<UL><LI><a href="#[bb]">&gt;&gt;</a>&nbsp;&nbsp;&nbsp;__user_perproc_libspace
<LI><a href="#[bc]">&gt;&gt;</a>&nbsp;&nbsp;&nbsp;__user_initial_stackheap
</UL>
<BR>[Called By]<UL><LI><a href="#[4e]">&gt;&gt;</a>&nbsp;&nbsp;&nbsp;__rt_entry_sh
</UL>

<P><STRONG><a name="[54]"></a>exit</STRONG> (Thumb, 12 bytes, Stack size 0 bytes, exit.o(.text))
<BR><BR>[Calls]<UL><LI><a href="#[bd]">&gt;&gt;</a>&nbsp;&nbsp;&nbsp;__rt_exit
</UL>
<BR>[Called By]<UL><LI><a href="#[52]">&gt;&gt;</a>&nbsp;&nbsp;&nbsp;__rt_entry_main
</UL>

<P><STRONG><a name="[12a]"></a>__user_libspace</STRONG> (Thumb, 8 bytes, Stack size 0 bytes, libspace.o(.text), UNUSED)

<P><STRONG><a name="[bb]"></a>__user_perproc_libspace</STRONG> (Thumb, 0 bytes, Stack size 0 bytes, libspace.o(.text))
<BR><BR>[Called By]<UL><LI><a href="#[4f]">&gt;&gt;</a>&nbsp;&nbsp;&nbsp;__user_setup_stackheap
</UL>

<P><STRONG><a name="[12b]"></a>__user_perthread_libspace</STRONG> (Thumb, 0 bytes, Stack size 0 bytes, libspace.o(.text), UNUSED)

<P><STRONG><a name="[58]"></a>_sys_exit</STRONG> (Thumb, 8 bytes, Stack size 0 bytes, sys_exit.o(.text))
<BR><BR>[Called By]<UL><LI><a href="#[57]">&gt;&gt;</a>&nbsp;&nbsp;&nbsp;__rt_exit_exit
</UL>

<P><STRONG><a name="[12c]"></a>__I$use$semihosting</STRONG> (Thumb, 0 bytes, Stack size 0 bytes, use_no_semi.o(.text), UNUSED)

<P><STRONG><a name="[12d]"></a>__use_no_semihosting_swi</STRONG> (Thumb, 2 bytes, Stack size 0 bytes, use_no_semi.o(.text), UNUSED)

<P><STRONG><a name="[12e]"></a>__semihosting_library_function</STRONG> (Thumb, 0 bytes, Stack size unknown bytes, indicate_semi.o(.text), UNUSED)
<P>
<H3>
Local Symbols
</H3>
<P><STRONG><a name="[b0]"></a>SPI_Config</STRONG> (Thumb, 148 bytes, Stack size 32 bytes, sdhal.o(.text))
<BR><BR>[Stack]<UL><LI>Max Depth = 56<LI>Call Chain = SPI_Config &rArr; GPIO_Init
</UL>
<BR>[Calls]<UL><LI><a href="#[73]">&gt;&gt;</a>&nbsp;&nbsp;&nbsp;GPIO_Init
<LI><a href="#[76]">&gt;&gt;</a>&nbsp;&nbsp;&nbsp;SPI_Cmd
<LI><a href="#[75]">&gt;&gt;</a>&nbsp;&nbsp;&nbsp;SPI_Init
<LI><a href="#[70]">&gt;&gt;</a>&nbsp;&nbsp;&nbsp;RCC_APB2PeriphClockCmd
</UL>
<BR>[Called By]<UL><LI><a href="#[a5]">&gt;&gt;</a>&nbsp;&nbsp;&nbsp;SD_HardWareInit
</UL>
<P>
<H3>
Undefined Global Symbols
</H3><HR></body></html>
