ARM Linker, 5.03 [Build 24] [MDK-ARM Standard]

==============================================================================

Section Cross References

    stm32f10x_rcc.o(.text) refers to stm32f10x_rcc.o(.constdata) for APBAHBPrescTable
    stm32f10x_spi.o(.text) refers to stm32f10x_rcc.o(.text) for RCC_APB2PeriphResetCmd
    stm32f10x_gpio.o(.text) refers to stm32f10x_rcc.o(.text) for RCC_APB2PeriphResetCmd
    stm32f10x_usart.o(.text) refers to stm32f10x_rcc.o(.text) for RCC_APB2PeriphResetCmd
    stm32f10x_bkp.o(.text) refers to stm32f10x_rcc.o(.text) for RCC_BackupResetCmd
    stm32f10x_nvic.o(.text) refers to cortexm3_macro.o(.text) for __SETPRIMASK
    stm32f10x_pwr.o(.text) refers to stm32f10x_rcc.o(.text) for RCC_APB1PeriphResetCmd
    stm32f10x_pwr.o(.text) refers to cortexm3_macro.o(.text) for __WFI
    stm32f10x_vector.o(STACK) refers (Special) to heapauxi.o(.text) for __use_two_region_memory
    stm32f10x_vector.o(HEAP) refers (Special) to heapauxi.o(.text) for __use_two_region_memory
    stm32f10x_vector.o(RESET) refers (Special) to heapauxi.o(.text) for __use_two_region_memory
    stm32f10x_vector.o(RESET) refers to stm32f10x_vector.o(STACK) for __initial_sp
    stm32f10x_vector.o(RESET) refers to stm32f10x_vector.o(.text) for Reset_Handler
    stm32f10x_vector.o(RESET) refers to stm32f10x_it.o(.text) for NMIException
    stm32f10x_vector.o(.text) refers (Special) to heapauxi.o(.text) for __use_two_region_memory
    stm32f10x_vector.o(.text) refers to __main.o(!!!main) for __main
    stm32f10x_vector.o(.text) refers to stm32f10x_vector.o(HEAP) for Heap_Mem
    stm32f10x_vector.o(.text) refers to stm32f10x_vector.o(STACK) for Stack_Mem
    stm32f10x_it.o(.text) refers to stm32f10x_rtc.o(.text) for RTC_GetITStatus
    stm32f10x_it.o(.text) refers to stm32f10x_usart.o(.text) for USART_SendData
    stm32f10x_it.o(.text) refers to stm32f10x_exti.o(.text) for EXTI_ClearFlag
    stm32f10x_it.o(.text) refers to msd.o(.text) for MSD_WriteBlock
    stm32f10x_it.o(.text) refers to stm32f10x_it.o(.data) for Timedisplay
    stm32f10x_it.o(.text) refers to stm32f10x_it.o(.bss) for RxGPSBuffer
    main.o(.text) refers to stm32f10x_rcc.o(.text) for RCC_DeInit
    main.o(.text) refers to stm32f10x_flash.o(.text) for FLASH_SetLatency
    main.o(.text) refers to stm32f10x_systick.o(.text) for SysTick_ITConfig
    main.o(.text) refers to stm32f10x_gpio.o(.text) for GPIO_Init
    main.o(.text) refers to stm32f10x_spi.o(.text) for SPI_Init
    main.o(.text) refers to stm32f10x_usart.o(.text) for USART_Init
    main.o(.text) refers to stm32f10x_nvic.o(.text) for NVIC_PriorityGroupConfig
    main.o(.text) refers to stm32f10x_exti.o(.text) for EXTI_ClearITPendingBit
    main.o(.text) refers to stm32f10x_pwr.o(.text) for PWR_BackupAccessCmd
    main.o(.text) refers to stm32f10x_bkp.o(.text) for BKP_DeInit
    main.o(.text) refers to stm32f10x_rtc.o(.text) for RTC_WaitForSynchro
    main.o(.text) refers to msd.o(.text) for MSD_Init
    main.o(.text) refers to strlen.o(.text) for strlen
    main.o(.text) refers to main.o(.bss) for SPI_InitStructure
    main.o(.text) refers to msd.o(.data) for Mass_Block_Count
    main.o(.text) refers to stm32f10x_it.o(.data) for Timedisplay
    main.o(.text) refers to main.o(.data) for Responce
    main.o(.text) refers to stm32f10x_it.o(.bss) for sd_send_buf
    sdcmd.o(.text) refers to sdhal.o(.text) for SPI_CS_Assert
    sdcmd.o(.text) refers to sdcrc.o(.text) for SD_GetCmdByte6
    sdcmd.o(.text) refers to sddriver.o(.bss) for sds
    sdcrc.o(.text) refers to sdcrc.o(.constdata) for CRCTable
    sddriver.o(.text) refers to sdcmd.o(.text) for SD_ReadCSD
    sddriver.o(.text) refers to sdhal.o(.text) for SD_HardWareInit
    sddriver.o(.text) refers to sddriver.o(.bss) for sds
    sddriver.o(.text) refers to sddriver.o(.constdata) for time_value
    sdhal.o(.text) refers to stm32f10x_rcc.o(.text) for RCC_APB2PeriphClockCmd
    sdhal.o(.text) refers to stm32f10x_gpio.o(.text) for GPIO_Init
    sdhal.o(.text) refers to stm32f10x_spi.o(.text) for SPI_Init
    msd.o(.text) refers to sddriver.o(.text) for SD_Initialize
    msd.o(.text) refers to sddriver.o(.bss) for sds
    msd.o(.text) refers to msd.o(.data) for Mass_Block_Size
    __main.o(!!!main) refers to rtentry.o(.ARM.Collect$$rtentry$$00000000) for __rt_entry
    rtentry.o(.ARM.Collect$$rtentry$$00000000) refers (Special) to rtentry2.o(.ARM.Collect$$rtentry$$0000000A) for __rt_entry_li
    rtentry.o(.ARM.Collect$$rtentry$$00000000) refers (Special) to rtentry2.o(.ARM.Collect$$rtentry$$0000000D) for __rt_entry_main
    rtentry.o(.ARM.Collect$$rtentry$$00000000) refers (Special) to rtentry2.o(.ARM.Collect$$rtentry$$0000000C) for __rt_entry_postli_1
    rtentry.o(.ARM.Collect$$rtentry$$00000000) refers (Special) to rtentry2.o(.ARM.Collect$$rtentry$$00000009) for __rt_entry_postsh_1
    rtentry.o(.ARM.Collect$$rtentry$$00000000) refers (Special) to rtentry2.o(.ARM.Collect$$rtentry$$00000002) for __rt_entry_presh_1
    rtentry.o(.ARM.Collect$$rtentry$$00000000) refers (Special) to rtentry4.o(.ARM.Collect$$rtentry$$00000004) for __rt_entry_sh
    rtentry2.o(.ARM.Collect$$rtentry$$00000008) refers to boardinit2.o(.text) for _platform_post_stackheap_init
    rtentry2.o(.ARM.Collect$$rtentry$$0000000A) refers to libinit.o(.ARM.Collect$$libinit$$00000000) for __rt_lib_init
    rtentry2.o(.ARM.Collect$$rtentry$$0000000B) refers to boardinit3.o(.text) for _platform_post_lib_init
    rtentry2.o(.ARM.Collect$$rtentry$$0000000D) refers to main.o(.text) for main
    rtentry2.o(.ARM.Collect$$rtentry$$0000000D) refers to exit.o(.text) for exit
    rtentry2.o(.ARM.exidx) refers to rtentry2.o(.ARM.Collect$$rtentry$$00000001) for .ARM.Collect$$rtentry$$00000001
    rtentry2.o(.ARM.exidx) refers to rtentry2.o(.ARM.Collect$$rtentry$$00000008) for .ARM.Collect$$rtentry$$00000008
    rtentry2.o(.ARM.exidx) refers to rtentry2.o(.ARM.Collect$$rtentry$$0000000A) for .ARM.Collect$$rtentry$$0000000A
    rtentry2.o(.ARM.exidx) refers to rtentry2.o(.ARM.Collect$$rtentry$$0000000B) for .ARM.Collect$$rtentry$$0000000B
    rtentry2.o(.ARM.exidx) refers to rtentry2.o(.ARM.Collect$$rtentry$$0000000D) for .ARM.Collect$$rtentry$$0000000D
    rtentry4.o(.ARM.Collect$$rtentry$$00000004) refers to sys_stackheap_outer.o(.text) for __user_setup_stackheap
    rtentry4.o(.ARM.exidx) refers to rtentry4.o(.ARM.Collect$$rtentry$$00000004) for .ARM.Collect$$rtentry$$00000004
    sys_stackheap_outer.o(.text) refers to libspace.o(.text) for __user_perproc_libspace
    sys_stackheap_outer.o(.text) refers to stm32f10x_vector.o(.text) for __user_initial_stackheap
    exit.o(.text) refers to rtexit.o(.ARM.Collect$$rtexit$$00000000) for __rt_exit
    libinit.o(.ARM.Collect$$libinit$$00000000) refers (Special) to libinit2.o(.ARM.Collect$$libinit$$0000002C) for __rt_lib_init_alloca_1
    libinit.o(.ARM.Collect$$libinit$$00000000) refers (Special) to libinit2.o(.ARM.Collect$$libinit$$0000002A) for __rt_lib_init_argv_1
    libinit.o(.ARM.Collect$$libinit$$00000000) refers (Special) to libinit2.o(.ARM.Collect$$libinit$$00000019) for __rt_lib_init_atexit_1
    libinit.o(.ARM.Collect$$libinit$$00000000) refers (Special) to libinit2.o(.ARM.Collect$$libinit$$0000001F) for __rt_lib_init_clock_1
    libinit.o(.ARM.Collect$$libinit$$00000000) refers (Special) to libinit2.o(.ARM.Collect$$libinit$$00000030) for __rt_lib_init_cpp_1
    libinit.o(.ARM.Collect$$libinit$$00000000) refers (Special) to libinit2.o(.ARM.Collect$$libinit$$0000002E) for __rt_lib_init_exceptions_1
    libinit.o(.ARM.Collect$$libinit$$00000000) refers (Special) to libinit2.o(.ARM.Collect$$libinit$$00000002) for __rt_lib_init_fp_1
    libinit.o(.ARM.Collect$$libinit$$00000000) refers (Special) to libinit2.o(.ARM.Collect$$libinit$$0000001D) for __rt_lib_init_fp_trap_1
    libinit.o(.ARM.Collect$$libinit$$00000000) refers (Special) to libinit2.o(.ARM.Collect$$libinit$$00000021) for __rt_lib_init_getenv_1
    libinit.o(.ARM.Collect$$libinit$$00000000) refers (Special) to libinit2.o(.ARM.Collect$$libinit$$00000008) for __rt_lib_init_heap_1
    libinit.o(.ARM.Collect$$libinit$$00000000) refers (Special) to libinit2.o(.ARM.Collect$$libinit$$0000000F) for __rt_lib_init_lc_collate_1
    libinit.o(.ARM.Collect$$libinit$$00000000) refers (Special) to libinit2.o(.ARM.Collect$$libinit$$00000011) for __rt_lib_init_lc_ctype_1
    libinit.o(.ARM.Collect$$libinit$$00000000) refers (Special) to libinit2.o(.ARM.Collect$$libinit$$00000013) for __rt_lib_init_lc_monetary_1
    libinit.o(.ARM.Collect$$libinit$$00000000) refers (Special) to libinit2.o(.ARM.Collect$$libinit$$00000015) for __rt_lib_init_lc_numeric_1
    libinit.o(.ARM.Collect$$libinit$$00000000) refers (Special) to libinit2.o(.ARM.Collect$$libinit$$00000017) for __rt_lib_init_lc_time_1
    libinit.o(.ARM.Collect$$libinit$$00000000) refers (Special) to libinit2.o(.ARM.Collect$$libinit$$0000000C) for __rt_lib_init_rand_1
    libinit.o(.ARM.Collect$$libinit$$00000000) refers (Special) to libinit2.o(.ARM.Collect$$libinit$$00000031) for __rt_lib_init_return
    libinit.o(.ARM.Collect$$libinit$$00000000) refers (Special) to libinit2.o(.ARM.Collect$$libinit$$0000001B) for __rt_lib_init_signal_1
    libinit.o(.ARM.Collect$$libinit$$00000000) refers (Special) to libinit2.o(.ARM.Collect$$libinit$$00000023) for __rt_lib_init_stdio_1
    libinit.o(.ARM.Collect$$libinit$$00000000) refers (Special) to libinit2.o(.ARM.Collect$$libinit$$0000000A) for __rt_lib_init_user_alloc_1
    libspace.o(.text) refers to libspace.o(.bss) for __libspace_start
    rtexit.o(.ARM.Collect$$rtexit$$00000000) refers (Special) to rtexit2.o(.ARM.Collect$$rtexit$$00000004) for __rt_exit_exit
    rtexit.o(.ARM.Collect$$rtexit$$00000000) refers (Special) to rtexit2.o(.ARM.Collect$$rtexit$$00000003) for __rt_exit_ls
    rtexit.o(.ARM.Collect$$rtexit$$00000000) refers (Special) to rtexit2.o(.ARM.Collect$$rtexit$$00000002) for __rt_exit_prels_1
    rtexit.o(.ARM.exidx) refers (Special) to rtexit2.o(.ARM.Collect$$rtexit$$00000004) for __rt_exit_exit
    rtexit.o(.ARM.exidx) refers (Special) to rtexit2.o(.ARM.Collect$$rtexit$$00000003) for __rt_exit_ls
    rtexit.o(.ARM.exidx) refers (Special) to rtexit2.o(.ARM.Collect$$rtexit$$00000002) for __rt_exit_prels_1
    rtexit.o(.ARM.exidx) refers to rtexit.o(.ARM.Collect$$rtexit$$00000000) for .ARM.Collect$$rtexit$$00000000
    libinit2.o(.ARM.Collect$$libinit$$0000000E) refers to libinit2.o(.ARM.Collect$$libinit$$0000000D) for .ARM.Collect$$libinit$$0000000D
    libinit2.o(.ARM.Collect$$libinit$$00000010) refers to libinit2.o(.ARM.Collect$$libinit$$0000000D) for .ARM.Collect$$libinit$$0000000D
    libinit2.o(.ARM.Collect$$libinit$$00000012) refers to libinit2.o(.ARM.Collect$$libinit$$0000000D) for .ARM.Collect$$libinit$$0000000D
    libinit2.o(.ARM.Collect$$libinit$$00000014) refers to libinit2.o(.ARM.Collect$$libinit$$0000000D) for .ARM.Collect$$libinit$$0000000D
    libinit2.o(.ARM.Collect$$libinit$$00000016) refers to libinit2.o(.ARM.Collect$$libinit$$0000000D) for .ARM.Collect$$libinit$$0000000D
    libinit2.o(.ARM.Collect$$libinit$$00000024) refers to argv_veneer.o(.emb_text) for __ARM_argv_veneer
    libinit2.o(.ARM.Collect$$libinit$$00000025) refers to argv_veneer.o(.emb_text) for __ARM_argv_veneer
    rtexit2.o(.ARM.Collect$$rtexit$$00000003) refers to libshutdown.o(.ARM.Collect$$libshutdown$$00000000) for __rt_lib_shutdown
    rtexit2.o(.ARM.Collect$$rtexit$$00000004) refers to sys_exit.o(.text) for _sys_exit
    rtexit2.o(.ARM.exidx) refers to rtexit2.o(.ARM.Collect$$rtexit$$00000001) for .ARM.Collect$$rtexit$$00000001
    rtexit2.o(.ARM.exidx) refers to rtexit2.o(.ARM.Collect$$rtexit$$00000003) for .ARM.Collect$$rtexit$$00000003
    rtexit2.o(.ARM.exidx) refers to rtexit2.o(.ARM.Collect$$rtexit$$00000004) for .ARM.Collect$$rtexit$$00000004
    argv_veneer.o(.emb_text) refers to no_argv.o(.text) for __ARM_get_argv
    sys_exit.o(.text) refers (Special) to use_no_semi.o(.text) for __I$use$semihosting
    sys_exit.o(.text) refers (Special) to indicate_semi.o(.text) for __semihosting_library_function
    _get_argv_nomalloc.o(.text) refers (Special) to hrguard.o(.text) for __heap_region$guard
    _get_argv_nomalloc.o(.text) refers to defsig_rtmem_outer.o(.text) for __rt_SIGRTMEM
    _get_argv_nomalloc.o(.text) refers to sys_command.o(.text) for _sys_command_string
    libshutdown.o(.ARM.Collect$$libshutdown$$00000000) refers (Special) to libshutdown2.o(.ARM.Collect$$libshutdown$$00000006) for __rt_lib_shutdown_fp_trap_1
    libshutdown.o(.ARM.Collect$$libshutdown$$00000000) refers (Special) to libshutdown2.o(.ARM.Collect$$libshutdown$$0000000E) for __rt_lib_shutdown_heap_1
    libshutdown.o(.ARM.Collect$$libshutdown$$00000000) refers (Special) to libshutdown2.o(.ARM.Collect$$libshutdown$$0000000F) for __rt_lib_shutdown_return
    libshutdown.o(.ARM.Collect$$libshutdown$$00000000) refers (Special) to libshutdown2.o(.ARM.Collect$$libshutdown$$00000009) for __rt_lib_shutdown_signal_1
    libshutdown.o(.ARM.Collect$$libshutdown$$00000000) refers (Special) to libshutdown2.o(.ARM.Collect$$libshutdown$$00000003) for __rt_lib_shutdown_stdio_1
    libshutdown.o(.ARM.Collect$$libshutdown$$00000000) refers (Special) to libshutdown2.o(.ARM.Collect$$libshutdown$$0000000B) for __rt_lib_shutdown_user_alloc_1
    sys_command.o(.text) refers (Special) to use_no_semi.o(.text) for __I$use$semihosting
    sys_command.o(.text) refers (Special) to indicate_semi.o(.text) for __semihosting_library_function
    defsig_rtmem_outer.o(.text) refers to defsig_rtmem_inner.o(.text) for __rt_SIGRTMEM_inner
    defsig_rtmem_outer.o(.text) refers to defsig_exit.o(.text) for __sig_exit
    defsig_rtmem_formal.o(.text) refers to rt_raise.o(.text) for __rt_raise
    rt_raise.o(.text) refers to __raise.o(.text) for __raise
    rt_raise.o(.text) refers to sys_exit.o(.text) for _sys_exit
    defsig_exit.o(.text) refers to sys_exit.o(.text) for _sys_exit
    defsig_rtmem_inner.o(.text) refers to defsig_general.o(.text) for __default_signal_display
    __raise.o(.text) refers to defsig.o(CL$$defsig) for __default_signal_handler
    defsig_general.o(.text) refers to sys_wrch.o(.text) for _ttywrch
    sys_wrch.o(.text) refers (Special) to use_no_semi.o(.text) for __I$use$semihosting
    sys_wrch.o(.text) refers (Special) to indicate_semi.o(.text) for __semihosting_library_function
    defsig.o(CL$$defsig) refers to defsig_rtmem_inner.o(.text) for __rt_SIGRTMEM_inner
    defsig_abrt_inner.o(.text) refers to defsig_general.o(.text) for __default_signal_display
    defsig_fpe_inner.o(.text) refers to defsig_general.o(.text) for __default_signal_display
    defsig_rtred_inner.o(.text) refers to defsig_general.o(.text) for __default_signal_display
    defsig_stak_inner.o(.text) refers to defsig_general.o(.text) for __default_signal_display
    defsig_pvfn_inner.o(.text) refers to defsig_general.o(.text) for __default_signal_display
    defsig_cppl_inner.o(.text) refers to defsig_general.o(.text) for __default_signal_display
    defsig_segv_inner.o(.text) refers to defsig_general.o(.text) for __default_signal_display
    defsig_other.o(.text) refers to defsig_general.o(.text) for __default_signal_display


==============================================================================

Image Symbol Table

    Local Symbols

    Symbol Name                              Value     Ov Type        Size  Object(Section)

    ../clib/angel/boardlib.s                 0x00000000   Number         0  boardinit1.o ABSOLUTE
    ../clib/angel/boardlib.s                 0x00000000   Number         0  boardshut.o ABSOLUTE
    ../clib/angel/boardlib.s                 0x00000000   Number         0  boardinit2.o ABSOLUTE
    ../clib/angel/boardlib.s                 0x00000000   Number         0  boardinit3.o ABSOLUTE
    ../clib/angel/dczerorl2.s                0x00000000   Number         0  __dczerorl2.o ABSOLUTE
    ../clib/angel/handlers.s                 0x00000000   Number         0  __scatter_zi.o ABSOLUTE
    ../clib/angel/kernel.s                   0x00000000   Number         0  rtentry4.o ABSOLUTE
    ../clib/angel/kernel.s                   0x00000000   Number         0  rtentry.o ABSOLUTE
    ../clib/angel/kernel.s                   0x00000000   Number         0  rtexit2.o ABSOLUTE
    ../clib/angel/kernel.s                   0x00000000   Number         0  rtexit.o ABSOLUTE
    ../clib/angel/kernel.s                   0x00000000   Number         0  rtentry2.o ABSOLUTE
    ../clib/angel/rt.s                       0x00000000   Number         0  rt_raise.o ABSOLUTE
    ../clib/angel/scatter.s                  0x00000000   Number         0  __scatter.o ABSOLUTE
    ../clib/angel/startup.s                  0x00000000   Number         0  __main.o ABSOLUTE
    ../clib/angel/sys.s                      0x00000000   Number         0  indicate_semi.o ABSOLUTE
    ../clib/angel/sys.s                      0x00000000   Number         0  sys_stackheap_outer.o ABSOLUTE
    ../clib/angel/sys.s                      0x00000000   Number         0  use_no_semi.o ABSOLUTE
    ../clib/angel/sys.s                      0x00000000   Number         0  libspace.o ABSOLUTE
    ../clib/angel/sysapp.c                   0x00000000   Number         0  sys_command.o ABSOLUTE
    ../clib/angel/sysapp.c                   0x00000000   Number         0  sys_wrch.o ABSOLUTE
    ../clib/angel/sysapp.c                   0x00000000   Number         0  sys_exit.o ABSOLUTE
    ../clib/armsys.c                         0x00000000   Number         0  no_argv.o ABSOLUTE
    ../clib/armsys.c                         0x00000000   Number         0  _get_argv_nomalloc.o ABSOLUTE
    ../clib/armsys.c                         0x00000000   Number         0  argv_veneer.o ABSOLUTE
    ../clib/armsys.c                         0x00000000   Number         0  argv_veneer.o ABSOLUTE
    ../clib/heapalloc.c                      0x00000000   Number         0  hrguard.o ABSOLUTE
    ../clib/heapaux.c                        0x00000000   Number         0  heapauxi.o ABSOLUTE
    ../clib/libinit.s                        0x00000000   Number         0  libinit.o ABSOLUTE
    ../clib/libinit.s                        0x00000000   Number         0  libinit2.o ABSOLUTE
    ../clib/libinit.s                        0x00000000   Number         0  libshutdown2.o ABSOLUTE
    ../clib/libinit.s                        0x00000000   Number         0  libshutdown.o ABSOLUTE
    ../clib/signal.c                         0x00000000   Number         0  defsig_pvfn_inner.o ABSOLUTE
    ../clib/signal.c                         0x00000000   Number         0  defsig_exit.o ABSOLUTE
    ../clib/signal.c                         0x00000000   Number         0  defsig_rtmem_formal.o ABSOLUTE
    ../clib/signal.c                         0x00000000   Number         0  defsig_fpe_inner.o ABSOLUTE
    ../clib/signal.c                         0x00000000   Number         0  defsig_other.o ABSOLUTE
    ../clib/signal.c                         0x00000000   Number         0  defsig_abrt_inner.o ABSOLUTE
    ../clib/signal.c                         0x00000000   Number         0  defsig_segv_inner.o ABSOLUTE
    ../clib/signal.c                         0x00000000   Number         0  defsig_cppl_inner.o ABSOLUTE
    ../clib/signal.c                         0x00000000   Number         0  __raise.o ABSOLUTE
    ../clib/signal.c                         0x00000000   Number         0  defsig_general.o ABSOLUTE
    ../clib/signal.c                         0x00000000   Number         0  defsig_stak_inner.o ABSOLUTE
    ../clib/signal.c                         0x00000000   Number         0  defsig_rtmem_inner.o ABSOLUTE
    ../clib/signal.c                         0x00000000   Number         0  defsig_rtred_inner.o ABSOLUTE
    ../clib/signal.c                         0x00000000   Number         0  defsig_rtmem_outer.o ABSOLUTE
    ../clib/signal.s                         0x00000000   Number         0  defsig.o ABSOLUTE
    ../clib/stdlib.c                         0x00000000   Number         0  exit.o ABSOLUTE
    ../clib/string.c                         0x00000000   Number         0  strlen.o ABSOLUTE
    ../fplib/fpinit.s                        0x00000000   Number         0  fpinit.o ABSOLUTE
    boot\cortexm3_macro.s                    0x00000000   Number         0  cortexm3_macro.o ABSOLUTE
    boot\stm32f10x_vector.s                  0x00000000   Number         0  stm32f10x_vector.o ABSOLUTE
    dc.s                                     0x00000000   Number         0  dc.o ABSOLUTE
    interrupt\stm32f10x_it.c                 0x00000000   Number         0  stm32f10x_it.o ABSOLUTE
    library\src\msd.c                        0x00000000   Number         0  msd.o ABSOLUTE
    library\src\sdcmd.c                      0x00000000   Number         0  sdcmd.o ABSOLUTE
    library\src\sdcrc.c                      0x00000000   Number         0  sdcrc.o ABSOLUTE
    library\src\sddriver.c                   0x00000000   Number         0  sddriver.o ABSOLUTE
    library\src\sdhal.c                      0x00000000   Number         0  sdhal.o ABSOLUTE
    library\src\stm32f10x_bkp.c              0x00000000   Number         0  stm32f10x_bkp.o ABSOLUTE
    library\src\stm32f10x_exti.c             0x00000000   Number         0  stm32f10x_exti.o ABSOLUTE
    library\src\stm32f10x_flash.c            0x00000000   Number         0  stm32f10x_flash.o ABSOLUTE
    library\src\stm32f10x_gpio.c             0x00000000   Number         0  stm32f10x_gpio.o ABSOLUTE
    library\src\stm32f10x_lib.c              0x00000000   Number         0  stm32f10x_lib.o ABSOLUTE
    library\src\stm32f10x_nvic.c             0x00000000   Number         0  stm32f10x_nvic.o ABSOLUTE
    library\src\stm32f10x_pwr.c              0x00000000   Number         0  stm32f10x_pwr.o ABSOLUTE
    library\src\stm32f10x_rcc.c              0x00000000   Number         0  stm32f10x_rcc.o ABSOLUTE
    library\src\stm32f10x_rtc.c              0x00000000   Number         0  stm32f10x_rtc.o ABSOLUTE
    library\src\stm32f10x_spi.c              0x00000000   Number         0  stm32f10x_spi.o ABSOLUTE
    library\src\stm32f10x_systick.c          0x00000000   Number         0  stm32f10x_systick.o ABSOLUTE
    library\src\stm32f10x_usart.c            0x00000000   Number         0  stm32f10x_usart.o ABSOLUTE
    src\main.c                               0x00000000   Number         0  main.o ABSOLUTE
    RESET                                    0x08000000   Section      304  stm32f10x_vector.o(RESET)
    !!!main                                  0x08000130   Section        8  __main.o(!!!main)
    !!!scatter                               0x08000138   Section       52  __scatter.o(!!!scatter)
    !!dczerorl2                              0x0800016c   Section       90  __dczerorl2.o(!!dczerorl2)
    !!handler_zi                             0x080001c8   Section       28  __scatter_zi.o(!!handler_zi)
    .ARM.Collect$$libinit$$00000000          0x080001e4   Section        2  libinit.o(.ARM.Collect$$libinit$$00000000)
    .ARM.Collect$$libinit$$00000002          0x080001e6   Section        0  libinit2.o(.ARM.Collect$$libinit$$00000002)
    .ARM.Collect$$libinit$$00000008          0x080001e6   Section        0  libinit2.o(.ARM.Collect$$libinit$$00000008)
    .ARM.Collect$$libinit$$0000000A          0x080001e6   Section        0  libinit2.o(.ARM.Collect$$libinit$$0000000A)
    .ARM.Collect$$libinit$$0000000C          0x080001e6   Section        0  libinit2.o(.ARM.Collect$$libinit$$0000000C)
    .ARM.Collect$$libinit$$0000000F          0x080001e6   Section        0  libinit2.o(.ARM.Collect$$libinit$$0000000F)
    .ARM.Collect$$libinit$$00000011          0x080001e6   Section        0  libinit2.o(.ARM.Collect$$libinit$$00000011)
    .ARM.Collect$$libinit$$00000013          0x080001e6   Section        0  libinit2.o(.ARM.Collect$$libinit$$00000013)
    .ARM.Collect$$libinit$$00000015          0x080001e6   Section        0  libinit2.o(.ARM.Collect$$libinit$$00000015)
    .ARM.Collect$$libinit$$00000017          0x080001e6   Section        0  libinit2.o(.ARM.Collect$$libinit$$00000017)
    .ARM.Collect$$libinit$$00000019          0x080001e6   Section        0  libinit2.o(.ARM.Collect$$libinit$$00000019)
    .ARM.Collect$$libinit$$0000001B          0x080001e6   Section        0  libinit2.o(.ARM.Collect$$libinit$$0000001B)
    .ARM.Collect$$libinit$$0000001D          0x080001e6   Section        0  libinit2.o(.ARM.Collect$$libinit$$0000001D)
    .ARM.Collect$$libinit$$0000001F          0x080001e6   Section        0  libinit2.o(.ARM.Collect$$libinit$$0000001F)
    .ARM.Collect$$libinit$$00000021          0x080001e6   Section        0  libinit2.o(.ARM.Collect$$libinit$$00000021)
    .ARM.Collect$$libinit$$00000023          0x080001e6   Section        0  libinit2.o(.ARM.Collect$$libinit$$00000023)
    .ARM.Collect$$libinit$$0000002A          0x080001e6   Section        0  libinit2.o(.ARM.Collect$$libinit$$0000002A)
    .ARM.Collect$$libinit$$0000002C          0x080001e6   Section        0  libinit2.o(.ARM.Collect$$libinit$$0000002C)
    .ARM.Collect$$libinit$$0000002E          0x080001e6   Section        0  libinit2.o(.ARM.Collect$$libinit$$0000002E)
    .ARM.Collect$$libinit$$00000030          0x080001e6   Section        0  libinit2.o(.ARM.Collect$$libinit$$00000030)
    .ARM.Collect$$libinit$$00000031          0x080001e6   Section        2  libinit2.o(.ARM.Collect$$libinit$$00000031)
    .ARM.Collect$$libshutdown$$00000000      0x080001e8   Section        2  libshutdown.o(.ARM.Collect$$libshutdown$$00000000)
    .ARM.Collect$$libshutdown$$00000003      0x080001ea   Section        0  libshutdown2.o(.ARM.Collect$$libshutdown$$00000003)
    .ARM.Collect$$libshutdown$$00000006      0x080001ea   Section        0  libshutdown2.o(.ARM.Collect$$libshutdown$$00000006)
    .ARM.Collect$$libshutdown$$00000009      0x080001ea   Section        0  libshutdown2.o(.ARM.Collect$$libshutdown$$00000009)
    .ARM.Collect$$libshutdown$$0000000B      0x080001ea   Section        0  libshutdown2.o(.ARM.Collect$$libshutdown$$0000000B)
    .ARM.Collect$$libshutdown$$0000000E      0x080001ea   Section        0  libshutdown2.o(.ARM.Collect$$libshutdown$$0000000E)
    .ARM.Collect$$libshutdown$$0000000F      0x080001ea   Section        2  libshutdown2.o(.ARM.Collect$$libshutdown$$0000000F)
    .ARM.Collect$$rtentry$$00000000          0x080001ec   Section        0  rtentry.o(.ARM.Collect$$rtentry$$00000000)
    .ARM.Collect$$rtentry$$00000002          0x080001ec   Section        0  rtentry2.o(.ARM.Collect$$rtentry$$00000002)
    .ARM.Collect$$rtentry$$00000004          0x080001ec   Section        6  rtentry4.o(.ARM.Collect$$rtentry$$00000004)
    .ARM.Collect$$rtentry$$00000009          0x080001f2   Section        0  rtentry2.o(.ARM.Collect$$rtentry$$00000009)
    .ARM.Collect$$rtentry$$0000000A          0x080001f2   Section        4  rtentry2.o(.ARM.Collect$$rtentry$$0000000A)
    .ARM.Collect$$rtentry$$0000000C          0x080001f6   Section        0  rtentry2.o(.ARM.Collect$$rtentry$$0000000C)
    .ARM.Collect$$rtentry$$0000000D          0x080001f6   Section        8  rtentry2.o(.ARM.Collect$$rtentry$$0000000D)
    .ARM.Collect$$rtexit$$00000000           0x080001fe   Section        2  rtexit.o(.ARM.Collect$$rtexit$$00000000)
    .ARM.Collect$$rtexit$$00000002           0x08000200   Section        0  rtexit2.o(.ARM.Collect$$rtexit$$00000002)
    .ARM.Collect$$rtexit$$00000003           0x08000200   Section        4  rtexit2.o(.ARM.Collect$$rtexit$$00000003)
    .ARM.Collect$$rtexit$$00000004           0x08000204   Section        6  rtexit2.o(.ARM.Collect$$rtexit$$00000004)
    .text                                    0x0800020c   Section        0  stm32f10x_rcc.o(.text)
    .text                                    0x080005ac   Section        0  stm32f10x_flash.o(.text)
    .text                                    0x080005f4   Section        0  stm32f10x_spi.o(.text)
    .text                                    0x080008f4   Section        0  stm32f10x_gpio.o(.text)
    .text                                    0x08000c20   Section        0  stm32f10x_usart.o(.text)
    .text                                    0x08000f90   Section        0  stm32f10x_systick.o(.text)
    .text                                    0x08001054   Section        0  stm32f10x_bkp.o(.text)
    .text                                    0x080010f8   Section        0  stm32f10x_rtc.o(.text)
    .text                                    0x0800123c   Section        0  stm32f10x_nvic.o(.text)
    .text                                    0x0800161c   Section        0  stm32f10x_pwr.o(.text)
    .text                                    0x080016e4   Section        0  stm32f10x_exti.o(.text)
    .text                                    0x08001808   Section      122  cortexm3_macro.o(.text)
    .text                                    0x08001884   Section       36  stm32f10x_vector.o(.text)
    .text                                    0x080018a8   Section        0  stm32f10x_it.o(.text)
    .text                                    0x08001be4   Section        0  main.o(.text)
    .text                                    0x080023ec   Section        0  sdcmd.o(.text)
    .text                                    0x0800292c   Section        0  sdcrc.o(.text)
    .text                                    0x080029b8   Section        0  sddriver.o(.text)
    .text                                    0x08002fa0   Section        0  sdhal.o(.text)
    SPI_Config                               0x08002fa1   Thumb Code   148  sdhal.o(.text)
    .text                                    0x0800315c   Section        0  msd.o(.text)
    .text                                    0x08003238   Section        0  strlen.o(.text)
    .text                                    0x08003276   Section        0  heapauxi.o(.text)
    .text                                    0x0800327c   Section       74  sys_stackheap_outer.o(.text)
    .text                                    0x080032c6   Section        0  exit.o(.text)
    .text                                    0x080032d4   Section        8  libspace.o(.text)
    .text                                    0x080032dc   Section        0  sys_exit.o(.text)
    .text                                    0x080032e8   Section        2  use_no_semi.o(.text)
    .constdata                               0x080032ea   Section       20  stm32f10x_rcc.o(.constdata)
    .text                                    0x080032ea   Section        0  indicate_semi.o(.text)
    APBAHBPrescTable                         0x080032ea   Data          16  stm32f10x_rcc.o(.constdata)
    ADCPrescTable                            0x080032fa   Data           4  stm32f10x_rcc.o(.constdata)
    .constdata                               0x080032fe   Section      512  sdcrc.o(.constdata)
    .constdata                               0x08003500   Section       56  sddriver.o(.constdata)
    .data                                    0x20000000   Section       52  stm32f10x_it.o(.data)
    .data                                    0x20000034   Section      241  main.o(.data)
    Responce                                 0x20000034   Data          42  main.o(.data)
    Responce2                                0x2000005e   Data          20  main.o(.data)
    Responce3                                0x20000072   Data          22  main.o(.data)
    Responce4                                0x20000088   Data          46  main.o(.data)
    Responce5                                0x200000b6   Data          16  main.o(.data)
    Responce6                                0x200000c6   Data          23  main.o(.data)
    errorDatatransmition                     0x200000dd   Data          35  main.o(.data)
    errorGPS                                 0x20000100   Data          17  main.o(.data)
    errorclock                               0x20000111   Data          19  main.o(.data)
    .data                                    0x20000128   Section       12  msd.o(.data)
    .bss                                     0x20000134   Section     2134  stm32f10x_it.o(.bss)
    .bss                                     0x2000098a   Section       18  main.o(.bss)
    .bss                                     0x2000099c   Section       28  sddriver.o(.bss)
    .bss                                     0x200009b8   Section       96  libspace.o(.bss)
    HEAP                                     0x20000a18   Section     1024  stm32f10x_vector.o(HEAP)
    Heap_Mem                                 0x20000a18   Data        1024  stm32f10x_vector.o(HEAP)
    STACK                                    0x20000e18   Section     1024  stm32f10x_vector.o(STACK)
    Stack_Mem                                0x20000e18   Data        1024  stm32f10x_vector.o(STACK)
    __initial_sp                             0x20001218   Data           0  stm32f10x_vector.o(STACK)

    Global Symbols

    Symbol Name                              Value     Ov Type        Size  Object(Section)

    BuildAttributes$$THM_ISAv4$P$D$K$B$S$PE$A:L22UL41UL21$X:L11$S22US41US21$IEEE1$IW$USESV6$~STKCKD$USESV7$~SHL$OSPACE$ROPI$EBA8$UX$STANDARDLIB$REQ8$PRES8$EABIv2 0x00000000   Number         0  anon$$obj.o ABSOLUTE
    __ARM_use_no_argv                        0x00000000   Number         0  main.o ABSOLUTE
    __ARM_exceptions_init                     - Undefined Weak Reference
    __alloca_initialize                       - Undefined Weak Reference
    __cpp_initialize__aeabi_                  - Undefined Weak Reference
    __cxa_finalize                            - Undefined Weak Reference
    __rt_locale                               - Undefined Weak Reference
    __sigvec_lookup                           - Undefined Weak Reference
    _atexit_init                              - Undefined Weak Reference
    _call_atexit_fns                          - Undefined Weak Reference
    _clock_init                               - Undefined Weak Reference
    _fp_trap_init                             - Undefined Weak Reference
    _fp_trap_shutdown                         - Undefined Weak Reference
    _get_lc_collate                           - Undefined Weak Reference
    _get_lc_ctype                             - Undefined Weak Reference
    _get_lc_monetary                          - Undefined Weak Reference
    _get_lc_numeric                           - Undefined Weak Reference
    _get_lc_time                              - Undefined Weak Reference
    _getenv_init                              - Undefined Weak Reference
    _handle_redirection                       - Undefined Weak Reference
    _init_alloc                               - Undefined Weak Reference
    _init_user_alloc                          - Undefined Weak Reference
    _initio                                   - Undefined Weak Reference
    _rand_init                                - Undefined Weak Reference
    _signal_finish                            - Undefined Weak Reference
    _signal_init                              - Undefined Weak Reference
    _terminate_alloc                          - Undefined Weak Reference
    _terminate_user_alloc                     - Undefined Weak Reference
    _terminateio                              - Undefined Weak Reference
    __Vectors                                0x08000000   Data           4  stm32f10x_vector.o(RESET)
    __main                                   0x08000131   Thumb Code     8  __main.o(!!!main)
    __scatterload                            0x08000139   Thumb Code     0  __scatter.o(!!!scatter)
    __scatterload_rt2                        0x08000139   Thumb Code    44  __scatter.o(!!!scatter)
    __scatterload_rt2_thumb_only             0x08000139   Thumb Code     0  __scatter.o(!!!scatter)
    __scatterload_null                       0x08000147   Thumb Code     0  __scatter.o(!!!scatter)
    __decompress                             0x0800016d   Thumb Code    90  __dczerorl2.o(!!dczerorl2)
    __decompress1                            0x0800016d   Thumb Code     0  __dczerorl2.o(!!dczerorl2)
    __scatterload_zeroinit                   0x080001c9   Thumb Code    28  __scatter_zi.o(!!handler_zi)
    __rt_lib_init                            0x080001e5   Thumb Code     0  libinit.o(.ARM.Collect$$libinit$$00000000)
    __rt_lib_init_alloca_1                   0x080001e7   Thumb Code     0  libinit2.o(.ARM.Collect$$libinit$$0000002C)
    __rt_lib_init_argv_1                     0x080001e7   Thumb Code     0  libinit2.o(.ARM.Collect$$libinit$$0000002A)
    __rt_lib_init_atexit_1                   0x080001e7   Thumb Code     0  libinit2.o(.ARM.Collect$$libinit$$00000019)
    __rt_lib_init_clock_1                    0x080001e7   Thumb Code     0  libinit2.o(.ARM.Collect$$libinit$$0000001F)
    __rt_lib_init_cpp_1                      0x080001e7   Thumb Code     0  libinit2.o(.ARM.Collect$$libinit$$00000030)
    __rt_lib_init_exceptions_1               0x080001e7   Thumb Code     0  libinit2.o(.ARM.Collect$$libinit$$0000002E)
    __rt_lib_init_fp_1                       0x080001e7   Thumb Code     0  libinit2.o(.ARM.Collect$$libinit$$00000002)
    __rt_lib_init_fp_trap_1                  0x080001e7   Thumb Code     0  libinit2.o(.ARM.Collect$$libinit$$0000001D)
    __rt_lib_init_getenv_1                   0x080001e7   Thumb Code     0  libinit2.o(.ARM.Collect$$libinit$$00000021)
    __rt_lib_init_heap_1                     0x080001e7   Thumb Code     0  libinit2.o(.ARM.Collect$$libinit$$00000008)
    __rt_lib_init_lc_collate_1               0x080001e7   Thumb Code     0  libinit2.o(.ARM.Collect$$libinit$$0000000F)
    __rt_lib_init_lc_ctype_1                 0x080001e7   Thumb Code     0  libinit2.o(.ARM.Collect$$libinit$$00000011)
    __rt_lib_init_lc_monetary_1              0x080001e7   Thumb Code     0  libinit2.o(.ARM.Collect$$libinit$$00000013)
    __rt_lib_init_lc_numeric_1               0x080001e7   Thumb Code     0  libinit2.o(.ARM.Collect$$libinit$$00000015)
    __rt_lib_init_lc_time_1                  0x080001e7   Thumb Code     0  libinit2.o(.ARM.Collect$$libinit$$00000017)
    __rt_lib_init_rand_1                     0x080001e7   Thumb Code     0  libinit2.o(.ARM.Collect$$libinit$$0000000C)
    __rt_lib_init_return                     0x080001e7   Thumb Code     0  libinit2.o(.ARM.Collect$$libinit$$00000031)
    __rt_lib_init_signal_1                   0x080001e7   Thumb Code     0  libinit2.o(.ARM.Collect$$libinit$$0000001B)
    __rt_lib_init_stdio_1                    0x080001e7   Thumb Code     0  libinit2.o(.ARM.Collect$$libinit$$00000023)
    __rt_lib_init_user_alloc_1               0x080001e7   Thumb Code     0  libinit2.o(.ARM.Collect$$libinit$$0000000A)
    __rt_lib_shutdown                        0x080001e9   Thumb Code     0  libshutdown.o(.ARM.Collect$$libshutdown$$00000000)
    __rt_lib_shutdown_fp_trap_1              0x080001eb   Thumb Code     0  libshutdown2.o(.ARM.Collect$$libshutdown$$00000006)
    __rt_lib_shutdown_heap_1                 0x080001eb   Thumb Code     0  libshutdown2.o(.ARM.Collect$$libshutdown$$0000000E)
    __rt_lib_shutdown_return                 0x080001eb   Thumb Code     0  libshutdown2.o(.ARM.Collect$$libshutdown$$0000000F)
    __rt_lib_shutdown_signal_1               0x080001eb   Thumb Code     0  libshutdown2.o(.ARM.Collect$$libshutdown$$00000009)
    __rt_lib_shutdown_stdio_1                0x080001eb   Thumb Code     0  libshutdown2.o(.ARM.Collect$$libshutdown$$00000003)
    __rt_lib_shutdown_user_alloc_1           0x080001eb   Thumb Code     0  libshutdown2.o(.ARM.Collect$$libshutdown$$0000000B)
    __rt_entry                               0x080001ed   Thumb Code     0  rtentry.o(.ARM.Collect$$rtentry$$00000000)
    __rt_entry_presh_1                       0x080001ed   Thumb Code     0  rtentry2.o(.ARM.Collect$$rtentry$$00000002)
    __rt_entry_sh                            0x080001ed   Thumb Code     0  rtentry4.o(.ARM.Collect$$rtentry$$00000004)
    __rt_entry_li                            0x080001f3   Thumb Code     0  rtentry2.o(.ARM.Collect$$rtentry$$0000000A)
    __rt_entry_postsh_1                      0x080001f3   Thumb Code     0  rtentry2.o(.ARM.Collect$$rtentry$$00000009)
    __rt_entry_main                          0x080001f7   Thumb Code     0  rtentry2.o(.ARM.Collect$$rtentry$$0000000D)
    __rt_entry_postli_1                      0x080001f7   Thumb Code     0  rtentry2.o(.ARM.Collect$$rtentry$$0000000C)
    __rt_exit                                0x080001ff   Thumb Code     0  rtexit.o(.ARM.Collect$$rtexit$$00000000)
    __rt_exit_ls                             0x08000201   Thumb Code     0  rtexit2.o(.ARM.Collect$$rtexit$$00000003)
    __rt_exit_prels_1                        0x08000201   Thumb Code     0  rtexit2.o(.ARM.Collect$$rtexit$$00000002)
    __rt_exit_exit                           0x08000205   Thumb Code     0  rtexit2.o(.ARM.Collect$$rtexit$$00000004)
    RCC_DeInit                               0x0800020d   Thumb Code    62  stm32f10x_rcc.o(.text)
    RCC_HSEConfig                            0x0800024b   Thumb Code    70  stm32f10x_rcc.o(.text)
    RCC_GetFlagStatus                        0x08000291   Thumb Code    56  stm32f10x_rcc.o(.text)
    RCC_WaitForHSEStartUp                    0x080002c9   Thumb Code    54  stm32f10x_rcc.o(.text)
    RCC_AdjustHSICalibrationValue            0x080002ff   Thumb Code    20  stm32f10x_rcc.o(.text)
    RCC_HSICmd                               0x08000313   Thumb Code     6  stm32f10x_rcc.o(.text)
    RCC_PLLConfig                            0x08000319   Thumb Code    24  stm32f10x_rcc.o(.text)
    RCC_PLLCmd                               0x08000331   Thumb Code     6  stm32f10x_rcc.o(.text)
    RCC_SYSCLKConfig                         0x08000337   Thumb Code    18  stm32f10x_rcc.o(.text)
    RCC_GetSYSCLKSource                      0x08000349   Thumb Code    10  stm32f10x_rcc.o(.text)
    RCC_HCLKConfig                           0x08000353   Thumb Code    18  stm32f10x_rcc.o(.text)
    RCC_PCLK1Config                          0x08000365   Thumb Code    18  stm32f10x_rcc.o(.text)
    RCC_PCLK2Config                          0x08000377   Thumb Code    20  stm32f10x_rcc.o(.text)
    RCC_ITConfig                             0x0800038b   Thumb Code    26  stm32f10x_rcc.o(.text)
    RCC_USBCLKConfig                         0x080003a5   Thumb Code     6  stm32f10x_rcc.o(.text)
    RCC_ADCCLKConfig                         0x080003ab   Thumb Code    18  stm32f10x_rcc.o(.text)
    RCC_LSEConfig                            0x080003bd   Thumb Code    44  stm32f10x_rcc.o(.text)
    RCC_LSICmd                               0x080003e9   Thumb Code     6  stm32f10x_rcc.o(.text)
    RCC_RTCCLKConfig                         0x080003ef   Thumb Code    12  stm32f10x_rcc.o(.text)
    RCC_RTCCLKCmd                            0x080003fb   Thumb Code     8  stm32f10x_rcc.o(.text)
    RCC_GetClocksFreq                        0x08000403   Thumb Code   192  stm32f10x_rcc.o(.text)
    RCC_AHBPeriphClockCmd                    0x080004c3   Thumb Code    26  stm32f10x_rcc.o(.text)
    RCC_APB2PeriphClockCmd                   0x080004dd   Thumb Code    26  stm32f10x_rcc.o(.text)
    RCC_APB1PeriphClockCmd                   0x080004f7   Thumb Code    26  stm32f10x_rcc.o(.text)
    RCC_APB2PeriphResetCmd                   0x08000511   Thumb Code    26  stm32f10x_rcc.o(.text)
    RCC_APB1PeriphResetCmd                   0x0800052b   Thumb Code    26  stm32f10x_rcc.o(.text)
    RCC_BackupResetCmd                       0x08000545   Thumb Code     8  stm32f10x_rcc.o(.text)
    RCC_ClockSecuritySystemCmd               0x0800054d   Thumb Code     6  stm32f10x_rcc.o(.text)
    RCC_MCOConfig                            0x08000553   Thumb Code     6  stm32f10x_rcc.o(.text)
    RCC_ClearFlag                            0x08000559   Thumb Code    14  stm32f10x_rcc.o(.text)
    RCC_GetITStatus                          0x08000567   Thumb Code    20  stm32f10x_rcc.o(.text)
    RCC_ClearITPendingBit                    0x0800057b   Thumb Code     6  stm32f10x_rcc.o(.text)
    FLASH_SetLatency                         0x080005ad   Thumb Code    22  stm32f10x_flash.o(.text)
    FLASH_HalfCycleAccessCmd                 0x080005c3   Thumb Code    22  stm32f10x_flash.o(.text)
    FLASH_PrefetchBufferCmd                  0x080005d9   Thumb Code    22  stm32f10x_flash.o(.text)
    SPI_I2S_DeInit                           0x080005f5   Thumb Code    88  stm32f10x_spi.o(.text)
    SPI_Init                                 0x0800064d   Thumb Code    60  stm32f10x_spi.o(.text)
    I2S_Init                                 0x08000689   Thumb Code   210  stm32f10x_spi.o(.text)
    SPI_StructInit                           0x0800075b   Thumb Code    24  stm32f10x_spi.o(.text)
    I2S_StructInit                           0x08000773   Thumb Code    20  stm32f10x_spi.o(.text)
    SPI_Cmd                                  0x08000787   Thumb Code    24  stm32f10x_spi.o(.text)
    I2S_Cmd                                  0x0800079f   Thumb Code    24  stm32f10x_spi.o(.text)
    SPI_I2S_ITConfig                         0x080007b7   Thumb Code    32  stm32f10x_spi.o(.text)
    SPI_I2S_DMACmd                           0x080007d7   Thumb Code    18  stm32f10x_spi.o(.text)
    SPI_I2S_SendData                         0x080007e9   Thumb Code     4  stm32f10x_spi.o(.text)
    SPI_I2S_ReceiveData                      0x080007ed   Thumb Code     6  stm32f10x_spi.o(.text)
    SPI_NSSInternalSoftwareConfig            0x080007f3   Thumb Code    30  stm32f10x_spi.o(.text)
    SPI_SSOutputCmd                          0x08000811   Thumb Code    24  stm32f10x_spi.o(.text)
    SPI_DataSizeConfig                       0x08000829   Thumb Code    18  stm32f10x_spi.o(.text)
    SPI_TransmitCRC                          0x0800083b   Thumb Code    10  stm32f10x_spi.o(.text)
    SPI_CalculateCRC                         0x08000845   Thumb Code    24  stm32f10x_spi.o(.text)
    SPI_GetCRC                               0x0800085d   Thumb Code    16  stm32f10x_spi.o(.text)
    SPI_GetCRCPolynomial                     0x0800086d   Thumb Code     6  stm32f10x_spi.o(.text)
    SPI_BiDirectionalLineConfig              0x08000873   Thumb Code    28  stm32f10x_spi.o(.text)
    SPI_I2S_GetFlagStatus                    0x0800088f   Thumb Code    18  stm32f10x_spi.o(.text)
    SPI_I2S_ClearFlag                        0x080008a1   Thumb Code     6  stm32f10x_spi.o(.text)
    SPI_I2S_GetITStatus                      0x080008a7   Thumb Code    52  stm32f10x_spi.o(.text)
    SPI_I2S_ClearITPendingBit                0x080008db   Thumb Code    20  stm32f10x_spi.o(.text)
    GPIO_DeInit                              0x080008f5   Thumb Code   188  stm32f10x_gpio.o(.text)
    GPIO_AFIODeInit                          0x080009b1   Thumb Code    20  stm32f10x_gpio.o(.text)
    GPIO_Init                                0x080009c5   Thumb Code   274  stm32f10x_gpio.o(.text)
    GPIO_StructInit                          0x08000ad7   Thumb Code    16  stm32f10x_gpio.o(.text)
    GPIO_ReadInputDataBit                    0x08000ae7   Thumb Code    18  stm32f10x_gpio.o(.text)
    GPIO_ReadInputData                       0x08000af9   Thumb Code     8  stm32f10x_gpio.o(.text)
    GPIO_ReadOutputDataBit                   0x08000b01   Thumb Code    18  stm32f10x_gpio.o(.text)
    GPIO_ReadOutputData                      0x08000b13   Thumb Code     8  stm32f10x_gpio.o(.text)
    GPIO_SetBits                             0x08000b1b   Thumb Code     4  stm32f10x_gpio.o(.text)
    GPIO_ResetBits                           0x08000b1f   Thumb Code     4  stm32f10x_gpio.o(.text)
    GPIO_WriteBit                            0x08000b23   Thumb Code    10  stm32f10x_gpio.o(.text)
    GPIO_Write                               0x08000b2d   Thumb Code     4  stm32f10x_gpio.o(.text)
    GPIO_PinLockConfig                       0x08000b31   Thumb Code    18  stm32f10x_gpio.o(.text)
    GPIO_EventOutputConfig                   0x08000b43   Thumb Code    26  stm32f10x_gpio.o(.text)
    GPIO_EventOutputCmd                      0x08000b5d   Thumb Code     6  stm32f10x_gpio.o(.text)
    GPIO_PinRemapConfig                      0x08000b63   Thumb Code   106  stm32f10x_gpio.o(.text)
    GPIO_EXTILineConfig                      0x08000bcd   Thumb Code    66  stm32f10x_gpio.o(.text)
    USART_DeInit                             0x08000c21   Thumb Code   146  stm32f10x_usart.o(.text)
    USART_Init                               0x08000cb3   Thumb Code   150  stm32f10x_usart.o(.text)
    USART_StructInit                         0x08000d49   Thumb Code    24  stm32f10x_usart.o(.text)
    USART_ClockInit                          0x08000d61   Thumb Code    34  stm32f10x_usart.o(.text)
    USART_ClockStructInit                    0x08000d83   Thumb Code    12  stm32f10x_usart.o(.text)
    USART_Cmd                                0x08000d8f   Thumb Code    24  stm32f10x_usart.o(.text)
    USART_ITConfig                           0x08000da7   Thumb Code    64  stm32f10x_usart.o(.text)
    USART_DMACmd                             0x08000de7   Thumb Code    18  stm32f10x_usart.o(.text)
    USART_SetAddress                         0x08000df9   Thumb Code    18  stm32f10x_usart.o(.text)
    USART_WakeUpConfig                       0x08000e0b   Thumb Code    18  stm32f10x_usart.o(.text)
    USART_ReceiverWakeUpCmd                  0x08000e1d   Thumb Code    24  stm32f10x_usart.o(.text)
    USART_LINBreakDetectLengthConfig         0x08000e35   Thumb Code    18  stm32f10x_usart.o(.text)
    USART_LINCmd                             0x08000e47   Thumb Code    24  stm32f10x_usart.o(.text)
    USART_SendData                           0x08000e5f   Thumb Code     8  stm32f10x_usart.o(.text)
    USART_ReceiveData                        0x08000e67   Thumb Code    10  stm32f10x_usart.o(.text)
    USART_SendBreak                          0x08000e71   Thumb Code    10  stm32f10x_usart.o(.text)
    USART_SetGuardTime                       0x08000e7b   Thumb Code    16  stm32f10x_usart.o(.text)
    USART_SetPrescaler                       0x08000e8b   Thumb Code    16  stm32f10x_usart.o(.text)
    USART_SmartCardCmd                       0x08000e9b   Thumb Code    24  stm32f10x_usart.o(.text)
    USART_SmartCardNACKCmd                   0x08000eb3   Thumb Code    24  stm32f10x_usart.o(.text)
    USART_HalfDuplexCmd                      0x08000ecb   Thumb Code    24  stm32f10x_usart.o(.text)
    USART_IrDAConfig                         0x08000ee3   Thumb Code    18  stm32f10x_usart.o(.text)
    USART_IrDACmd                            0x08000ef5   Thumb Code    24  stm32f10x_usart.o(.text)
    USART_GetFlagStatus                      0x08000f0d   Thumb Code    18  stm32f10x_usart.o(.text)
    USART_ClearFlag                          0x08000f1f   Thumb Code     6  stm32f10x_usart.o(.text)
    USART_GetITStatus                        0x08000f25   Thumb Code    76  stm32f10x_usart.o(.text)
    USART_ClearITPendingBit                  0x08000f71   Thumb Code    20  stm32f10x_usart.o(.text)
    SysTick_CLKSourceConfig                  0x08000f91   Thumb Code    40  stm32f10x_systick.o(.text)
    SysTick_SetReload                        0x08000fb9   Thumb Code     8  stm32f10x_systick.o(.text)
    SysTick_CounterCmd                       0x08000fc1   Thumb Code    54  stm32f10x_systick.o(.text)
    SysTick_ITConfig                         0x08000ff7   Thumb Code    38  stm32f10x_systick.o(.text)
    SysTick_GetCounter                       0x0800101d   Thumb Code     8  stm32f10x_systick.o(.text)
    SysTick_GetFlagStatus                    0x08001025   Thumb Code    46  stm32f10x_systick.o(.text)
    BKP_DeInit                               0x08001055   Thumb Code    16  stm32f10x_bkp.o(.text)
    BKP_TamperPinLevelConfig                 0x08001065   Thumb Code     6  stm32f10x_bkp.o(.text)
    BKP_TamperPinCmd                         0x0800106b   Thumb Code     8  stm32f10x_bkp.o(.text)
    BKP_ITConfig                             0x08001073   Thumb Code     8  stm32f10x_bkp.o(.text)
    BKP_RTCOutputConfig                      0x0800107b   Thumb Code    22  stm32f10x_bkp.o(.text)
    BKP_SetRTCCalibrationValue               0x08001091   Thumb Code    22  stm32f10x_bkp.o(.text)
    BKP_WriteBackupRegister                  0x080010a7   Thumb Code     8  stm32f10x_bkp.o(.text)
    BKP_ReadBackupRegister                   0x080010af   Thumb Code    10  stm32f10x_bkp.o(.text)
    BKP_GetFlagStatus                        0x080010b9   Thumb Code    10  stm32f10x_bkp.o(.text)
    BKP_ClearFlag                            0x080010c3   Thumb Code    18  stm32f10x_bkp.o(.text)
    BKP_GetITStatus                          0x080010d5   Thumb Code    10  stm32f10x_bkp.o(.text)
    BKP_ClearITPendingBit                    0x080010df   Thumb Code    18  stm32f10x_bkp.o(.text)
    RTC_ITConfig                             0x080010f9   Thumb Code    26  stm32f10x_rtc.o(.text)
    RTC_EnterConfigMode                      0x08001113   Thumb Code    18  stm32f10x_rtc.o(.text)
    RTC_ExitConfigMode                       0x08001125   Thumb Code    20  stm32f10x_rtc.o(.text)
    RTC_GetCounter                           0x08001139   Thumb Code    18  stm32f10x_rtc.o(.text)
    RTC_SetCounter                           0x0800114b   Thumb Code    26  stm32f10x_rtc.o(.text)
    RTC_SetPrescaler                         0x08001165   Thumb Code    28  stm32f10x_rtc.o(.text)
    RTC_SetAlarm                             0x08001181   Thumb Code    26  stm32f10x_rtc.o(.text)
    RTC_GetDivider                           0x0800119b   Thumb Code    22  stm32f10x_rtc.o(.text)
    RTC_WaitForLastTask                      0x080011b1   Thumb Code    16  stm32f10x_rtc.o(.text)
    RTC_WaitForSynchro                       0x080011c1   Thumb Code    34  stm32f10x_rtc.o(.text)
    RTC_GetFlagStatus                        0x080011e3   Thumb Code    22  stm32f10x_rtc.o(.text)
    RTC_ClearFlag                            0x080011f9   Thumb Code    16  stm32f10x_rtc.o(.text)
    RTC_GetITStatus                          0x08001209   Thumb Code    32  stm32f10x_rtc.o(.text)
    RTC_ClearITPendingBit                    0x08001229   Thumb Code    16  stm32f10x_rtc.o(.text)
    NVIC_DeInit                              0x0800123d   Thumb Code    58  stm32f10x_nvic.o(.text)
    NVIC_SCBDeInit                           0x08001277   Thumb Code    76  stm32f10x_nvic.o(.text)
    NVIC_PriorityGroupConfig                 0x080012c3   Thumb Code    12  stm32f10x_nvic.o(.text)
    NVIC_Init                                0x080012cf   Thumb Code   154  stm32f10x_nvic.o(.text)
    NVIC_StructInit                          0x08001369   Thumb Code    12  stm32f10x_nvic.o(.text)
    NVIC_SETPRIMASK                          0x08001375   Thumb Code     8  stm32f10x_nvic.o(.text)
    NVIC_RESETPRIMASK                        0x0800137d   Thumb Code     8  stm32f10x_nvic.o(.text)
    NVIC_SETFAULTMASK                        0x08001385   Thumb Code     8  stm32f10x_nvic.o(.text)
    NVIC_RESETFAULTMASK                      0x0800138d   Thumb Code     8  stm32f10x_nvic.o(.text)
    NVIC_BASEPRICONFIG                       0x08001395   Thumb Code    12  stm32f10x_nvic.o(.text)
    NVIC_GetBASEPRI                          0x080013a1   Thumb Code     8  stm32f10x_nvic.o(.text)
    NVIC_GetCurrentPendingIRQChannel         0x080013a9   Thumb Code    10  stm32f10x_nvic.o(.text)
    NVIC_GetIRQChannelPendingBitStatus       0x080013b3   Thumb Code    42  stm32f10x_nvic.o(.text)
    NVIC_SetIRQChannelPendingBit             0x080013dd   Thumb Code     6  stm32f10x_nvic.o(.text)
    NVIC_ClearIRQChannelPendingBit           0x080013e3   Thumb Code    20  stm32f10x_nvic.o(.text)
    NVIC_GetCurrentActiveHandler             0x080013f7   Thumb Code    10  stm32f10x_nvic.o(.text)
    NVIC_GetIRQChannelActiveBitStatus        0x08001401   Thumb Code    42  stm32f10x_nvic.o(.text)
    NVIC_GetCPUID                            0x0800142b   Thumb Code     8  stm32f10x_nvic.o(.text)
    NVIC_SetVectorTable                      0x08001433   Thumb Code    14  stm32f10x_nvic.o(.text)
    NVIC_GenerateSystemReset                 0x08001441   Thumb Code    12  stm32f10x_nvic.o(.text)
    NVIC_GenerateCoreReset                   0x0800144d   Thumb Code    12  stm32f10x_nvic.o(.text)
    NVIC_SystemLPConfig                      0x08001459   Thumb Code    34  stm32f10x_nvic.o(.text)
    NVIC_SystemHandlerConfig                 0x0800147b   Thumb Code    48  stm32f10x_nvic.o(.text)
    NVIC_SystemHandlerPriorityConfig         0x080014ab   Thumb Code   110  stm32f10x_nvic.o(.text)
    NVIC_GetSystemHandlerPendingBitStatus    0x08001519   Thumb Code    44  stm32f10x_nvic.o(.text)
    NVIC_SetSystemHandlerPendingBit          0x08001545   Thumb Code    22  stm32f10x_nvic.o(.text)
    NVIC_ClearSystemHandlerPendingBit        0x0800155b   Thumb Code    26  stm32f10x_nvic.o(.text)
    NVIC_GetSystemHandlerActiveBitStatus     0x08001575   Thumb Code    42  stm32f10x_nvic.o(.text)
    NVIC_GetFaultHandlerSources              0x0800159f   Thumb Code    66  stm32f10x_nvic.o(.text)
    NVIC_GetFaultAddress                     0x080015e1   Thumb Code    28  stm32f10x_nvic.o(.text)
    PWR_DeInit                               0x0800161d   Thumb Code    22  stm32f10x_pwr.o(.text)
    PWR_BackupAccessCmd                      0x08001633   Thumb Code     6  stm32f10x_pwr.o(.text)
    PWR_PVDCmd                               0x08001639   Thumb Code     6  stm32f10x_pwr.o(.text)
    PWR_PVDLevelConfig                       0x0800163f   Thumb Code    18  stm32f10x_pwr.o(.text)
    PWR_WakeUpPinCmd                         0x08001651   Thumb Code     6  stm32f10x_pwr.o(.text)
    PWR_EnterSTOPMode                        0x08001657   Thumb Code    48  stm32f10x_pwr.o(.text)
    PWR_EnterSTANDBYMode                     0x08001687   Thumb Code    42  stm32f10x_pwr.o(.text)
    PWR_GetFlagStatus                        0x080016b1   Thumb Code    20  stm32f10x_pwr.o(.text)
    PWR_ClearFlag                            0x080016c5   Thumb Code    14  stm32f10x_pwr.o(.text)
    EXTI_DeInit                              0x080016e5   Thumb Code    28  stm32f10x_exti.o(.text)
    EXTI_Init                                0x08001701   Thumb Code   150  stm32f10x_exti.o(.text)
    EXTI_StructInit                          0x08001797   Thumb Code    16  stm32f10x_exti.o(.text)
    EXTI_GenerateSWInterrupt                 0x080017a7   Thumb Code    16  stm32f10x_exti.o(.text)
    EXTI_GetFlagStatus                       0x080017b7   Thumb Code    22  stm32f10x_exti.o(.text)
    EXTI_ClearFlag                           0x080017cd   Thumb Code     8  stm32f10x_exti.o(.text)
    EXTI_GetITStatus                         0x080017d5   Thumb Code    34  stm32f10x_exti.o(.text)
    EXTI_ClearITPendingBit                   0x080017f7   Thumb Code     8  stm32f10x_exti.o(.text)
    __WFI                                    0x08001809   Thumb Code     0  cortexm3_macro.o(.text)
    __WFE                                    0x0800180d   Thumb Code     0  cortexm3_macro.o(.text)
    __SEV                                    0x08001811   Thumb Code     0  cortexm3_macro.o(.text)
    __ISB                                    0x08001815   Thumb Code     0  cortexm3_macro.o(.text)
    __DSB                                    0x0800181b   Thumb Code     0  cortexm3_macro.o(.text)
    __DMB                                    0x08001821   Thumb Code     0  cortexm3_macro.o(.text)
    __SVC                                    0x08001827   Thumb Code     0  cortexm3_macro.o(.text)
    __MRS_CONTROL                            0x0800182b   Thumb Code     0  cortexm3_macro.o(.text)
    __MSR_CONTROL                            0x08001831   Thumb Code     0  cortexm3_macro.o(.text)
    __MRS_PSP                                0x0800183b   Thumb Code     0  cortexm3_macro.o(.text)
    __MSR_PSP                                0x08001841   Thumb Code     0  cortexm3_macro.o(.text)
    __MRS_MSP                                0x08001847   Thumb Code     0  cortexm3_macro.o(.text)
    __MSR_MSP                                0x0800184d   Thumb Code     0  cortexm3_macro.o(.text)
    __RESETPRIMASK                           0x08001853   Thumb Code     0  cortexm3_macro.o(.text)
    __SETPRIMASK                             0x08001857   Thumb Code     0  cortexm3_macro.o(.text)
    __READ_PRIMASK                           0x0800185b   Thumb Code     0  cortexm3_macro.o(.text)
    __SETFAULTMASK                           0x08001861   Thumb Code     0  cortexm3_macro.o(.text)
    __RESETFAULTMASK                         0x08001865   Thumb Code     0  cortexm3_macro.o(.text)
    __READ_FAULTMASK                         0x08001869   Thumb Code     0  cortexm3_macro.o(.text)
    __BASEPRICONFIG                          0x0800186f   Thumb Code     0  cortexm3_macro.o(.text)
    __GetBASEPRI                             0x08001875   Thumb Code     0  cortexm3_macro.o(.text)
    __REV_HalfWord                           0x0800187b   Thumb Code     0  cortexm3_macro.o(.text)
    __REV_Word                               0x0800187f   Thumb Code     0  cortexm3_macro.o(.text)
    Reset_Handler                            0x08001885   Thumb Code     4  stm32f10x_vector.o(.text)
    __user_initial_stackheap                 0x08001889   Thumb Code     0  stm32f10x_vector.o(.text)
    NMIException                             0x080018a9   Thumb Code     2  stm32f10x_it.o(.text)
    HardFaultException                       0x080018ab   Thumb Code     4  stm32f10x_it.o(.text)
    MemManageException                       0x080018af   Thumb Code     4  stm32f10x_it.o(.text)
    BusFaultException                        0x080018b3   Thumb Code     4  stm32f10x_it.o(.text)
    UsageFaultException                      0x080018b7   Thumb Code     4  stm32f10x_it.o(.text)
    DebugMonitor                             0x080018bb   Thumb Code     2  stm32f10x_it.o(.text)
    SVCHandler                               0x080018bd   Thumb Code     2  stm32f10x_it.o(.text)
    PendSVC                                  0x080018bf   Thumb Code     2  stm32f10x_it.o(.text)
    SysTickHandler                           0x080018c1   Thumb Code     2  stm32f10x_it.o(.text)
    WWDG_IRQHandler                          0x080018c3   Thumb Code     2  stm32f10x_it.o(.text)
    PVD_IRQHandler                           0x080018c5   Thumb Code     2  stm32f10x_it.o(.text)
    TAMPER_IRQHandler                        0x080018c7   Thumb Code     2  stm32f10x_it.o(.text)
    RTC_IRQHandler                           0x080018c9   Thumb Code    28  stm32f10x_it.o(.text)
    FLASH_IRQHandler                         0x080018e5   Thumb Code     2  stm32f10x_it.o(.text)
    RCC_IRQHandler                           0x080018e7   Thumb Code     2  stm32f10x_it.o(.text)
    EXTI0_IRQHandler                         0x080018e9   Thumb Code   114  stm32f10x_it.o(.text)
    EXTI1_IRQHandler                         0x0800195b   Thumb Code    96  stm32f10x_it.o(.text)
    EXTI2_IRQHandler                         0x080019bb   Thumb Code   138  stm32f10x_it.o(.text)
    EXTI3_IRQHandler                         0x08001a45   Thumb Code     2  stm32f10x_it.o(.text)
    EXTI4_IRQHandler                         0x08001a47   Thumb Code     2  stm32f10x_it.o(.text)
    DMA1_Channel1_IRQHandler                 0x08001a49   Thumb Code     2  stm32f10x_it.o(.text)
    DMA1_Channel2_IRQHandler                 0x08001a4b   Thumb Code     2  stm32f10x_it.o(.text)
    DMA1_Channel3_IRQHandler                 0x08001a4d   Thumb Code     2  stm32f10x_it.o(.text)
    DMA1_Channel4_IRQHandler                 0x08001a4f   Thumb Code     2  stm32f10x_it.o(.text)
    DMA1_Channel5_IRQHandler                 0x08001a51   Thumb Code     2  stm32f10x_it.o(.text)
    DMA1_Channel6_IRQHandler                 0x08001a53   Thumb Code     2  stm32f10x_it.o(.text)
    DMA1_Channel7_IRQHandler                 0x08001a55   Thumb Code     2  stm32f10x_it.o(.text)
    ADC1_2_IRQHandler                        0x08001a57   Thumb Code     2  stm32f10x_it.o(.text)
    USB_HP_CAN_TX_IRQHandler                 0x08001a59   Thumb Code     2  stm32f10x_it.o(.text)
    USB_LP_CAN_RX0_IRQHandler                0x08001a5b   Thumb Code     2  stm32f10x_it.o(.text)
    CAN_RX1_IRQHandler                       0x08001a5d   Thumb Code     2  stm32f10x_it.o(.text)
    CAN_SCE_IRQHandler                       0x08001a5f   Thumb Code     2  stm32f10x_it.o(.text)
    EXTI9_5_IRQHandler                       0x08001a61   Thumb Code     2  stm32f10x_it.o(.text)
    TIM1_BRK_IRQHandler                      0x08001a63   Thumb Code     2  stm32f10x_it.o(.text)
    TIM1_UP_IRQHandler                       0x08001a65   Thumb Code     2  stm32f10x_it.o(.text)
    TIM1_TRG_COM_IRQHandler                  0x08001a67   Thumb Code     2  stm32f10x_it.o(.text)
    TIM1_CC_IRQHandler                       0x08001a69   Thumb Code     2  stm32f10x_it.o(.text)
    TIM2_IRQHandler                          0x08001a6b   Thumb Code     2  stm32f10x_it.o(.text)
    TIM3_IRQHandler                          0x08001a6d   Thumb Code     2  stm32f10x_it.o(.text)
    TIM4_IRQHandler                          0x08001a6f   Thumb Code     2  stm32f10x_it.o(.text)
    I2C1_EV_IRQHandler                       0x08001a71   Thumb Code     2  stm32f10x_it.o(.text)
    I2C1_ER_IRQHandler                       0x08001a73   Thumb Code     2  stm32f10x_it.o(.text)
    I2C2_EV_IRQHandler                       0x08001a75   Thumb Code     2  stm32f10x_it.o(.text)
    I2C2_ER_IRQHandler                       0x08001a77   Thumb Code     2  stm32f10x_it.o(.text)
    SPI1_IRQHandler                          0x08001a79   Thumb Code     2  stm32f10x_it.o(.text)
    SPI2_IRQHandler                          0x08001a7b   Thumb Code     2  stm32f10x_it.o(.text)
    USART1_IRQHandler                        0x08001a7d   Thumb Code   138  stm32f10x_it.o(.text)
    USART2_IRQHandler                        0x08001b07   Thumb Code   108  stm32f10x_it.o(.text)
    USART3_IRQHandler                        0x08001b73   Thumb Code     2  stm32f10x_it.o(.text)
    EXTI15_10_IRQHandler                     0x08001b75   Thumb Code     2  stm32f10x_it.o(.text)
    RTCAlarm_IRQHandler                      0x08001b77   Thumb Code     2  stm32f10x_it.o(.text)
    USBWakeUp_IRQHandler                     0x08001b79   Thumb Code     2  stm32f10x_it.o(.text)
    TIM8_BRK_IRQHandler                      0x08001b7b   Thumb Code     2  stm32f10x_it.o(.text)
    TIM8_UP_IRQHandler                       0x08001b7d   Thumb Code     2  stm32f10x_it.o(.text)
    TIM8_TRG_COM_IRQHandler                  0x08001b7f   Thumb Code     2  stm32f10x_it.o(.text)
    TIM8_CC_IRQHandler                       0x08001b81   Thumb Code     2  stm32f10x_it.o(.text)
    ADC3_IRQHandler                          0x08001b83   Thumb Code     2  stm32f10x_it.o(.text)
    FSMC_IRQHandler                          0x08001b85   Thumb Code     2  stm32f10x_it.o(.text)
    SDIO_IRQHandler                          0x08001b87   Thumb Code     2  stm32f10x_it.o(.text)
    TIM5_IRQHandler                          0x08001b89   Thumb Code     2  stm32f10x_it.o(.text)
    SPI3_IRQHandler                          0x08001b8b   Thumb Code     2  stm32f10x_it.o(.text)
    UART4_IRQHandler                         0x08001b8d   Thumb Code     2  stm32f10x_it.o(.text)
    UART5_IRQHandler                         0x08001b8f   Thumb Code     2  stm32f10x_it.o(.text)
    TIM6_IRQHandler                          0x08001b91   Thumb Code     2  stm32f10x_it.o(.text)
    TIM7_IRQHandler                          0x08001b93   Thumb Code     2  stm32f10x_it.o(.text)
    DMA2_Channel1_IRQHandler                 0x08001b95   Thumb Code     2  stm32f10x_it.o(.text)
    DMA2_Channel2_IRQHandler                 0x08001b97   Thumb Code     2  stm32f10x_it.o(.text)
    DMA2_Channel3_IRQHandler                 0x08001b99   Thumb Code     2  stm32f10x_it.o(.text)
    DMA2_Channel4_5_IRQHandler               0x08001b9b   Thumb Code     2  stm32f10x_it.o(.text)
    RCC_Configuration                        0x08001be5   Thumb Code   170  main.o(.text)
    GPIO_Configuration                       0x08001c8f   Thumb Code   342  main.o(.text)
    SPI_Configuration                        0x08001de5   Thumb Code    54  main.o(.text)
    USART_Configuration                      0x08001e1b   Thumb Code    82  main.o(.text)
    NVIC_Configuration                       0x08001e6d   Thumb Code   188  main.o(.text)
    EXTI_cfg                                 0x08001f29   Thumb Code    74  main.o(.text)
    RTC_Configuration                        0x08001f73   Thumb Code    88  main.o(.text)
    main                                     0x08001fcb   Thumb Code  1000  main.o(.text)
    SD_SendCmd                               0x080023ed   Thumb Code   202  sdcmd.o(.text)
    SD_PackParam                             0x080024b7   Thumb Code    16  sdcmd.o(.text)
    SD_BlockCommand                          0x080024c7   Thumb Code    56  sdcmd.o(.text)
    SD_ResetSD                               0x080024ff   Thumb Code    18  sdcmd.o(.text)
    SD_ReadRegister                          0x08002511   Thumb Code   126  sdcmd.o(.text)
    SD_ReadCSD                               0x0800258f   Thumb Code    50  sdcmd.o(.text)
    SD_StopTransmission                      0x080025c1   Thumb Code    20  sdcmd.o(.text)
    SD_ReadCard_Status                       0x080025d5   Thumb Code    24  sdcmd.o(.text)
    SD_SetBlockLen                           0x080025ed   Thumb Code    46  sdcmd.o(.text)
    SD_ReadSingleBlock                       0x0800261b   Thumb Code    16  sdcmd.o(.text)
    SD_ReadMultipleBlock                     0x0800262b   Thumb Code    16  sdcmd.o(.text)
    SD_WriteSingleBlock                      0x0800263b   Thumb Code    16  sdcmd.o(.text)
    SD_WriteMultipleBlock                    0x0800264b   Thumb Code    16  sdcmd.o(.text)
    SD_EraseStartBlock                       0x0800265b   Thumb Code    34  sdcmd.o(.text)
    SD_EraseEndBlock                         0x0800267d   Thumb Code    34  sdcmd.o(.text)
    SD_WaitBusy                              0x0800269f   Thumb Code    70  sdcmd.o(.text)
    SD_EraseSelectedBlock                    0x080026e5   Thumb Code    46  sdcmd.o(.text)
    SD_ReadOCR                               0x08002713   Thumb Code    64  sdcmd.o(.text)
    SD_EnableCRC                             0x08002753   Thumb Code    54  sdcmd.o(.text)
    SD_ReadBlockData                         0x08002789   Thumb Code   140  sdcmd.o(.text)
    SD_GetNumWRBlcoks                        0x08002815   Thumb Code   118  sdcmd.o(.text)
    SD_WriteBlockData                        0x0800288b   Thumb Code   106  sdcmd.o(.text)
    SD_StopMultiToken                        0x080028f5   Thumb Code    28  sdcmd.o(.text)
    SD_SPIDelay                              0x08002911   Thumb Code    24  sdcmd.o(.text)
    SD_GetCRC16                              0x0800292d   Thumb Code    40  sdcrc.o(.text)
    SD_GetCmdByte6                           0x08002955   Thumb Code    94  sdcrc.o(.text)
    SD_Sleep                                 0x080029b9   Thumb Code    12  sddriver.o(.text)
    SD_EndSD                                 0x080029c5   Thumb Code     2  sddriver.o(.text)
    SD_CalTimeout                            0x080029c7   Thumb Code   202  sddriver.o(.text)
    SD_GetCardInfo                           0x08002a91   Thumb Code   170  sddriver.o(.text)
    SD_ActiveInit                            0x08002b3b   Thumb Code   126  sddriver.o(.text)
    SD_StartSD                               0x08002bb9   Thumb Code     2  sddriver.o(.text)
    SD_Initialize                            0x08002bbb   Thumb Code   154  sddriver.o(.text)
    SD_ReadBlock                             0x08002c55   Thumb Code    84  sddriver.o(.text)
    SD_ReadMultiBlock                        0x08002ca9   Thumb Code   122  sddriver.o(.text)
    SD_WriteBlock                            0x08002d23   Thumb Code   170  sddriver.o(.text)
    SD_WriteMultiBlock                       0x08002dcd   Thumb Code   240  sddriver.o(.text)
    SD_EraseBlock                            0x08002ebd   Thumb Code   216  sddriver.o(.text)
    SD_GetZLGSDVer                           0x08002f95   Thumb Code     6  sddriver.o(.text)
    SD_HardWareInit                          0x08003035   Thumb Code    16  sdhal.o(.text)
    SPI_Clk400k                              0x08003045   Thumb Code    80  sdhal.o(.text)
    SPI_ClkToMax                             0x08003095   Thumb Code    80  sdhal.o(.text)
    SPI_SendByte                             0x080030e5   Thumb Code    28  sdhal.o(.text)
    SPI_RecByte                              0x08003101   Thumb Code    52  sdhal.o(.text)
    SPI_CS_Assert                            0x08003135   Thumb Code    12  sdhal.o(.text)
    SPI_CS_Deassert                          0x08003141   Thumb Code    12  sdhal.o(.text)
    SD_ChkCard                               0x0800314d   Thumb Code     4  sdhal.o(.text)
    SD_ChkCardWP                             0x08003151   Thumb Code     4  sdhal.o(.text)
    MSD_Init                                 0x0800315d   Thumb Code    14  msd.o(.text)
    MSD_EarseBlock                           0x0800316b   Thumb Code    22  msd.o(.text)
    MSD_WriteBlock                           0x08003181   Thumb Code    30  msd.o(.text)
    MSD_ReadBlock                            0x0800319f   Thumb Code    30  msd.o(.text)
    MSD_WriteBuffer                          0x080031bd   Thumb Code    36  msd.o(.text)
    MSD_ReadBuffer                           0x080031e1   Thumb Code    36  msd.o(.text)
    MSD_GetMediumCharacteristics             0x08003205   Thumb Code    34  msd.o(.text)
    strlen                                   0x08003239   Thumb Code    62  strlen.o(.text)
    __use_two_region_memory                  0x08003277   Thumb Code     2  heapauxi.o(.text)
    __rt_heap_escrow$2region                 0x08003279   Thumb Code     2  heapauxi.o(.text)
    __rt_heap_expand$2region                 0x0800327b   Thumb Code     2  heapauxi.o(.text)
    __user_setup_stackheap                   0x0800327d   Thumb Code    74  sys_stackheap_outer.o(.text)
    exit                                     0x080032c7   Thumb Code    12  exit.o(.text)
    __user_libspace                          0x080032d5   Thumb Code     8  libspace.o(.text)
    __user_perproc_libspace                  0x080032d5   Thumb Code     0  libspace.o(.text)
    __user_perthread_libspace                0x080032d5   Thumb Code     0  libspace.o(.text)
    _sys_exit                                0x080032dd   Thumb Code     8  sys_exit.o(.text)
    __I$use$semihosting                      0x080032e9   Thumb Code     0  use_no_semi.o(.text)
    __use_no_semihosting_swi                 0x080032e9   Thumb Code     2  use_no_semi.o(.text)
    __semihosting_library_function           0x080032eb   Thumb Code     0  indicate_semi.o(.text)
    CRCTable                                 0x080032fe   Data         512  sdcrc.o(.constdata)
    time_unit                                0x08003500   Data          32  sddriver.o(.constdata)
    time_value                               0x08003520   Data          16  sddriver.o(.constdata)
    r2w_fator                                0x08003530   Data           8  sddriver.o(.constdata)
    Region$$Table$$Base                      0x08003538   Number         0  anon$$obj.o(Region$$Table)
    Region$$Table$$Limit                     0x08003558   Number         0  anon$$obj.o(Region$$Table)
    GPSCachCounter                           0x20000000   Data           4  stm32f10x_it.o(.data)
    GPSRxCounter                             0x20000004   Data           4  stm32f10x_it.o(.data)
    SensorCachCounter                        0x20000008   Data           4  stm32f10x_it.o(.data)
    SensorRxCounter                          0x2000000c   Data           4  stm32f10x_it.o(.data)
    GPSTransCach                             0x20000010   Data           4  stm32f10x_it.o(.data)
    SensorTransCach                          0x20000014   Data           4  stm32f10x_it.o(.data)
    SensorRecordCach                         0x20000018   Data           4  stm32f10x_it.o(.data)
    SD_BLOCK                                 0x2000001c   Data           4  stm32f10x_it.o(.data)
    SDcounter                                0x20000020   Data           4  stm32f10x_it.o(.data)
    RxGPSLength                              0x20000024   Data           5  stm32f10x_it.o(.data)
    t                                        0x2000002c   Data           4  stm32f10x_it.o(.data)
    Timedisplay                              0x20000030   Data           4  stm32f10x_it.o(.data)
    get                                      0x20000124   Data           1  main.o(.data)
    Mass_Memory_Size                         0x20000128   Data           4  msd.o(.data)
    Mass_Block_Size                          0x2000012c   Data           4  msd.o(.data)
    Mass_Block_Count                         0x20000130   Data           4  msd.o(.data)
    RxGPSBuffer                              0x20000134   Data        1050  stm32f10x_it.o(.bss)
    RxSensorBuffer                           0x2000054e   Data          60  stm32f10x_it.o(.bss)
    sd_send_buf                              0x2000058a   Data         512  stm32f10x_it.o(.bss)
    sd_recv_buf                              0x2000078a   Data         512  stm32f10x_it.o(.bss)
    SPI_InitStructure                        0x2000098a   Data          18  main.o(.bss)
    sds                                      0x2000099c   Data          28  sddriver.o(.bss)
    __libspace_start                         0x200009b8   Data          96  libspace.o(.bss)
    __temporary_stack_top$libspace           0x20000a18   Data           0  libspace.o(.bss)



==============================================================================

Memory Map of the image

  Image Entry point : 0x08001885

  Load Region LR_1 (Base: 0x08000000, Size: 0x0000368c, Max: 0xffffffff, ABSOLUTE, COMPRESSED[0x000035f4])

    Execution Region ER_RO (Base: 0x08000000, Size: 0x00003558, Max: 0xffffffff, ABSOLUTE)

    Base Addr    Size         Type   Attr      Idx    E Section Name        Object

    0x08000000   0x00000130   Data   RO          236    RESET               stm32f10x_vector.o
    0x08000130   0x00000008   Code   RO          403  * !!!main             c_w.l(__main.o)
    0x08000138   0x00000034   Code   RO          559    !!!scatter          c_w.l(__scatter.o)
    0x0800016c   0x0000005a   Code   RO          557    !!dczerorl2         c_w.l(__dczerorl2.o)
    0x080001c6   0x00000002   PAD
    0x080001c8   0x0000001c   Code   RO          561    !!handler_zi        c_w.l(__scatter_zi.o)
    0x080001e4   0x00000002   Code   RO          430    .ARM.Collect$$libinit$$00000000  c_w.l(libinit.o)
    0x080001e6   0x00000000   Code   RO          437    .ARM.Collect$$libinit$$00000002  c_w.l(libinit2.o)
    0x080001e6   0x00000000   Code   RO          440    .ARM.Collect$$libinit$$00000008  c_w.l(libinit2.o)
    0x080001e6   0x00000000   Code   RO          442    .ARM.Collect$$libinit$$0000000A  c_w.l(libinit2.o)
    0x080001e6   0x00000000   Code   RO          444    .ARM.Collect$$libinit$$0000000C  c_w.l(libinit2.o)
    0x080001e6   0x00000000   Code   RO          447    .ARM.Collect$$libinit$$0000000F  c_w.l(libinit2.o)
    0x080001e6   0x00000000   Code   RO          449    .ARM.Collect$$libinit$$00000011  c_w.l(libinit2.o)
    0x080001e6   0x00000000   Code   RO          451    .ARM.Collect$$libinit$$00000013  c_w.l(libinit2.o)
    0x080001e6   0x00000000   Code   RO          453    .ARM.Collect$$libinit$$00000015  c_w.l(libinit2.o)
    0x080001e6   0x00000000   Code   RO          455    .ARM.Collect$$libinit$$00000017  c_w.l(libinit2.o)
    0x080001e6   0x00000000   Code   RO          457    .ARM.Collect$$libinit$$00000019  c_w.l(libinit2.o)
    0x080001e6   0x00000000   Code   RO          459    .ARM.Collect$$libinit$$0000001B  c_w.l(libinit2.o)
    0x080001e6   0x00000000   Code   RO          461    .ARM.Collect$$libinit$$0000001D  c_w.l(libinit2.o)
    0x080001e6   0x00000000   Code   RO          463    .ARM.Collect$$libinit$$0000001F  c_w.l(libinit2.o)
    0x080001e6   0x00000000   Code   RO          465    .ARM.Collect$$libinit$$00000021  c_w.l(libinit2.o)
    0x080001e6   0x00000000   Code   RO          467    .ARM.Collect$$libinit$$00000023  c_w.l(libinit2.o)
    0x080001e6   0x00000000   Code   RO          471    .ARM.Collect$$libinit$$0000002A  c_w.l(libinit2.o)
    0x080001e6   0x00000000   Code   RO          473    .ARM.Collect$$libinit$$0000002C  c_w.l(libinit2.o)
    0x080001e6   0x00000000   Code   RO          475    .ARM.Collect$$libinit$$0000002E  c_w.l(libinit2.o)
    0x080001e6   0x00000000   Code   RO          477    .ARM.Collect$$libinit$$00000030  c_w.l(libinit2.o)
    0x080001e6   0x00000002   Code   RO          478    .ARM.Collect$$libinit$$00000031  c_w.l(libinit2.o)
    0x080001e8   0x00000002   Code   RO          498    .ARM.Collect$$libshutdown$$00000000  c_w.l(libshutdown.o)
    0x080001ea   0x00000000   Code   RO          512    .ARM.Collect$$libshutdown$$00000003  c_w.l(libshutdown2.o)
    0x080001ea   0x00000000   Code   RO          515    .ARM.Collect$$libshutdown$$00000006  c_w.l(libshutdown2.o)
    0x080001ea   0x00000000   Code   RO          518    .ARM.Collect$$libshutdown$$00000009  c_w.l(libshutdown2.o)
    0x080001ea   0x00000000   Code   RO          520    .ARM.Collect$$libshutdown$$0000000B  c_w.l(libshutdown2.o)
    0x080001ea   0x00000000   Code   RO          523    .ARM.Collect$$libshutdown$$0000000E  c_w.l(libshutdown2.o)
    0x080001ea   0x00000002   Code   RO          524    .ARM.Collect$$libshutdown$$0000000F  c_w.l(libshutdown2.o)
    0x080001ec   0x00000000   Code   RO          405    .ARM.Collect$$rtentry$$00000000  c_w.l(rtentry.o)
    0x080001ec   0x00000000   Code   RO          407    .ARM.Collect$$rtentry$$00000002  c_w.l(rtentry2.o)
    0x080001ec   0x00000006   Code   RO          419    .ARM.Collect$$rtentry$$00000004  c_w.l(rtentry4.o)
    0x080001f2   0x00000000   Code   RO          409    .ARM.Collect$$rtentry$$00000009  c_w.l(rtentry2.o)
    0x080001f2   0x00000004   Code   RO          410    .ARM.Collect$$rtentry$$0000000A  c_w.l(rtentry2.o)
    0x080001f6   0x00000000   Code   RO          412    .ARM.Collect$$rtentry$$0000000C  c_w.l(rtentry2.o)
    0x080001f6   0x00000008   Code   RO          413    .ARM.Collect$$rtentry$$0000000D  c_w.l(rtentry2.o)
    0x080001fe   0x00000002   Code   RO          434    .ARM.Collect$$rtexit$$00000000  c_w.l(rtexit.o)
    0x08000200   0x00000000   Code   RO          480    .ARM.Collect$$rtexit$$00000002  c_w.l(rtexit2.o)
    0x08000200   0x00000004   Code   RO          481    .ARM.Collect$$rtexit$$00000003  c_w.l(rtexit2.o)
    0x08000204   0x00000006   Code   RO          482    .ARM.Collect$$rtexit$$00000004  c_w.l(rtexit2.o)
    0x0800020a   0x00000002   PAD
    0x0800020c   0x000003a0   Code   RO            1    .text               stm32f10x_rcc.o
    0x080005ac   0x00000048   Code   RO           32    .text               stm32f10x_flash.o
    0x080005f4   0x00000300   Code   RO           47    .text               stm32f10x_spi.o
    0x080008f4   0x0000032c   Code   RO           62    .text               stm32f10x_gpio.o
    0x08000c20   0x00000370   Code   RO          146    .text               stm32f10x_usart.o
    0x08000f90   0x000000c2   Code   RO          158    .text               stm32f10x_systick.o
    0x08001052   0x00000002   PAD
    0x08001054   0x000000a4   Code   RO          170    .text               stm32f10x_bkp.o
    0x080010f8   0x00000144   Code   RO          182    .text               stm32f10x_rtc.o
    0x0800123c   0x000003e0   Code   RO          194    .text               stm32f10x_nvic.o
    0x0800161c   0x000000c8   Code   RO          206    .text               stm32f10x_pwr.o
    0x080016e4   0x00000124   Code   RO          218    .text               stm32f10x_exti.o
    0x08001808   0x0000007a   Code   RO          230    .text               cortexm3_macro.o
    0x08001882   0x00000002   PAD
    0x08001884   0x00000024   Code   RO          237  * .text               stm32f10x_vector.o
    0x080018a8   0x0000033c   Code   RO          241    .text               stm32f10x_it.o
    0x08001be4   0x00000808   Code   RO          288    .text               main.o
    0x080023ec   0x00000540   Code   RO          305    .text               sdcmd.o
    0x0800292c   0x0000008c   Code   RO          333    .text               sdcrc.o
    0x080029b8   0x000005e8   Code   RO          348    .text               sddriver.o
    0x08002fa0   0x000001bc   Code   RO          367    .text               sdhal.o
    0x0800315c   0x000000dc   Code   RO          379    .text               msd.o
    0x08003238   0x0000003e   Code   RO          399    .text               c_w.l(strlen.o)
    0x08003276   0x00000006   Code   RO          401    .text               c_w.l(heapauxi.o)
    0x0800327c   0x0000004a   Code   RO          421    .text               c_w.l(sys_stackheap_outer.o)
    0x080032c6   0x0000000c   Code   RO          423    .text               c_w.l(exit.o)
    0x080032d2   0x00000002   PAD
    0x080032d4   0x00000008   Code   RO          431    .text               c_w.l(libspace.o)
    0x080032dc   0x0000000c   Code   RO          490    .text               c_w.l(sys_exit.o)
    0x080032e8   0x00000002   Code   RO          501    .text               c_w.l(use_no_semi.o)
    0x080032ea   0x00000000   Code   RO          503    .text               c_w.l(indicate_semi.o)
    0x080032ea   0x00000014   Data   RO            2    .constdata          stm32f10x_rcc.o
    0x080032fe   0x00000200   Data   RO          334    .constdata          sdcrc.o
    0x080034fe   0x00000002   PAD
    0x08003500   0x00000038   Data   RO          350    .constdata          sddriver.o
    0x08003538   0x00000020   Data   RO          555    Region$$Table       anon$$obj.o


    Execution Region ER_RW (Base: 0x20000000, Size: 0x00000134, Max: 0xffffffff, ABSOLUTE, COMPRESSED[0x0000009c])

    Base Addr    Size         Type   Attr      Idx    E Section Name        Object

    0x20000000   0x00000034   Data   RW          243    .data               stm32f10x_it.o
    0x20000034   0x000000f1   Data   RW          290    .data               main.o
    0x20000125   0x00000003   PAD
    0x20000128   0x0000000c   Data   RW          380    .data               msd.o


    Execution Region ER_ZI (Base: 0x20000134, Size: 0x000010e4, Max: 0xffffffff, ABSOLUTE)

    Base Addr    Size         Type   Attr      Idx    E Section Name        Object

    0x20000134   0x00000856   Zero   RW          242    .bss                stm32f10x_it.o
    0x2000098a   0x00000012   Zero   RW          289    .bss                main.o
    0x2000099c   0x0000001c   Zero   RW          349    .bss                sddriver.o
    0x200009b8   0x00000060   Zero   RW          432    .bss                c_w.l(libspace.o)
    0x20000a18   0x00000400   Zero   RW          235    HEAP                stm32f10x_vector.o
    0x20000e18   0x00000400   Zero   RW          234    STACK               stm32f10x_vector.o


==============================================================================

Image component sizes


      Code (inc. data)   RO Data    RW Data    ZI Data      Debug   Object Name

       122          0          0          0          0        324   cortexm3_macro.o
      2056        104          0        241         18       4264   main.o
       220         18          0         12          0       2667   msd.o
      1344          4          0          0          0       8441   sdcmd.o
       140          6        512          0          0       1344   sdcrc.o
      1512         38         56          0         28       7274   sddriver.o
       444          8          0          0          0       1978   sdhal.o
       164          8          0          0          0       2248   stm32f10x_bkp.o
       292         10          0          0          0       2027   stm32f10x_exti.o
        72          6          0          0          0        800   stm32f10x_flash.o
       812         18          0          0          0      11299   stm32f10x_gpio.o
       828         72          0         52       2134       9094   stm32f10x_it.o
         0          0          0          0          0      15732   stm32f10x_lib.o
       992         32          0          0          0       6992   stm32f10x_nvic.o
       200         18          0          0          0       1887   stm32f10x_pwr.o
       928         44         20          0          0     194812   stm32f10x_rcc.o
       324          4          0          0          0       2594   stm32f10x_rtc.o
       768          6          0          0          0      12578   stm32f10x_spi.o
       194          0          0          0          0       1525   stm32f10x_systick.o
       880         12          0          0          0       7511   stm32f10x_usart.o
        36         22        304          0       2048        308   stm32f10x_vector.o

    ----------------------------------------------------------------------
     12332        430        926        308       4228     295699   Object Totals
         0          0         32          0          0          0   (incl. Generated)
         4          0          2          3          0          0   (incl. Padding)

    ----------------------------------------------------------------------

      Code (inc. data)   RO Data    RW Data    ZI Data      Debug   Library Member Name

        90          0          0          0          0          0   __dczerorl2.o
         8          0          0          0          0         68   __main.o
        52          8          0          0          0          0   __scatter.o
        28          0          0          0          0          0   __scatter_zi.o
        12          0          0          0          0         72   exit.o
         6          0          0          0          0        152   heapauxi.o
         0          0          0          0          0          0   indicate_semi.o
         2          0          0          0          0          0   libinit.o
         2          0          0          0          0          0   libinit2.o
         2          0          0          0          0          0   libshutdown.o
         2          0          0          0          0          0   libshutdown2.o
         8          4          0          0         96         68   libspace.o
         0          0          0          0          0          0   rtentry.o
        12          0          0          0          0          0   rtentry2.o
         6          0          0          0          0          0   rtentry4.o
         2          0          0          0          0          0   rtexit.o
        10          0          0          0          0          0   rtexit2.o
        62          0          0          0          0         76   strlen.o
        12          4          0          0          0         68   sys_exit.o
        74          0          0          0          0         80   sys_stackheap_outer.o
         2          0          0          0          0         68   use_no_semi.o

    ----------------------------------------------------------------------
       398         16          0          0         96        652   Library Totals
         6          0          0          0          0          0   (incl. Padding)

    ----------------------------------------------------------------------

      Code (inc. data)   RO Data    RW Data    ZI Data      Debug   Library Name

       392         16          0          0         96        652   c_w.l

    ----------------------------------------------------------------------
       398         16          0          0         96        652   Library Totals

    ----------------------------------------------------------------------

==============================================================================


      Code (inc. data)   RO Data    RW Data    ZI Data      Debug   

     12730        446        926        308       4324     293595   Grand Totals
     12730        446        926        156       4324     293595   ELF Image Totals (compressed)
     12730        446        926        156          0          0   ROM Totals

==============================================================================

    Total RO  Size (Code + RO Data)                13656 (  13.34kB)
    Total RW  Size (RW Data + ZI Data)              4632 (   4.52kB)
    Total ROM Size (Code + RO Data + RW Data)      13812 (  13.49kB)

==============================================================================

