ARM Linker, 5.03 [Build 24] [MDK-ARM Lite]

==============================================================================

Section Cross References

    stm32f10x_rcc.o(.text) refers to stm32f10x_rcc.o(.constdata) for APBAHBPrescTable
    stm32f10x_spi.o(.text) refers to stm32f10x_rcc.o(.text) for RCC_APB2PeriphResetCmd
    stm32f10x_gpio.o(.text) refers to stm32f10x_rcc.o(.text) for RCC_APB2PeriphResetCmd
    stm32f10x_usart.o(.text) refers to stm32f10x_rcc.o(.text) for RCC_APB2PeriphResetCmd
    stm32f10x_bkp.o(.text) refers to stm32f10x_rcc.o(.text) for RCC_BackupResetCmd
    stm32f10x_nvic.o(.text) refers to cortexm3_macro.o(.text) for __SETPRIMASK
    stm32f10x_pwr.o(.text) refers to stm32f10x_rcc.o(.text) for RCC_APB1PeriphResetCmd
    stm32f10x_pwr.o(.text) refers to cortexm3_macro.o(.text) for __WFI
    stm32f10x_tim.o(.text) refers to stm32f10x_rcc.o(.text) for RCC_APB2PeriphResetCmd
    stm32f10x_vector.o(STACK) refers (Special) to heapauxi.o(.text) for __use_two_region_memory
    stm32f10x_vector.o(HEAP) refers (Special) to heapauxi.o(.text) for __use_two_region_memory
    stm32f10x_vector.o(RESET) refers (Special) to heapauxi.o(.text) for __use_two_region_memory
    stm32f10x_vector.o(RESET) refers to stm32f10x_vector.o(STACK) for __initial_sp
    stm32f10x_vector.o(RESET) refers to stm32f10x_vector.o(.text) for Reset_Handler
    stm32f10x_vector.o(RESET) refers to stm32f10x_it.o(.text) for NMIException
    stm32f10x_vector.o(.text) refers (Special) to heapauxi.o(.text) for __use_two_region_memory
    stm32f10x_vector.o(.text) refers to __main.o(!!!main) for __main
    stm32f10x_vector.o(.text) refers to stm32f10x_vector.o(HEAP) for Heap_Mem
    stm32f10x_vector.o(.text) refers to stm32f10x_vector.o(STACK) for Stack_Mem
    stm32f10x_it.o(.text) refers to stm32f10x_rtc.o(.text) for RTC_GetITStatus
    stm32f10x_it.o(.text) refers to stm32f10x_usart.o(.text) for USART_SendData
    stm32f10x_it.o(.text) refers to stm32f10x_exti.o(.text) for EXTI_ClearFlag
    stm32f10x_it.o(.text) refers to msd.o(.text) for MSD_WriteBlock
    stm32f10x_it.o(.text) refers to stm32f10x_tim.o(.text) for TIM_GetITStatus
    stm32f10x_it.o(.text) refers to stm32f10x_it.o(.data) for Timedisplay
    stm32f10x_it.o(.text) refers to stm32f10x_it.o(.bss) for RxGPSBuffer
    main.o(.text) refers to stm32f10x_rcc.o(.text) for RCC_DeInit
    main.o(.text) refers to stm32f10x_flash.o(.text) for FLASH_SetLatency
    main.o(.text) refers to stm32f10x_gpio.o(.text) for GPIO_Init
    main.o(.text) refers to stm32f10x_spi.o(.text) for SPI_Init
    main.o(.text) refers to stm32f10x_usart.o(.text) for USART_Init
    main.o(.text) refers to stm32f10x_nvic.o(.text) for NVIC_PriorityGroupConfig
    main.o(.text) refers to stm32f10x_exti.o(.text) for EXTI_ClearITPendingBit
    main.o(.text) refers to stm32f10x_pwr.o(.text) for PWR_BackupAccessCmd
    main.o(.text) refers to stm32f10x_bkp.o(.text) for BKP_DeInit
    main.o(.text) refers to stm32f10x_rtc.o(.text) for RTC_WaitForSynchro
    main.o(.text) refers to stm32f10x_tim.o(.text) for TIM_TimeBaseInit
    main.o(.text) refers to msd.o(.text) for MSD_Init
    main.o(.text) refers to strlen.o(.text) for strlen
    main.o(.text) refers to main.o(.bss) for SPI_InitStructure
    main.o(.text) refers to stm32f10x_it.o(.data) for Timedisplay
    main.o(.text) refers to main.o(.data) for WaitingTime
    sdcmd.o(.text) refers to sdhal.o(.text) for SPI_CS_Assert
    sdcmd.o(.text) refers to sddriver.o(.bss) for sds
    sddriver.o(.text) refers to sdcmd.o(.text) for SD_ReadCSD
    sddriver.o(.text) refers to sdhal.o(.text) for SD_HardWareInit
    sddriver.o(.text) refers to sddriver.o(.bss) for sds
    sddriver.o(.text) refers to sddriver.o(.constdata) for time_value
    sdhal.o(.text) refers to stm32f10x_rcc.o(.text) for RCC_APB2PeriphClockCmd
    sdhal.o(.text) refers to stm32f10x_gpio.o(.text) for GPIO_Init
    sdhal.o(.text) refers to stm32f10x_spi.o(.text) for SPI_Init
    msd.o(.text) refers to sddriver.o(.text) for SD_Initialize
    msd.o(.text) refers to sddriver.o(.bss) for sds
    msd.o(.text) refers to msd.o(.data) for Mass_Block_Size
    __main.o(!!!main) refers to rtentry.o(.ARM.Collect$$rtentry$$00000000) for __rt_entry
    rtentry.o(.ARM.Collect$$rtentry$$00000000) refers (Special) to rtentry2.o(.ARM.Collect$$rtentry$$0000000A) for __rt_entry_li
    rtentry.o(.ARM.Collect$$rtentry$$00000000) refers (Special) to rtentry2.o(.ARM.Collect$$rtentry$$0000000D) for __rt_entry_main
    rtentry.o(.ARM.Collect$$rtentry$$00000000) refers (Special) to rtentry2.o(.ARM.Collect$$rtentry$$0000000C) for __rt_entry_postli_1
    rtentry.o(.ARM.Collect$$rtentry$$00000000) refers (Special) to rtentry2.o(.ARM.Collect$$rtentry$$00000009) for __rt_entry_postsh_1
    rtentry.o(.ARM.Collect$$rtentry$$00000000) refers (Special) to rtentry2.o(.ARM.Collect$$rtentry$$00000002) for __rt_entry_presh_1
[...]
    sys_stackheap_outer.o(.text) refers to libspace.o(.text) for __user_perproc_libspace
    sys_stackheap_outer.o(.text) refers to stm32f10x_vector.o(.text) for __user_initial_stackheap
    exit.o(.text) refers to rtexit.o(.ARM.Collect$$rtexit$$00000000) for __rt_exit
    libinit.o(.ARM.Collect$$libinit$$00000000) refers (Special) to libinit2.o(.ARM.Collect$$libinit$$0000002C) for __rt_lib_init_alloca_1
    libinit.o(.ARM.Collect$$libinit$$00000000) refers (Special) to libinit2.o(.ARM.Collect$$libinit$$0000002A) for __rt_lib_init_argv_1
    libinit.o(.ARM.Collect$$libinit$$00000000) refers (Special) to libinit2.o(.ARM.Collect$$libinit$$00000019) for __rt_lib_init_atexit_1
    libinit.o(.ARM.Collect$$libinit$$00000000) refers (Special) to libinit2.o(.ARM.Collect$$libinit$$0000001F) for __rt_lib_init_clock_1
    libinit.o(.ARM.Collect$$libinit$$00000000) refers (Special) to libinit2.o(.ARM.Collect$$libinit$$00000030) for __rt_lib_init_cpp_1
    libinit.o(.ARM.Collect$$libinit$$00000000) refers (Special) to libinit2.o(.ARM.Collect$$libinit$$0000002E) for __rt_lib_init_exceptions_1
    libinit.o(.ARM.Collect$$libinit$$00000000) refers (Special) to libinit2.o(.ARM.Collect$$libinit$$00000002) for __rt_lib_init_fp_1
    libinit.o(.ARM.Collect$$libinit$$00000000) refers (Special) to libinit2.o(.ARM.Collect$$libinit$$0000001D) for __rt_lib_init_fp_trap_1
    libinit.o(.ARM.Collect$$libinit$$00000000) refers (Special) to libinit2.o(.ARM.Collect$$libinit$$00000021) for __rt_lib_init_getenv_1
    libinit.o(.ARM.Collect$$libinit$$00000000) refers (Special) to libinit2.o(.ARM.Collect$$libinit$$00000008) for __rt_lib_init_heap_1
    libinit.o(.ARM.Collect$$libinit$$00000000) refers (Special) to libinit2.o(.ARM.Collect$$libinit$$0000000F) for __rt_lib_init_lc_collate_1
    libinit.o(.ARM.Collect$$libinit$$00000000) refers (Special) to libinit2.o(.ARM.Collect$$libinit$$00000011) for __rt_lib_init_lc_ctype_1
    libinit.o(.ARM.Collect$$libinit$$00000000) refers (Special) to libinit2.o(.ARM.Collect$$libinit$$00000013) for __rt_lib_init_lc_monetary_1
    libinit.o(.ARM.Collect$$libinit$$00000000) refers (Special) to libinit2.o(.ARM.Collect$$libinit$$00000015) for __rt_lib_init_lc_numeric_1
    libinit.o(.ARM.Collect$$libinit$$00000000) refers (Special) to libinit2.o(.ARM.Collect$$libinit$$00000017) for __rt_lib_init_lc_time_1
    libinit.o(.ARM.Collect$$libinit$$00000000) refers (Special) to libinit2.o(.ARM.Collect$$libinit$$0000000C) for __rt_lib_init_rand_1
    libinit.o(.ARM.Collect$$libinit$$00000000) refers (Special) to libinit2.o(.ARM.Collect$$libinit$$00000031) for __rt_lib_init_return
    libinit.o(.ARM.Collect$$libinit$$00000000) refers (Special) to libinit2.o(.ARM.Collect$$libinit$$0000001B) for __rt_lib_init_signal_1
    libinit.o(.ARM.Collect$$libinit$$00000000) refers (Special) to libinit2.o(.ARM.Collect$$libinit$$00000023) for __rt_lib_init_stdio_1
    libinit.o(.ARM.Collect$$libinit$$00000000) refers (Special) to libinit2.o(.ARM.Collect$$libinit$$0000000A) for __rt_lib_init_user_alloc_1
    libspace.o(.text) refers to libspace.o(.bss) for __libspace_start
    rtexit.o(.ARM.Collect$$rtexit$$00000000) refers (Special) to rtexit2.o(.ARM.Collect$$rtexit$$00000004) for __rt_exit_exit
    rtexit.o(.ARM.Collect$$rtexit$$00000000) refers (Special) to rtexit2.o(.ARM.Collect$$rtexit$$00000003) for __rt_exit_ls
    rtexit.o(.ARM.Collect$$rtexit$$00000000) refers (Special) to rtexit2.o(.ARM.Collect$$rtexit$$00000002) for __rt_exit_prels_1
    rtexit.o(.ARM.exidx) refers (Special) to rtexit2.o(.ARM.Collect$$rtexit$$00000004) for __rt_exit_exit
    rtexit.o(.ARM.exidx) refers (Special) to rtexit2.o(.ARM.Collect$$rtexit$$00000003) for __rt_exit_ls
    rtexit.o(.ARM.exidx) refers (Special) to rtexit2.o(.ARM.Collect$$rtexit$$00000002) for __rt_exit_prels_1
    rtexit.o(.ARM.exidx) refers to rtexit.o(.ARM.Collect$$rtexit$$00000000) for .ARM.Collect$$rtexit$$00000000
    libinit2.o(.ARM.Collect$$libinit$$0000000E) refers to libinit2.o(.ARM.Collect$$libinit$$0000000D) for .ARM.Collect$$libinit$$0000000D
    libinit2.o(.ARM.Collect$$libinit$$00000010) refers to libinit2.o(.ARM.Collect$$libinit$$0000000D) for .ARM.Collect$$libinit$$0000000D
    libinit2.o(.ARM.Collect$$libinit$$00000012) refers to libinit2.o(.ARM.Collect$$libinit$$0000000D) for .ARM.Collect$$libinit$$0000000D
    libinit2.o(.ARM.Collect$$libinit$$00000014) refers to libinit2.o(.ARM.Collect$$libinit$$0000000D) for .ARM.Collect$$libinit$$0000000D
    libinit2.o(.ARM.Collect$$libinit$$00000016) refers to libinit2.o(.ARM.Collect$$libinit$$0000000D) for .ARM.Collect$$libinit$$0000000D
    libinit2.o(.ARM.Collect$$libinit$$00000024) refers to argv_veneer.o(.emb_text) for __ARM_argv_veneer
    libinit2.o(.ARM.Collect$$libinit$$00000025) refers to argv_veneer.o(.emb_text) for __ARM_argv_veneer
    rtexit2.o(.ARM.Collect$$rtexit$$00000003) refers to libshutdown.o(.ARM.Collect$$libshutdown$$00000000) for __rt_lib_shutdown
    rtexit2.o(.ARM.Collect$$rtexit$$00000004) refers to sys_exit.o(.text) for _sys_exit
    rtexit2.o(.ARM.exidx) refers to rtexit2.o(.ARM.Collect$$rtexit$$00000001) for .ARM.Collect$$rtexit$$00000001
    rtexit2.o(.ARM.exidx) refers to rtexit2.o(.ARM.Collect$$rtexit$$00000003) for .ARM.Collect$$rtexit$$00000003
    rtexit2.o(.ARM.exidx) refers to rtexit2.o(.ARM.Collect$$rtexit$$00000004) for .ARM.Collect$$rtexit$$00000004
    argv_veneer.o(.emb_text) refers to no_argv.o(.text) for __ARM_get_argv
    sys_exit.o(.text) refers (Special) to use_no_semi.o(.text) for __I$use$semihosting
    sys_exit.o(.text) refers (Special) to indicate_semi.o(.text) for __semihosting_library_function
    _get_argv_nomalloc.o(.text) refers (Special) to hrguard.o(.text) for __heap_region$guard
    _get_argv_nomalloc.o(.text) refers to defsig_rtmem_outer.o(.text) for __rt_SIGRTMEM
    _get_argv_nomalloc.o(.text) refers to sys_command.o(.text) for _sys_command_string
    libshutdown.o(.ARM.Collect$$libshutdown$$00000000) refers (Special) to libshutdown2.o(.ARM.Collect$$libshutdown$$00000006) for __rt_lib_shutdown_fp_trap_1
    libshutdown.o(.ARM.Collect$$libshutdown$$00000000) refers (Special) to libshutdown2.o(.ARM.Collect$$libshutdown$$0000000E) for __rt_lib_shutdown_heap_1
    libshutdown.o(.ARM.Collect$$libshutdown$$00000000) refers (Special) to libshutdown2.o(.ARM.Collect$$libshutdown$$0000000F) for __rt_lib_shutdown_return
    libshutdown.o(.ARM.Collect$$libshutdown$$00000000) refers (Special) to libshutdown2.o(.ARM.Collect$$libshutdown$$00000009) for __rt_lib_shutdown_signal_1
    libshutdown.o(.ARM.Collect$$libshutdown$$00000000) refers (Special) to libshutdown2.o(.ARM.Collect$$libshutdown$$00000003) for __rt_lib_shutdown_stdio_1
    libshutdown.o(.ARM.Collect$$libshutdown$$00000000) refers (Special) to libshutdown2.o(.ARM.Collect$$libshutdown$$0000000B) for __rt_lib_shutdown_user_alloc_1
    sys_command.o(.text) refers (Special) to use_no_semi.o(.text) for __I$use$semihosting
    sys_command.o(.text) refers (Special) to indicate_semi.o(.text) for __semihosting_library_function
    defsig_rtmem_outer.o(.text) refers to defsig_rtmem_inner.o(.text) for __rt_SIGRTMEM_inner
    defsig_rtmem_outer.o(.text) refers to defsig_exit.o(.text) for __sig_exit
    defsig_rtmem_formal.o(.text) refers to rt_raise.o(.text) for __rt_raise
    rt_raise.o(.text) refers to __raise.o(.text) for __raise
    rt_raise.o(.text) refers to sys_exit.o(.text) for _sys_exit
    defsig_exit.o(.text) refers to sys_exit.o(.text) for _sys_exit
    defsig_rtmem_inner.o(.text) refers to defsig_general.o(.text) for __default_signal_display
    __raise.o(.text) refers to defsig.o(CL$$defsig) for __default_signal_handler
    defsig_general.o(.text) refers to sys_wrch.o(.text) for _ttywrch
    sys_wrch.o(.text) refers (Special) to use_no_semi.o(.text) for __I$use$semihosting
    sys_wrch.o(.text) refers (Special) to indicate_semi.o(.text) for __semihosting_library_function
    defsig.o(CL$$defsig) refers to defsig_rtmem_inner.o(.text) for __rt_SIGRTMEM_inner
    defsig_abrt_inner.o(.text) refers to defsig_general.o(.text) for __default_signal_display
    defsig_fpe_inner.o(.text) refers to defsig_general.o(.text) for __default_signal_display
    defsig_rtred_inner.o(.text) refers to defsig_general.o(.text) for __default_signal_display
    defsig_stak_inner.o(.text) refers to defsig_general.o(.text) for __default_signal_display
    defsig_pvfn_inner.o(.text) refers to defsig_general.o(.text) for __default_signal_display
    defsig_cppl_inner.o(.text) refers to defsig_general.o(.text) for __default_signal_display
    defsig_segv_inner.o(.text) refers to defsig_general.o(.text) for __default_signal_display
    defsig_other.o(.text) refers to defsig_general.o(.text) for __default_signal_display


==============================================================================

Removing Unused input sections from the image.

    Removing stm32f10x_systick.o(.text), (194 bytes).

1 unused section(s) (total 194 bytes) removed from the image.

==============================================================================

Image Symbol Table

    Local Symbols

    Symbol Name                              Value     Ov Type        Size  Object(Section)

    ../clib/angel/boardlib.s                 0x00000000   Number         0  boardshut.o ABSOLUTE
    ../clib/angel/boardlib.s                 0x00000000   Number         0  boardinit3.o ABSOLUTE
    ../clib/angel/boardlib.s                 0x00000000   Number         0  boardinit2.o ABSOLUTE
    ../clib/angel/boardlib.s                 0x00000000   Number         0  boardinit1.o ABSOLUTE
    ../clib/angel/dczerorl2.s                0x00000000   Number         0  __dczerorl2.o ABSOLUTE
    ../clib/angel/handlers.s                 0x00000000   Number         0  __scatter_zi.o ABSOLUTE
    ../clib/angel/kernel.s                   0x00000000   Number         0  rtentry4.o ABSOLUTE
    ../clib/angel/kernel.s                   0x00000000   Number         0  rtentry.o ABSOLUTE
    ../clib/angel/kernel.s                   0x00000000   Number         0  rtentry2.o ABSOLUTE
    ../clib/angel/kernel.s                   0x00000000   Number         0  rtexit2.o ABSOLUTE
    ../clib/angel/kernel.s                   0x00000000   Number         0  rtexit.o ABSOLUTE
    ../clib/angel/rt.s                       0x00000000   Number         0  rt_raise.o ABSOLUTE
    ../clib/angel/scatter.s                  0x00000000   Number         0  __scatter.o ABSOLUTE
    ../clib/angel/startup.s                  0x00000000   Number         0  __main.o ABSOLUTE
    ../clib/angel/sys.s                      0x00000000   Number         0  use_no_semi.o ABSOLUTE
    ../clib/angel/sys.s                      0x00000000   Number         0  indicate_semi.o ABSOLUTE
    ../clib/angel/sys.s                      0x00000000   Number         0  sys_stackheap_outer.o ABSOLUTE
    ../clib/angel/sys.s                      0x00000000   Number         0  libspace.o ABSOLUTE
    ../clib/angel/sysapp.c                   0x00000000   Number         0  sys_wrch.o ABSOLUTE
    ../clib/angel/sysapp.c                   0x00000000   Number         0  sys_command.o ABSOLUTE
    ../clib/angel/sysapp.c                   0x00000000   Number         0  sys_exit.o ABSOLUTE
    ../clib/armsys.c                         0x00000000   Number         0  _get_argv_nomalloc.o ABSOLUTE
    ../clib/armsys.c                         0x00000000   Number         0  argv_veneer.o ABSOLUTE
    ../clib/armsys.c                         0x00000000   Number         0  no_argv.o ABSOLUTE
    ../clib/armsys.c                         0x00000000   Number         0  argv_veneer.o ABSOLUTE
    ../clib/heapalloc.c                      0x00000000   Number         0  hrguard.o ABSOLUTE
    ../clib/heapaux.c                        0x00000000   Number         0  heapauxi.o ABSOLUTE
    ../clib/libinit.s                        0x00000000   Number         0  libshutdown.o ABSOLUTE
    ../clib/libinit.s                        0x00000000   Number         0  libinit.o ABSOLUTE
    ../clib/libinit.s                        0x00000000   Number         0  libshutdown2.o ABSOLUTE
    ../clib/libinit.s                        0x00000000   Number         0  libinit2.o ABSOLUTE
    ../clib/signal.c                         0x00000000   Number         0  defsig_general.o ABSOLUTE
    ../clib/signal.c                         0x00000000   Number         0  __raise.o ABSOLUTE
    ../clib/signal.c                         0x00000000   Number         0  defsig_rtmem_inner.o ABSOLUTE
    ../clib/signal.c                         0x00000000   Number         0  defsig_segv_inner.o ABSOLUTE
    ../clib/signal.c                         0x00000000   Number         0  defsig_rtmem_formal.o ABSOLUTE
    ../clib/signal.c                         0x00000000   Number         0  defsig_rtmem_outer.o ABSOLUTE
    ../clib/signal.c                         0x00000000   Number         0  defsig_cppl_inner.o ABSOLUTE
    ../clib/signal.c                         0x00000000   Number         0  defsig_pvfn_inner.o ABSOLUTE
    ../clib/signal.c                         0x00000000   Number         0  defsig_stak_inner.o ABSOLUTE
    ../clib/signal.c                         0x00000000   Number         0  defsig_rtred_inner.o ABSOLUTE
    ../clib/signal.c                         0x00000000   Number         0  defsig_fpe_inner.o ABSOLUTE
    ../clib/signal.c                         0x00000000   Number         0  defsig_abrt_inner.o ABSOLUTE
    ../clib/signal.c                         0x00000000   Number         0  defsig_exit.o ABSOLUTE
    ../clib/signal.c                         0x00000000   Number         0  defsig_other.o ABSOLUTE
    ../clib/signal.s                         0x00000000   Number         0  defsig.o ABSOLUTE
    ../clib/stdlib.c                         0x00000000   Number         0  exit.o ABSOLUTE
    ../clib/string.c                         0x00000000   Number         0  strlen.o ABSOLUTE
    ../fplib/fpinit.s                        0x00000000   Number         0  fpinit.o ABSOLUTE
    boot\cortexm3_macro.s                    0x00000000   Number         0  cortexm3_macro.o ABSOLUTE
    boot\stm32f10x_vector.s                  0x00000000   Number         0  stm32f10x_vector.o ABSOLUTE
    dc.s                                     0x00000000   Number         0  dc.o ABSOLUTE
    interrupt\stm32f10x_it.c                 0x00000000   Number         0  stm32f10x_it.o ABSOLUTE
    library\src\msd.c                        0x00000000   Number         0  msd.o ABSOLUTE
    library\src\sdcmd.c                      0x00000000   Number         0  sdcmd.o ABSOLUTE
    library\src\sdcrc.c                      0x00000000   Number         0  sdcrc.o ABSOLUTE
    library\src\sddriver.c                   0x00000000   Number         0  sddriver.o ABSOLUTE
    library\src\sdhal.c                      0x00000000   Number         0  sdhal.o ABSOLUTE
    library\src\stm32f10x_bkp.c              0x00000000   Number         0  stm32f10x_bkp.o ABSOLUTE
    library\src\stm32f10x_exti.c             0x00000000   Number         0  stm32f10x_exti.o ABSOLUTE
    library\src\stm32f10x_flash.c            0x00000000   Number         0  stm32f10x_flash.o ABSOLUTE
    library\src\stm32f10x_gpio.c             0x00000000   Number         0  stm32f10x_gpio.o ABSOLUTE
    library\src\stm32f10x_lib.c              0x00000000   Number         0  stm32f10x_lib.o ABSOLUTE
    library\src\stm32f10x_nvic.c             0x00000000   Number         0  stm32f10x_nvic.o ABSOLUTE
    library\src\stm32f10x_pwr.c              0x00000000   Number         0  stm32f10x_pwr.o ABSOLUTE
    library\src\stm32f10x_rcc.c              0x00000000   Number         0  stm32f10x_rcc.o ABSOLUTE
    library\src\stm32f10x_rtc.c              0x00000000   Number         0  stm32f10x_rtc.o ABSOLUTE
    library\src\stm32f10x_spi.c              0x00000000   Number         0  stm32f10x_spi.o ABSOLUTE
    library\src\stm32f10x_systick.c          0x00000000   Number         0  stm32f10x_systick.o ABSOLUTE
    library\src\stm32f10x_tim.c              0x00000000   Number         0  stm32f10x_tim.o ABSOLUTE
    library\src\stm32f10x_usart.c            0x00000000   Number         0  stm32f10x_usart.o ABSOLUTE
    src\main.c                               0x00000000   Number         0  main.o ABSOLUTE
    RESET                                    0x08000000   Section      304  stm32f10x_vector.o(RESET)
    !!!main                                  0x08000130   Section        8  __main.o(!!!main)
    !!!scatter                               0x08000138   Section       52  __scatter.o(!!!scatter)
    !!dczerorl2                              0x0800016c   Section       90  __dczerorl2.o(!!dczerorl2)
    !!handler_zi                             0x080001c8   Section       28  __scatter_zi.o(!!handler_zi)
    .ARM.Collect$$libinit$$00000000          0x080001e4   Section        2  libinit.o(.ARM.Collect$$libinit$$00000000)
    .ARM.Collect$$libinit$$00000002          0x080001e6   Section        0  libinit2.o(.ARM.Collect$$libinit$$00000002)
    .ARM.Collect$$libinit$$00000008          0x080001e6   Section        0  libinit2.o(.ARM.Collect$$libinit$$00000008)
    .ARM.Collect$$libinit$$0000000A          0x080001e6   Section        0  libinit2.o(.ARM.Collect$$libinit$$0000000A)
    .ARM.Collect$$libinit$$0000000C          0x080001e6   Section        0  libinit2.o(.ARM.Collect$$libinit$$0000000C)
    .ARM.Collect$$libinit$$0000000F          0x080001e6   Section        0  libinit2.o(.ARM.Collect$$libinit$$0000000F)
    .ARM.Collect$$libinit$$00000011          0x080001e6   Section        0  libinit2.o(.ARM.Collect$$libinit$$00000011)
    .ARM.Collect$$libinit$$00000013          0x080001e6   Section        0  libinit2.o(.ARM.Collect$$libinit$$00000013)
    .ARM.Collect$$libinit$$00000015          0x080001e6   Section        0  libinit2.o(.ARM.Collect$$libinit$$00000015)
    .ARM.Collect$$libinit$$00000017          0x080001e6   Section        0  libinit2.o(.ARM.Collect$$libinit$$00000017)
    .ARM.Collect$$libinit$$00000019          0x080001e6   Section        0  libinit2.o(.ARM.Collect$$libinit$$00000019)
    .ARM.Collect$$libinit$$0000001B          0x080001e6   Section        0  libinit2.o(.ARM.Collect$$libinit$$0000001B)
    .ARM.Collect$$libinit$$0000001D          0x080001e6   Section        0  libinit2.o(.ARM.Collect$$libinit$$0000001D)
    .ARM.Collect$$libinit$$0000001F          0x080001e6   Section        0  libinit2.o(.ARM.Collect$$libinit$$0000001F)
    .ARM.Collect$$libinit$$00000021          0x080001e6   Section        0  libinit2.o(.ARM.Collect$$libinit$$00000021)
    .ARM.Collect$$libinit$$00000023          0x080001e6   Section        0  libinit2.o(.ARM.Collect$$libinit$$00000023)
    .ARM.Collect$$libinit$$0000002A          0x080001e6   Section        0  libinit2.o(.ARM.Collect$$libinit$$0000002A)
    .ARM.Collect$$libinit$$0000002C          0x080001e6   Section        0  libinit2.o(.ARM.Collect$$libinit$$0000002C)
    .ARM.Collect$$libinit$$0000002E          0x080001e6   Section        0  libinit2.o(.ARM.Collect$$libinit$$0000002E)
    .ARM.Collect$$libinit$$00000030          0x080001e6   Section        0  libinit2.o(.ARM.Collect$$libinit$$00000030)
    .ARM.Collect$$libinit$$00000031          0x080001e6   Section        2  libinit2.o(.ARM.Collect$$libinit$$00000031)
    .ARM.Collect$$libshutdown$$00000000      0x080001e8   Section        2  libshutdown.o(.ARM.Collect$$libshutdown$$00000000)
    .ARM.Collect$$libshutdown$$00000003      0x080001ea   Section        0  libshutdown2.o(.ARM.Collect$$libshutdown$$00000003)
    .ARM.Collect$$libshutdown$$00000006      0x080001ea   Section        0  libshutdown2.o(.ARM.Collect$$libshutdown$$00000006)
    .ARM.Collect$$libshutdown$$00000009      0x080001ea   Section        0  libshutdown2.o(.ARM.Collect$$libshutdown$$00000009)
    .ARM.Collect$$libshutdown$$0000000B      0x080001ea   Section        0  libshutdown2.o(.ARM.Collect$$libshutdown$$0000000B)
    .ARM.Collect$$libshutdown$$0000000E      0x080001ea   Section        0  libshutdown2.o(.ARM.Collect$$libshutdown$$0000000E)
    .ARM.Collect$$libshutdown$$0000000F      0x080001ea   Section        2  libshutdown2.o(.ARM.Collect$$libshutdown$$0000000F)
    .ARM.Collect$$rtentry$$00000000          0x080001ec   Section        0  rtentry.o(.ARM.Collect$$rtentry$$00000000)
    .ARM.Collect$$rtentry$$00000002          0x080001ec   Section        0  rtentry2.o(.ARM.Collect$$rtentry$$00000002)
    .ARM.Collect$$rtentry$$00000004          0x080001ec   Section        6  rtentry4.o(.ARM.Collect$$rtentry$$00000004)
    .ARM.Collect$$rtentry$$00000009          0x080001f2   Section        0  rtentry2.o(.ARM.Collect$$rtentry$$00000009)
    .ARM.Collect$$rtentry$$0000000A          0x080001f2   Section        4  rtentry2.o(.ARM.Collect$$rtentry$$0000000A)
    .ARM.Collect$$rtentry$$0000000C          0x080001f6   Section        0  rtentry2.o(.ARM.Collect$$rtentry$$0000000C)
    .ARM.Collect$$rtentry$$0000000D          0x080001f6   Section        8  rtentry2.o(.ARM.Collect$$rtentry$$0000000D)
    .ARM.Collect$$rtexit$$00000000           0x080001fe   Section        2  rtexit.o(.ARM.Collect$$rtexit$$00000000)
    .ARM.Collect$$rtexit$$00000002           0x08000200   Section        0  rtexit2.o(.ARM.Collect$$rtexit$$00000002)
    .ARM.Collect$$rtexit$$00000003           0x08000200   Section        4  rtexit2.o(.ARM.Collect$$rtexit$$00000003)
    .ARM.Collect$$rtexit$$00000004           0x08000204   Section        6  rtexit2.o(.ARM.Collect$$rtexit$$00000004)
    .text                                    0x0800020c   Section        0  stm32f10x_rcc.o(.text)
    .text                                    0x080005ac   Section        0  stm32f10x_flash.o(.text)
    .text                                    0x080005f4   Section        0  stm32f10x_spi.o(.text)
    .text                                    0x080008f4   Section        0  stm32f10x_gpio.o(.text)
    .text                                    0x08000c20   Section        0  stm32f10x_usart.o(.text)
    .text                                    0x08000f90   Section        0  stm32f10x_bkp.o(.text)
    .text                                    0x08001034   Section        0  stm32f10x_rtc.o(.text)
    .text                                    0x08001178   Section        0  stm32f10x_nvic.o(.text)
    .text                                    0x08001558   Section        0  stm32f10x_pwr.o(.text)
    .text                                    0x08001620   Section        0  stm32f10x_exti.o(.text)
    .text                                    0x08001744   Section        0  stm32f10x_tim.o(.text)
    TI4_Config                               0x08001a63   Thumb Code    82  stm32f10x_tim.o(.text)
    TI3_Config                               0x08001ac7   Thumb Code    72  stm32f10x_tim.o(.text)
    TI2_Config                               0x08001b39   Thumb Code    80  stm32f10x_tim.o(.text)
    TI1_Config                               0x08001b9b   Thumb Code    56  stm32f10x_tim.o(.text)
    .text                                    0x0800230c   Section       36  stm32f10x_vector.o(.text)
    .text                                    0x08002330   Section      122  cortexm3_macro.o(.text)
    .text                                    0x080023ac   Section        0  stm32f10x_it.o(.text)
    .text                                    0x08002754   Section        0  main.o(.text)
    .text                                    0x08002f88   Section        0  sdcmd.o(.text)
    .text                                    0x08003460   Section        0  sddriver.o(.text)
    .text                                    0x08003a18   Section        0  sdhal.o(.text)
    SPI_Config                               0x08003a19   Thumb Code   148  sdhal.o(.text)
    .text                                    0x08003bcc   Section        0  msd.o(.text)
    .text                                    0x08003ca8   Section        0  strlen.o(.text)
    .text                                    0x08003ce6   Section        0  heapauxi.o(.text)
    .text                                    0x08003cec   Section       74  sys_stackheap_outer.o(.text)
    .text                                    0x08003d36   Section        0  exit.o(.text)
    .text                                    0x08003d44   Section        8  libspace.o(.text)
    .text                                    0x08003d4c   Section        0  sys_exit.o(.text)
    .text                                    0x08003d58   Section        2  use_no_semi.o(.text)
    .constdata                               0x08003d5a   Section       20  stm32f10x_rcc.o(.constdata)
    .text                                    0x08003d5a   Section        0  indicate_semi.o(.text)
    APBAHBPrescTable                         0x08003d5a   Data          16  stm32f10x_rcc.o(.constdata)
    ADCPrescTable                            0x08003d6a   Data           4  stm32f10x_rcc.o(.constdata)
    .constdata                               0x08003d70   Section       56  sddriver.o(.constdata)
    .data                                    0x20000000   Section       56  stm32f10x_it.o(.data)
    .data                                    0x20000038   Section      245  main.o(.data)
    Responce                                 0x2000003c   Data          42  main.o(.data)
    Responce2                                0x20000066   Data          20  main.o(.data)
    Responce3                                0x2000007a   Data          22  main.o(.data)
    Responce4                                0x20000090   Data          46  main.o(.data)
    Responce5                                0x200000be   Data          16  main.o(.data)
    Responce6                                0x200000ce   Data          23  main.o(.data)
    errorDatatransmition                     0x200000e5   Data          35  main.o(.data)
    errorGPS                                 0x20000108   Data          17  main.o(.data)
    errorclock                               0x20000119   Data          19  main.o(.data)
    .data                                    0x20000130   Section       12  msd.o(.data)
    .bss                                     0x2000013c   Section     2574  stm32f10x_it.o(.bss)
    .bss                                     0x20000b4a   Section       18  main.o(.bss)
    .bss                                     0x20000b5c   Section       28  sddriver.o(.bss)
    .bss                                     0x20000b78   Section       96  libspace.o(.bss)
    HEAP                                     0x20000bd8   Section     1024  stm32f10x_vector.o(HEAP)
    Heap_Mem                                 0x20000bd8   Data        1024  stm32f10x_vector.o(HEAP)
    STACK                                    0x20000fd8   Section     1024  stm32f10x_vector.o(STACK)
    Stack_Mem                                0x20000fd8   Data        1024  stm32f10x_vector.o(STACK)
    __initial_sp                             0x200013d8   Data           0  stm32f10x_vector.o(STACK)

    Global Symbols

    Symbol Name                              Value     Ov Type        Size  Object(Section)

    BuildAttributes$$THM_ISAv4$P$D$K$B$S$PE$A:L22UL41UL21$X:L11$S22US41US21$IEEE1$IW$USESV6$~STKCKD$USESV7$~SHL$OSPACE$ROPI$EBA8$UX$STANDARDLIB$REQ8$PRES8$EABIv2 0x00000000   Number         0  anon$$obj.o ABSOLUTE
    __ARM_use_no_argv                        0x00000000   Number         0  main.o ABSOLUTE
    __ARM_exceptions_init                     - Undefined Weak Reference
    __alloca_initialize                       - Undefined Weak Reference
    __cpp_initialize__aeabi_                  - Undefined Weak Reference
    __cxa_finalize                            - Undefined Weak Reference
    __rt_locale                               - Undefined Weak Reference
    __sigvec_lookup                           - Undefined Weak Reference
    _atexit_init                              - Undefined Weak Reference
    _call_atexit_fns                          - Undefined Weak Reference
    _clock_init                               - Undefined Weak Reference
    _fp_trap_init                             - Undefined Weak Reference
    _fp_trap_shutdown                         - Undefined Weak Reference
    _get_lc_collate                           - Undefined Weak Reference
    _get_lc_ctype                             - Undefined Weak Reference
    _get_lc_monetary                          - Undefined Weak Reference
    _get_lc_numeric                           - Undefined Weak Reference
    _get_lc_time                              - Undefined Weak Reference
    _getenv_init                              - Undefined Weak Reference
    _handle_redirection                       - Undefined Weak Reference
    _init_alloc                               - Undefined Weak Reference
    _init_user_alloc                          - Undefined Weak Reference
    _initio                                   - Undefined Weak Reference
    _rand_init                                - Undefined Weak Reference
    _signal_finish                            - Undefined Weak Reference
    _signal_init                              - Undefined Weak Reference
    _terminate_alloc                          - Undefined Weak Reference
    _terminate_user_alloc                     - Undefined Weak Reference
    _terminateio                              - Undefined Weak Reference
    __Vectors                                0x08000000   Data           4  stm32f10x_vector.o(RESET)
    __main                                   0x08000131   Thumb Code     8  __main.o(!!!main)
    __scatterload                            0x08000139   Thumb Code     0  __scatter.o(!!!scatter)
    __scatterload_rt2                        0x08000139   Thumb Code    44  __scatter.o(!!!scatter)
    __scatterload_rt2_thumb_only             0x08000139   Thumb Code     0  __scatter.o(!!!scatter)
    __scatterload_null                       0x08000147   Thumb Code     0  __scatter.o(!!!scatter)
    __decompress                             0x0800016d   Thumb Code    90  __dczerorl2.o(!!dczerorl2)
    __decompress1                            0x0800016d   Thumb Code     0  __dczerorl2.o(!!dczerorl2)
    __scatterload_zeroinit                   0x080001c9   Thumb Code    28  __scatter_zi.o(!!handler_zi)
    __rt_lib_init                            0x080001e5   Thumb Code     0  libinit.o(.ARM.Collect$$libinit$$00000000)
    __rt_lib_init_alloca_1                   0x080001e7   Thumb Code     0  libinit2.o(.ARM.Collect$$libinit$$0000002C)
    __rt_lib_init_argv_1                     0x080001e7   Thumb Code     0  libinit2.o(.ARM.Collect$$libinit$$0000002A)
    __rt_lib_init_atexit_1                   0x080001e7   Thumb Code     0  libinit2.o(.ARM.Collect$$libinit$$00000019)
    __rt_lib_init_clock_1                    0x080001e7   Thumb Code     0  libinit2.o(.ARM.Collect$$libinit$$0000001F)
    __rt_lib_init_cpp_1                      0x080001e7   Thumb Code     0  libinit2.o(.ARM.Collect$$libinit$$00000030)
    __rt_lib_init_exceptions_1               0x080001e7   Thumb Code     0  libinit2.o(.ARM.Collect$$libinit$$0000002E)
    __rt_lib_init_fp_1                       0x080001e7   Thumb Code     0  libinit2.o(.ARM.Collect$$libinit$$00000002)
    __rt_lib_init_fp_trap_1                  0x080001e7   Thumb Code     0  libinit2.o(.ARM.Collect$$libinit$$0000001D)
    __rt_lib_init_getenv_1                   0x080001e7   Thumb Code     0  libinit2.o(.ARM.Collect$$libinit$$00000021)
    __rt_lib_init_heap_1                     0x080001e7   Thumb Code     0  libinit2.o(.ARM.Collect$$libinit$$00000008)
    __rt_lib_init_lc_collate_1               0x080001e7   Thumb Code     0  libinit2.o(.ARM.Collect$$libinit$$0000000F)
    __rt_lib_init_lc_ctype_1                 0x080001e7   Thumb Code     0  libinit2.o(.ARM.Collect$$libinit$$00000011)
    __rt_lib_init_lc_monetary_1              0x080001e7   Thumb Code     0  libinit2.o(.ARM.Collect$$libinit$$00000013)
    __rt_lib_init_lc_numeric_1               0x080001e7   Thumb Code     0  libinit2.o(.ARM.Collect$$libinit$$00000015)
    __rt_lib_init_lc_time_1                  0x080001e7   Thumb Code     0  libinit2.o(.ARM.Collect$$libinit$$00000017)
    __rt_lib_init_rand_1                     0x080001e7   Thumb Code     0  libinit2.o(.ARM.Collect$$libinit$$0000000C)
    __rt_lib_init_return                     0x080001e7   Thumb Code     0  libinit2.o(.ARM.Collect$$libinit$$00000031)
    __rt_lib_init_signal_1                   0x080001e7   Thumb Code     0  libinit2.o(.ARM.Collect$$libinit$$0000001B)
    __rt_lib_init_stdio_1                    0x080001e7   Thumb Code     0  libinit2.o(.ARM.Collect$$libinit$$00000023)
    __rt_lib_init_user_alloc_1               0x080001e7   Thumb Code     0  libinit2.o(.ARM.Collect$$libinit$$0000000A)
    __rt_lib_shutdown                        0x080001e9   Thumb Code     0  libshutdown.o(.ARM.Collect$$libshutdown$$00000000)
    __rt_lib_shutdown_fp_trap_1              0x080001eb   Thumb Code     0  libshutdown2.o(.ARM.Collect$$libshutdown$$00000006)
    __rt_lib_shutdown_heap_1                 0x080001eb   Thumb Code     0  libshutdown2.o(.ARM.Collect$$libshutdown$$0000000E)
    __rt_lib_shutdown_return                 0x080001eb   Thumb Code     0  libshutdown2.o(.ARM.Collect$$libshutdown$$0000000F)
    __rt_lib_shutdown_signal_1               0x080001eb   Thumb Code     0  libshutdown2.o(.ARM.Collect$$libshutdown$$00000009)
    __rt_lib_shutdown_stdio_1                0x080001eb   Thumb Code     0  libshutdown2.o(.ARM.Collect$$libshutdown$$00000003)
    __rt_lib_shutdown_user_alloc_1           0x080001eb   Thumb Code     0  libshutdown2.o(.ARM.Collect$$libshutdown$$0000000B)
    __rt_entry                               0x080001ed   Thumb Code     0  rtentry.o(.ARM.Collect$$rtentry$$00000000)
    __rt_entry_presh_1                       0x080001ed   Thumb Code     0  rtentry2.o(.ARM.Collect$$rtentry$$00000002)
    __rt_entry_sh                            0x080001ed   Thumb Code     0  rtentry4.o(.ARM.Collect$$rtentry$$00000004)
    __rt_entry_li                            0x080001f3   Thumb Code     0  rtentry2.o(.ARM.Collect$$rtentry$$0000000A)
    __rt_entry_postsh_1                      0x080001f3   Thumb Code     0  rtentry2.o(.ARM.Collect$$rtentry$$00000009)
    __rt_entry_main                          0x080001f7   Thumb Code     0  rtentry2.o(.ARM.Collect$$rtentry$$0000000D)
    __rt_entry_postli_1                      0x080001f7   Thumb Code     0  rtentry2.o(.ARM.Collect$$rtentry$$0000000C)
    __rt_exit                                0x080001ff   Thumb Code     0  rtexit.o(.ARM.Collect$$rtexit$$00000000)
    __rt_exit_ls                             0x08000201   Thumb Code     0  rtexit2.o(.ARM.Collect$$rtexit$$00000003)
    __rt_exit_prels_1                        0x08000201   Thumb Code     0  rtexit2.o(.ARM.Collect$$rtexit$$00000002)
    __rt_exit_exit                           0x08000205   Thumb Code     0  rtexit2.o(.ARM.Collect$$rtexit$$00000004)
    RCC_DeInit                               0x0800020d   Thumb Code    62  stm32f10x_rcc.o(.text)
    RCC_HSEConfig                            0x0800024b   Thumb Code    70  stm32f10x_rcc.o(.text)
    RCC_GetFlagStatus                        0x08000291   Thumb Code    56  stm32f10x_rcc.o(.text)
    RCC_WaitForHSEStartUp                    0x080002c9   Thumb Code    54  stm32f10x_rcc.o(.text)
    RCC_AdjustHSICalibrationValue            0x080002ff   Thumb Code    20  stm32f10x_rcc.o(.text)
    RCC_HSICmd                               0x08000313   Thumb Code     6  stm32f10x_rcc.o(.text)
    RCC_PLLConfig                            0x08000319   Thumb Code    24  stm32f10x_rcc.o(.text)
    RCC_PLLCmd                               0x08000331   Thumb Code     6  stm32f10x_rcc.o(.text)
    RCC_SYSCLKConfig                         0x08000337   Thumb Code    18  stm32f10x_rcc.o(.text)
    RCC_GetSYSCLKSource                      0x08000349   Thumb Code    10  stm32f10x_rcc.o(.text)
    RCC_HCLKConfig                           0x08000353   Thumb Code    18  stm32f10x_rcc.o(.text)
    RCC_PCLK1Config                          0x08000365   Thumb Code    18  stm32f10x_rcc.o(.text)
    RCC_PCLK2Config                          0x08000377   Thumb Code    20  stm32f10x_rcc.o(.text)
    RCC_ITConfig                             0x0800038b   Thumb Code    26  stm32f10x_rcc.o(.text)
    RCC_USBCLKConfig                         0x080003a5   Thumb Code     6  stm32f10x_rcc.o(.text)
    RCC_ADCCLKConfig                         0x080003ab   Thumb Code    18  stm32f10x_rcc.o(.text)
    RCC_LSEConfig                            0x080003bd   Thumb Code    44  stm32f10x_rcc.o(.text)
    RCC_LSICmd                               0x080003e9   Thumb Code     6  stm32f10x_rcc.o(.text)
    RCC_RTCCLKConfig                         0x080003ef   Thumb Code    12  stm32f10x_rcc.o(.text)
    RCC_RTCCLKCmd                            0x080003fb   Thumb Code     8  stm32f10x_rcc.o(.text)
    RCC_GetClocksFreq                        0x08000403   Thumb Code   192  stm32f10x_rcc.o(.text)
    RCC_AHBPeriphClockCmd                    0x080004c3   Thumb Code    26  stm32f10x_rcc.o(.text)
    RCC_APB2PeriphClockCmd                   0x080004dd   Thumb Code    26  stm32f10x_rcc.o(.text)
    RCC_APB1PeriphClockCmd                   0x080004f7   Thumb Code    26  stm32f10x_rcc.o(.text)
    RCC_APB2PeriphResetCmd                   0x08000511   Thumb Code    26  stm32f10x_rcc.o(.text)
    RCC_APB1PeriphResetCmd                   0x0800052b   Thumb Code    26  stm32f10x_rcc.o(.text)
    RCC_BackupResetCmd                       0x08000545   Thumb Code     8  stm32f10x_rcc.o(.text)
    RCC_ClockSecuritySystemCmd               0x0800054d   Thumb Code     6  stm32f10x_rcc.o(.text)
    RCC_MCOConfig                            0x08000553   Thumb Code     6  stm32f10x_rcc.o(.text)
    RCC_ClearFlag                            0x08000559   Thumb Code    14  stm32f10x_rcc.o(.text)
    RCC_GetITStatus                          0x08000567   Thumb Code    20  stm32f10x_rcc.o(.text)
    RCC_ClearITPendingBit                    0x0800057b   Thumb Code     6  stm32f10x_rcc.o(.text)
    FLASH_SetLatency                         0x080005ad   Thumb Code    22  stm32f10x_flash.o(.text)
    FLASH_HalfCycleAccessCmd                 0x080005c3   Thumb Code    22  stm32f10x_flash.o(.text)
    FLASH_PrefetchBufferCmd                  0x080005d9   Thumb Code    22  stm32f10x_flash.o(.text)
    SPI_I2S_DeInit                           0x080005f5   Thumb Code    88  stm32f10x_spi.o(.text)
    SPI_Init                                 0x0800064d   Thumb Code    60  stm32f10x_spi.o(.text)
    I2S_Init                                 0x08000689   Thumb Code   210  stm32f10x_spi.o(.text)
    SPI_StructInit                           0x0800075b   Thumb Code    24  stm32f10x_spi.o(.text)
    I2S_StructInit                           0x08000773   Thumb Code    20  stm32f10x_spi.o(.text)
    SPI_Cmd                                  0x08000787   Thumb Code    24  stm32f10x_spi.o(.text)
    I2S_Cmd                                  0x0800079f   Thumb Code    24  stm32f10x_spi.o(.text)
    SPI_I2S_ITConfig                         0x080007b7   Thumb Code    32  stm32f10x_spi.o(.text)
    SPI_I2S_DMACmd                           0x080007d7   Thumb Code    18  stm32f10x_spi.o(.text)
    SPI_I2S_SendData                         0x080007e9   Thumb Code     4  stm32f10x_spi.o(.text)
    SPI_I2S_ReceiveData                      0x080007ed   Thumb Code     6  stm32f10x_spi.o(.text)
    SPI_NSSInternalSoftwareConfig            0x080007f3   Thumb Code    30  stm32f10x_spi.o(.text)
    SPI_SSOutputCmd                          0x08000811   Thumb Code    24  stm32f10x_spi.o(.text)
    SPI_DataSizeConfig                       0x08000829   Thumb Code    18  stm32f10x_spi.o(.text)
    SPI_TransmitCRC                          0x0800083b   Thumb Code    10  stm32f10x_spi.o(.text)
    SPI_CalculateCRC                         0x08000845   Thumb Code    24  stm32f10x_spi.o(.text)
    SPI_GetCRC                               0x0800085d   Thumb Code    16  stm32f10x_spi.o(.text)
    SPI_GetCRCPolynomial                     0x0800086d   Thumb Code     6  stm32f10x_spi.o(.text)
    SPI_BiDirectionalLineConfig              0x08000873   Thumb Code    28  stm32f10x_spi.o(.text)
    SPI_I2S_GetFlagStatus                    0x0800088f   Thumb Code    18  stm32f10x_spi.o(.text)
    SPI_I2S_ClearFlag                        0x080008a1   Thumb Code     6  stm32f10x_spi.o(.text)
    SPI_I2S_GetITStatus                      0x080008a7   Thumb Code    52  stm32f10x_spi.o(.text)
    SPI_I2S_ClearITPendingBit                0x080008db   Thumb Code    20  stm32f10x_spi.o(.text)
    GPIO_DeInit                              0x080008f5   Thumb Code   188  stm32f10x_gpio.o(.text)
    GPIO_AFIODeInit                          0x080009b1   Thumb Code    20  stm32f10x_gpio.o(.text)
    GPIO_Init                                0x080009c5   Thumb Code   274  stm32f10x_gpio.o(.text)
    GPIO_StructInit                          0x08000ad7   Thumb Code    16  stm32f10x_gpio.o(.text)
    GPIO_ReadInputDataBit                    0x08000ae7   Thumb Code    18  stm32f10x_gpio.o(.text)
    GPIO_ReadInputData                       0x08000af9   Thumb Code     8  stm32f10x_gpio.o(.text)
    GPIO_ReadOutputDataBit                   0x08000b01   Thumb Code    18  stm32f10x_gpio.o(.text)
    GPIO_ReadOutputData                      0x08000b13   Thumb Code     8  stm32f10x_gpio.o(.text)
    GPIO_SetBits                             0x08000b1b   Thumb Code     4  stm32f10x_gpio.o(.text)
    GPIO_ResetBits                           0x08000b1f   Thumb Code     4  stm32f10x_gpio.o(.text)
    GPIO_WriteBit                            0x08000b23   Thumb Code    10  stm32f10x_gpio.o(.text)
    GPIO_Write                               0x08000b2d   Thumb Code     4  stm32f10x_gpio.o(.text)
    GPIO_PinLockConfig                       0x08000b31   Thumb Code    18  stm32f10x_gpio.o(.text)
    GPIO_EventOutputConfig                   0x08000b43   Thumb Code    26  stm32f10x_gpio.o(.text)
    GPIO_EventOutputCmd                      0x08000b5d   Thumb Code     6  stm32f10x_gpio.o(.text)
    GPIO_PinRemapConfig                      0x08000b63   Thumb Code   106  stm32f10x_gpio.o(.text)
    GPIO_EXTILineConfig                      0x08000bcd   Thumb Code    66  stm32f10x_gpio.o(.text)
    USART_DeInit                             0x08000c21   Thumb Code   146  stm32f10x_usart.o(.text)
    USART_Init                               0x08000cb3   Thumb Code   150  stm32f10x_usart.o(.text)
    USART_StructInit                         0x08000d49   Thumb Code    24  stm32f10x_usart.o(.text)
    USART_ClockInit                          0x08000d61   Thumb Code    34  stm32f10x_usart.o(.text)
    USART_ClockStructInit                    0x08000d83   Thumb Code    12  stm32f10x_usart.o(.text)
    USART_Cmd                                0x08000d8f   Thumb Code    24  stm32f10x_usart.o(.text)
    USART_ITConfig                           0x08000da7   Thumb Code    64  stm32f10x_usart.o(.text)
    USART_DMACmd                             0x08000de7   Thumb Code    18  stm32f10x_usart.o(.text)
    USART_SetAddress                         0x08000df9   Thumb Code    18  stm32f10x_usart.o(.text)
    USART_WakeUpConfig                       0x08000e0b   Thumb Code    18  stm32f10x_usart.o(.text)
    USART_ReceiverWakeUpCmd                  0x08000e1d   Thumb Code    24  stm32f10x_usart.o(.text)
    USART_LINBreakDetectLengthConfig         0x08000e35   Thumb Code    18  stm32f10x_usart.o(.text)
    USART_LINCmd                             0x08000e47   Thumb Code    24  stm32f10x_usart.o(.text)
    USART_SendData                           0x08000e5f   Thumb Code     8  stm32f10x_usart.o(.text)
    USART_ReceiveData                        0x08000e67   Thumb Code    10  stm32f10x_usart.o(.text)
    USART_SendBreak                          0x08000e71   Thumb Code    10  stm32f10x_usart.o(.text)
    USART_SetGuardTime                       0x08000e7b   Thumb Code    16  stm32f10x_usart.o(.text)
    USART_SetPrescaler                       0x08000e8b   Thumb Code    16  stm32f10x_usart.o(.text)
    USART_SmartCardCmd                       0x08000e9b   Thumb Code    24  stm32f10x_usart.o(.text)
    USART_SmartCardNACKCmd                   0x08000eb3   Thumb Code    24  stm32f10x_usart.o(.text)
    USART_HalfDuplexCmd                      0x08000ecb   Thumb Code    24  stm32f10x_usart.o(.text)
    USART_IrDAConfig                         0x08000ee3   Thumb Code    18  stm32f10x_usart.o(.text)
    USART_IrDACmd                            0x08000ef5   Thumb Code    24  stm32f10x_usart.o(.text)
    USART_GetFlagStatus                      0x08000f0d   Thumb Code    18  stm32f10x_usart.o(.text)
    USART_ClearFlag                          0x08000f1f   Thumb Code     6  stm32f10x_usart.o(.text)
    USART_GetITStatus                        0x08000f25   Thumb Code    76  stm32f10x_usart.o(.text)
    USART_ClearITPendingBit                  0x08000f71   Thumb Code    20  stm32f10x_usart.o(.text)
    BKP_DeInit                               0x08000f91   Thumb Code    16  stm32f10x_bkp.o(.text)
    BKP_TamperPinLevelConfig                 0x08000fa1   Thumb Code     6  stm32f10x_bkp.o(.text)
    BKP_TamperPinCmd                         0x08000fa7   Thumb Code     8  stm32f10x_bkp.o(.text)
    BKP_ITConfig                             0x08000faf   Thumb Code     8  stm32f10x_bkp.o(.text)
    BKP_RTCOutputConfig                      0x08000fb7   Thumb Code    22  stm32f10x_bkp.o(.text)
    BKP_SetRTCCalibrationValue               0x08000fcd   Thumb Code    22  stm32f10x_bkp.o(.text)
    BKP_WriteBackupRegister                  0x08000fe3   Thumb Code     8  stm32f10x_bkp.o(.text)
    BKP_ReadBackupRegister                   0x08000feb   Thumb Code    10  stm32f10x_bkp.o(.text)
    BKP_GetFlagStatus                        0x08000ff5   Thumb Code    10  stm32f10x_bkp.o(.text)
    BKP_ClearFlag                            0x08000fff   Thumb Code    18  stm32f10x_bkp.o(.text)
    BKP_GetITStatus                          0x08001011   Thumb Code    10  stm32f10x_bkp.o(.text)
    BKP_ClearITPendingBit                    0x0800101b   Thumb Code    18  stm32f10x_bkp.o(.text)
    RTC_ITConfig                             0x08001035   Thumb Code    26  stm32f10x_rtc.o(.text)
    RTC_EnterConfigMode                      0x0800104f   Thumb Code    18  stm32f10x_rtc.o(.text)
    RTC_ExitConfigMode                       0x08001061   Thumb Code    20  stm32f10x_rtc.o(.text)
    RTC_GetCounter                           0x08001075   Thumb Code    18  stm32f10x_rtc.o(.text)
    RTC_SetCounter                           0x08001087   Thumb Code    26  stm32f10x_rtc.o(.text)
    RTC_SetPrescaler                         0x080010a1   Thumb Code    28  stm32f10x_rtc.o(.text)
    RTC_SetAlarm                             0x080010bd   Thumb Code    26  stm32f10x_rtc.o(.text)
    RTC_GetDivider                           0x080010d7   Thumb Code    22  stm32f10x_rtc.o(.text)
    RTC_WaitForLastTask                      0x080010ed   Thumb Code    16  stm32f10x_rtc.o(.text)
    RTC_WaitForSynchro                       0x080010fd   Thumb Code    34  stm32f10x_rtc.o(.text)
    RTC_GetFlagStatus                        0x0800111f   Thumb Code    22  stm32f10x_rtc.o(.text)
    RTC_ClearFlag                            0x08001135   Thumb Code    16  stm32f10x_rtc.o(.text)
    RTC_GetITStatus                          0x08001145   Thumb Code    32  stm32f10x_rtc.o(.text)
    RTC_ClearITPendingBit                    0x08001165   Thumb Code    16  stm32f10x_rtc.o(.text)
    NVIC_DeInit                              0x08001179   Thumb Code    58  stm32f10x_nvic.o(.text)
    NVIC_SCBDeInit                           0x080011b3   Thumb Code    76  stm32f10x_nvic.o(.text)
    NVIC_PriorityGroupConfig                 0x080011ff   Thumb Code    12  stm32f10x_nvic.o(.text)
    NVIC_Init                                0x0800120b   Thumb Code   154  stm32f10x_nvic.o(.text)
    NVIC_StructInit                          0x080012a5   Thumb Code    12  stm32f10x_nvic.o(.text)
    NVIC_SETPRIMASK                          0x080012b1   Thumb Code     8  stm32f10x_nvic.o(.text)
    NVIC_RESETPRIMASK                        0x080012b9   Thumb Code     8  stm32f10x_nvic.o(.text)
    NVIC_SETFAULTMASK                        0x080012c1   Thumb Code     8  stm32f10x_nvic.o(.text)
    NVIC_RESETFAULTMASK                      0x080012c9   Thumb Code     8  stm32f10x_nvic.o(.text)
    NVIC_BASEPRICONFIG                       0x080012d1   Thumb Code    12  stm32f10x_nvic.o(.text)
    NVIC_GetBASEPRI                          0x080012dd   Thumb Code     8  stm32f10x_nvic.o(.text)
    NVIC_GetCurrentPendingIRQChannel         0x080012e5   Thumb Code    10  stm32f10x_nvic.o(.text)
    NVIC_GetIRQChannelPendingBitStatus       0x080012ef   Thumb Code    42  stm32f10x_nvic.o(.text)
    NVIC_SetIRQChannelPendingBit             0x08001319   Thumb Code     6  stm32f10x_nvic.o(.text)
    NVIC_ClearIRQChannelPendingBit           0x0800131f   Thumb Code    20  stm32f10x_nvic.o(.text)
    NVIC_GetCurrentActiveHandler             0x08001333   Thumb Code    10  stm32f10x_nvic.o(.text)
    NVIC_GetIRQChannelActiveBitStatus        0x0800133d   Thumb Code    42  stm32f10x_nvic.o(.text)
    NVIC_GetCPUID                            0x08001367   Thumb Code     8  stm32f10x_nvic.o(.text)
    NVIC_SetVectorTable                      0x0800136f   Thumb Code    14  stm32f10x_nvic.o(.text)
    NVIC_GenerateSystemReset                 0x0800137d   Thumb Code    12  stm32f10x_nvic.o(.text)
    NVIC_GenerateCoreReset                   0x08001389   Thumb Code    12  stm32f10x_nvic.o(.text)
    NVIC_SystemLPConfig                      0x08001395   Thumb Code    34  stm32f10x_nvic.o(.text)
    NVIC_SystemHandlerConfig                 0x080013b7   Thumb Code    48  stm32f10x_nvic.o(.text)
    NVIC_SystemHandlerPriorityConfig         0x080013e7   Thumb Code   110  stm32f10x_nvic.o(.text)
    NVIC_GetSystemHandlerPendingBitStatus    0x08001455   Thumb Code    44  stm32f10x_nvic.o(.text)
    NVIC_SetSystemHandlerPendingBit          0x08001481   Thumb Code    22  stm32f10x_nvic.o(.text)
    NVIC_ClearSystemHandlerPendingBit        0x08001497   Thumb Code    26  stm32f10x_nvic.o(.text)
    NVIC_GetSystemHandlerActiveBitStatus     0x080014b1   Thumb Code    42  stm32f10x_nvic.o(.text)
    NVIC_GetFaultHandlerSources              0x080014db   Thumb Code    66  stm32f10x_nvic.o(.text)
    NVIC_GetFaultAddress                     0x0800151d   Thumb Code    28  stm32f10x_nvic.o(.text)
    PWR_DeInit                               0x08001559   Thumb Code    22  stm32f10x_pwr.o(.text)
    PWR_BackupAccessCmd                      0x0800156f   Thumb Code     6  stm32f10x_pwr.o(.text)
    PWR_PVDCmd                               0x08001575   Thumb Code     6  stm32f10x_pwr.o(.text)
    PWR_PVDLevelConfig                       0x0800157b   Thumb Code    18  stm32f10x_pwr.o(.text)
    PWR_WakeUpPinCmd                         0x0800158d   Thumb Code     6  stm32f10x_pwr.o(.text)
    PWR_EnterSTOPMode                        0x08001593   Thumb Code    48  stm32f10x_pwr.o(.text)
    PWR_EnterSTANDBYMode                     0x080015c3   Thumb Code    42  stm32f10x_pwr.o(.text)
    PWR_GetFlagStatus                        0x080015ed   Thumb Code    20  stm32f10x_pwr.o(.text)
    PWR_ClearFlag                            0x08001601   Thumb Code    14  stm32f10x_pwr.o(.text)
    EXTI_DeInit                              0x08001621   Thumb Code    28  stm32f10x_exti.o(.text)
    EXTI_Init                                0x0800163d   Thumb Code   150  stm32f10x_exti.o(.text)
    EXTI_StructInit                          0x080016d3   Thumb Code    16  stm32f10x_exti.o(.text)
    EXTI_GenerateSWInterrupt                 0x080016e3   Thumb Code    16  stm32f10x_exti.o(.text)
    EXTI_GetFlagStatus                       0x080016f3   Thumb Code    22  stm32f10x_exti.o(.text)
    EXTI_ClearFlag                           0x08001709   Thumb Code     8  stm32f10x_exti.o(.text)
    EXTI_GetITStatus                         0x08001711   Thumb Code    34  stm32f10x_exti.o(.text)
    EXTI_ClearITPendingBit                   0x08001733   Thumb Code     8  stm32f10x_exti.o(.text)
    TIM_DeInit                               0x08001745   Thumb Code   214  stm32f10x_tim.o(.text)
    TIM_TimeBaseInit                         0x0800181b   Thumb Code    50  stm32f10x_tim.o(.text)
    TIM_OC1Init                              0x0800184d   Thumb Code   110  stm32f10x_tim.o(.text)
    TIM_OC2Init                              0x080018bb   Thumb Code   148  stm32f10x_tim.o(.text)
    TIM_OC3Init                              0x0800194f   Thumb Code   144  stm32f10x_tim.o(.text)
    TIM_OC4Init                              0x080019df   Thumb Code   106  stm32f10x_tim.o(.text)
    TIM_SetIC4Prescaler                      0x08001a49   Thumb Code    26  stm32f10x_tim.o(.text)
    TIM_SetIC3Prescaler                      0x08001ab5   Thumb Code    18  stm32f10x_tim.o(.text)
    TIM_SetIC2Prescaler                      0x08001b0f   Thumb Code    42  stm32f10x_tim.o(.text)
    TIM_SetIC1Prescaler                      0x08001b89   Thumb Code    18  stm32f10x_tim.o(.text)
    TIM_ICInit                               0x08001bd3   Thumb Code   110  stm32f10x_tim.o(.text)
    TIM_PWMIConfig                           0x08001c41   Thumb Code   124  stm32f10x_tim.o(.text)
    TIM_BDTRConfig                           0x08001cbd   Thumb Code    32  stm32f10x_tim.o(.text)
    TIM_TimeBaseStructInit                   0x08001cdd   Thumb Code    18  stm32f10x_tim.o(.text)
    TIM_OCStructInit                         0x08001cef   Thumb Code    20  stm32f10x_tim.o(.text)
    TIM_ICStructInit                         0x08001d03   Thumb Code    18  stm32f10x_tim.o(.text)
    TIM_BDTRStructInit                       0x08001d15   Thumb Code    18  stm32f10x_tim.o(.text)
    TIM_Cmd                                  0x08001d27   Thumb Code    24  stm32f10x_tim.o(.text)
    TIM_CtrlPWMOutputs                       0x08001d3f   Thumb Code    30  stm32f10x_tim.o(.text)
    TIM_ITConfig                             0x08001d5d   Thumb Code    18  stm32f10x_tim.o(.text)
    TIM_GenerateEvent                        0x08001d6f   Thumb Code     4  stm32f10x_tim.o(.text)
    TIM_DMAConfig                            0x08001d73   Thumb Code    10  stm32f10x_tim.o(.text)
    TIM_DMACmd                               0x08001d7d   Thumb Code    18  stm32f10x_tim.o(.text)
    TIM_InternalClockConfig                  0x08001d8f   Thumb Code    12  stm32f10x_tim.o(.text)
    TIM_SelectInputTrigger                   0x08001d9b   Thumb Code    18  stm32f10x_tim.o(.text)
    TIM_ITRxExternalClockConfig              0x08001dad   Thumb Code    24  stm32f10x_tim.o(.text)
    TIM_TIxExternalClockConfig               0x08001dc5   Thumb Code    62  stm32f10x_tim.o(.text)
    TIM_ETRConfig                            0x08001e03   Thumb Code    30  stm32f10x_tim.o(.text)
    TIM_ETRClockMode1Config                  0x08001e21   Thumb Code    54  stm32f10x_tim.o(.text)
    TIM_ETRClockMode2Config                  0x08001e57   Thumb Code    32  stm32f10x_tim.o(.text)
    TIM_PrescalerConfig                      0x08001e77   Thumb Code     6  stm32f10x_tim.o(.text)
    TIM_CounterModeConfig                    0x08001e7d   Thumb Code    18  stm32f10x_tim.o(.text)
    TIM_EncoderInterfaceConfig               0x08001e8f   Thumb Code    66  stm32f10x_tim.o(.text)
    TIM_ForcedOC1Config                      0x08001ed1   Thumb Code    18  stm32f10x_tim.o(.text)
    TIM_ForcedOC2Config                      0x08001ee3   Thumb Code    26  stm32f10x_tim.o(.text)
    TIM_ForcedOC3Config                      0x08001efd   Thumb Code    18  stm32f10x_tim.o(.text)
    TIM_ForcedOC4Config                      0x08001f0f   Thumb Code    26  stm32f10x_tim.o(.text)
    TIM_ARRPreloadConfig                     0x08001f29   Thumb Code    24  stm32f10x_tim.o(.text)
    TIM_SelectCOM                            0x08001f41   Thumb Code    24  stm32f10x_tim.o(.text)
    TIM_SelectCCDMA                          0x08001f59   Thumb Code    24  stm32f10x_tim.o(.text)
    TIM_CCPreloadControl                     0x08001f71   Thumb Code    24  stm32f10x_tim.o(.text)
    TIM_OC1PreloadConfig                     0x08001f89   Thumb Code    18  stm32f10x_tim.o(.text)
    TIM_OC2PreloadConfig                     0x08001f9b   Thumb Code    26  stm32f10x_tim.o(.text)
    TIM_OC3PreloadConfig                     0x08001fb5   Thumb Code    18  stm32f10x_tim.o(.text)
    TIM_OC4PreloadConfig                     0x08001fc7   Thumb Code    26  stm32f10x_tim.o(.text)
    TIM_OC1FastConfig                        0x08001fe1   Thumb Code    18  stm32f10x_tim.o(.text)
    TIM_OC2FastConfig                        0x08001ff3   Thumb Code    26  stm32f10x_tim.o(.text)
    TIM_OC3FastConfig                        0x0800200d   Thumb Code    18  stm32f10x_tim.o(.text)
    TIM_OC4FastConfig                        0x0800201f   Thumb Code    26  stm32f10x_tim.o(.text)
    TIM_ClearOC1Ref                          0x08002039   Thumb Code    18  stm32f10x_tim.o(.text)
    TIM_ClearOC2Ref                          0x0800204b   Thumb Code    24  stm32f10x_tim.o(.text)
    TIM_ClearOC3Ref                          0x08002063   Thumb Code    18  stm32f10x_tim.o(.text)
    TIM_ClearOC4Ref                          0x08002075   Thumb Code    24  stm32f10x_tim.o(.text)
    TIM_OC1PolarityConfig                    0x0800208d   Thumb Code    18  stm32f10x_tim.o(.text)
    TIM_OC1NPolarityConfig                   0x0800209f   Thumb Code    18  stm32f10x_tim.o(.text)
    TIM_OC2PolarityConfig                    0x080020b1   Thumb Code    26  stm32f10x_tim.o(.text)
    TIM_OC2NPolarityConfig                   0x080020cb   Thumb Code    26  stm32f10x_tim.o(.text)
    TIM_OC3PolarityConfig                    0x080020e5   Thumb Code    26  stm32f10x_tim.o(.text)
    TIM_OC3NPolarityConfig                   0x080020ff   Thumb Code    26  stm32f10x_tim.o(.text)
    TIM_OC4PolarityConfig                    0x08002119   Thumb Code    26  stm32f10x_tim.o(.text)
    TIM_CCxCmd                               0x08002133   Thumb Code    26  stm32f10x_tim.o(.text)
    TIM_CCxNCmd                              0x0800214d   Thumb Code    26  stm32f10x_tim.o(.text)
    TIM_SelectOCxM                           0x08002167   Thumb Code   134  stm32f10x_tim.o(.text)
    TIM_UpdateDisableConfig                  0x080021ed   Thumb Code    24  stm32f10x_tim.o(.text)
    TIM_UpdateRequestConfig                  0x08002205   Thumb Code    24  stm32f10x_tim.o(.text)
    TIM_SelectHallSensor                     0x0800221d   Thumb Code    24  stm32f10x_tim.o(.text)
    TIM_SelectOnePulseMode                   0x08002235   Thumb Code    18  stm32f10x_tim.o(.text)
    TIM_SelectOutputTrigger                  0x08002247   Thumb Code    18  stm32f10x_tim.o(.text)
    TIM_SelectSlaveMode                      0x08002259   Thumb Code    18  stm32f10x_tim.o(.text)
    TIM_SelectMasterSlaveMode                0x0800226b   Thumb Code    18  stm32f10x_tim.o(.text)
    TIM_SetCounter                           0x0800227d   Thumb Code     4  stm32f10x_tim.o(.text)
    TIM_SetAutoreload                        0x08002281   Thumb Code     4  stm32f10x_tim.o(.text)
    TIM_SetCompare1                          0x08002285   Thumb Code     4  stm32f10x_tim.o(.text)
    TIM_SetCompare2                          0x08002289   Thumb Code     4  stm32f10x_tim.o(.text)
    TIM_SetCompare3                          0x0800228d   Thumb Code     4  stm32f10x_tim.o(.text)
    TIM_SetCompare4                          0x08002291   Thumb Code     6  stm32f10x_tim.o(.text)
    TIM_SetClockDivision                     0x08002297   Thumb Code    14  stm32f10x_tim.o(.text)
    TIM_GetCapture1                          0x080022a5   Thumb Code     6  stm32f10x_tim.o(.text)
    TIM_GetCapture2                          0x080022ab   Thumb Code     6  stm32f10x_tim.o(.text)
    TIM_GetCapture3                          0x080022b1   Thumb Code     6  stm32f10x_tim.o(.text)
    TIM_GetCapture4                          0x080022b7   Thumb Code     8  stm32f10x_tim.o(.text)
    TIM_GetCounter                           0x080022bf   Thumb Code     6  stm32f10x_tim.o(.text)
    TIM_GetPrescaler                         0x080022c5   Thumb Code     6  stm32f10x_tim.o(.text)
    TIM_GetFlagStatus                        0x080022cb   Thumb Code    18  stm32f10x_tim.o(.text)
    TIM_ClearFlag                            0x080022dd   Thumb Code     6  stm32f10x_tim.o(.text)
    TIM_GetITStatus                          0x080022e3   Thumb Code    34  stm32f10x_tim.o(.text)
    TIM_ClearITPendingBit                    0x08002305   Thumb Code     6  stm32f10x_tim.o(.text)
    Reset_Handler                            0x0800230d   Thumb Code     4  stm32f10x_vector.o(.text)
    __user_initial_stackheap                 0x08002311   Thumb Code     0  stm32f10x_vector.o(.text)
    __WFI                                    0x08002331   Thumb Code     0  cortexm3_macro.o(.text)
    __WFE                                    0x08002335   Thumb Code     0  cortexm3_macro.o(.text)
    __SEV                                    0x08002339   Thumb Code     0  cortexm3_macro.o(.text)
    __ISB                                    0x0800233d   Thumb Code     0  cortexm3_macro.o(.text)
    __DSB                                    0x08002343   Thumb Code     0  cortexm3_macro.o(.text)
    __DMB                                    0x08002349   Thumb Code     0  cortexm3_macro.o(.text)
    __SVC                                    0x0800234f   Thumb Code     0  cortexm3_macro.o(.text)
    __MRS_CONTROL                            0x08002353   Thumb Code     0  cortexm3_macro.o(.text)
    __MSR_CONTROL                            0x08002359   Thumb Code     0  cortexm3_macro.o(.text)
    __MRS_PSP                                0x08002363   Thumb Code     0  cortexm3_macro.o(.text)
    __MSR_PSP                                0x08002369   Thumb Code     0  cortexm3_macro.o(.text)
    __MRS_MSP                                0x0800236f   Thumb Code     0  cortexm3_macro.o(.text)
    __MSR_MSP                                0x08002375   Thumb Code     0  cortexm3_macro.o(.text)
    __RESETPRIMASK                           0x0800237b   Thumb Code     0  cortexm3_macro.o(.text)
    __SETPRIMASK                             0x0800237f   Thumb Code     0  cortexm3_macro.o(.text)
    __READ_PRIMASK                           0x08002383   Thumb Code     0  cortexm3_macro.o(.text)
    __SETFAULTMASK                           0x08002389   Thumb Code     0  cortexm3_macro.o(.text)
    __RESETFAULTMASK                         0x0800238d   Thumb Code     0  cortexm3_macro.o(.text)
    __READ_FAULTMASK                         0x08002391   Thumb Code     0  cortexm3_macro.o(.text)
    __BASEPRICONFIG                          0x08002397   Thumb Code     0  cortexm3_macro.o(.text)
    __GetBASEPRI                             0x0800239d   Thumb Code     0  cortexm3_macro.o(.text)
    __REV_HalfWord                           0x080023a3   Thumb Code     0  cortexm3_macro.o(.text)
    __REV_Word                               0x080023a7   Thumb Code     0  cortexm3_macro.o(.text)
    NMIException                             0x080023ad   Thumb Code     2  stm32f10x_it.o(.text)
    HardFaultException                       0x080023af   Thumb Code     4  stm32f10x_it.o(.text)
    MemManageException                       0x080023b3   Thumb Code     4  stm32f10x_it.o(.text)
    BusFaultException                        0x080023b7   Thumb Code     4  stm32f10x_it.o(.text)
    UsageFaultException                      0x080023bb   Thumb Code     4  stm32f10x_it.o(.text)
    DebugMonitor                             0x080023bf   Thumb Code     2  stm32f10x_it.o(.text)
    SVCHandler                               0x080023c1   Thumb Code     2  stm32f10x_it.o(.text)
    PendSVC                                  0x080023c3   Thumb Code     2  stm32f10x_it.o(.text)
    SysTickHandler                           0x080023c5   Thumb Code     2  stm32f10x_it.o(.text)
    WWDG_IRQHandler                          0x080023c7   Thumb Code     2  stm32f10x_it.o(.text)
    PVD_IRQHandler                           0x080023c9   Thumb Code     2  stm32f10x_it.o(.text)
    TAMPER_IRQHandler                        0x080023cb   Thumb Code     2  stm32f10x_it.o(.text)
    RTC_IRQHandler                           0x080023cd   Thumb Code    28  stm32f10x_it.o(.text)
    FLASH_IRQHandler                         0x080023e9   Thumb Code     2  stm32f10x_it.o(.text)
    RCC_IRQHandler                           0x080023eb   Thumb Code     2  stm32f10x_it.o(.text)
    EXTI0_IRQHandler                         0x080023ed   Thumb Code   114  stm32f10x_it.o(.text)
    EXTI1_IRQHandler                         0x0800245f   Thumb Code   114  stm32f10x_it.o(.text)
    EXTI2_IRQHandler                         0x080024d1   Thumb Code   156  stm32f10x_it.o(.text)
    EXTI3_IRQHandler                         0x0800256d   Thumb Code     2  stm32f10x_it.o(.text)
    EXTI4_IRQHandler                         0x0800256f   Thumb Code     2  stm32f10x_it.o(.text)
    DMA1_Channel1_IRQHandler                 0x08002571   Thumb Code     2  stm32f10x_it.o(.text)
    DMA1_Channel2_IRQHandler                 0x08002573   Thumb Code     2  stm32f10x_it.o(.text)
    DMA1_Channel3_IRQHandler                 0x08002575   Thumb Code     2  stm32f10x_it.o(.text)
    DMA1_Channel4_IRQHandler                 0x08002577   Thumb Code     2  stm32f10x_it.o(.text)
    DMA1_Channel5_IRQHandler                 0x08002579   Thumb Code     2  stm32f10x_it.o(.text)
    DMA1_Channel6_IRQHandler                 0x0800257b   Thumb Code     2  stm32f10x_it.o(.text)
    DMA1_Channel7_IRQHandler                 0x0800257d   Thumb Code     2  stm32f10x_it.o(.text)
    ADC1_2_IRQHandler                        0x0800257f   Thumb Code     2  stm32f10x_it.o(.text)
    USB_HP_CAN_TX_IRQHandler                 0x08002581   Thumb Code     2  stm32f10x_it.o(.text)
    USB_LP_CAN_RX0_IRQHandler                0x08002583   Thumb Code     2  stm32f10x_it.o(.text)
    CAN_RX1_IRQHandler                       0x08002585   Thumb Code     2  stm32f10x_it.o(.text)
    CAN_SCE_IRQHandler                       0x08002587   Thumb Code     2  stm32f10x_it.o(.text)
    EXTI9_5_IRQHandler                       0x08002589   Thumb Code     2  stm32f10x_it.o(.text)
    TIM1_BRK_IRQHandler                      0x0800258b   Thumb Code     2  stm32f10x_it.o(.text)
    TIM1_UP_IRQHandler                       0x0800258d   Thumb Code     2  stm32f10x_it.o(.text)
    TIM1_TRG_COM_IRQHandler                  0x0800258f   Thumb Code     2  stm32f10x_it.o(.text)
    TIM1_CC_IRQHandler                       0x08002591   Thumb Code     2  stm32f10x_it.o(.text)
    TIM2_IRQHandler                          0x08002593   Thumb Code    34  stm32f10x_it.o(.text)
    TIM3_IRQHandler                          0x080025b5   Thumb Code     2  stm32f10x_it.o(.text)
    TIM4_IRQHandler                          0x080025b7   Thumb Code     2  stm32f10x_it.o(.text)
    I2C1_EV_IRQHandler                       0x080025b9   Thumb Code     2  stm32f10x_it.o(.text)
    I2C1_ER_IRQHandler                       0x080025bb   Thumb Code     2  stm32f10x_it.o(.text)
    I2C2_EV_IRQHandler                       0x080025bd   Thumb Code     2  stm32f10x_it.o(.text)
    I2C2_ER_IRQHandler                       0x080025bf   Thumb Code     2  stm32f10x_it.o(.text)
    SPI1_IRQHandler                          0x080025c1   Thumb Code     2  stm32f10x_it.o(.text)
    SPI2_IRQHandler                          0x080025c3   Thumb Code     2  stm32f10x_it.o(.text)
    USART1_IRQHandler                        0x080025c5   Thumb Code   138  stm32f10x_it.o(.text)
    USART2_IRQHandler                        0x0800264f   Thumb Code   144  stm32f10x_it.o(.text)
    USART3_IRQHandler                        0x080026df   Thumb Code     2  stm32f10x_it.o(.text)
    EXTI15_10_IRQHandler                     0x080026e1   Thumb Code     2  stm32f10x_it.o(.text)
    RTCAlarm_IRQHandler                      0x080026e3   Thumb Code     2  stm32f10x_it.o(.text)
    USBWakeUp_IRQHandler                     0x080026e5   Thumb Code     2  stm32f10x_it.o(.text)
    TIM8_BRK_IRQHandler                      0x080026e7   Thumb Code     2  stm32f10x_it.o(.text)
    TIM8_UP_IRQHandler                       0x080026e9   Thumb Code     2  stm32f10x_it.o(.text)
    TIM8_TRG_COM_IRQHandler                  0x080026eb   Thumb Code     2  stm32f10x_it.o(.text)
    TIM8_CC_IRQHandler                       0x080026ed   Thumb Code     2  stm32f10x_it.o(.text)
    ADC3_IRQHandler                          0x080026ef   Thumb Code     2  stm32f10x_it.o(.text)
    FSMC_IRQHandler                          0x080026f1   Thumb Code     2  stm32f10x_it.o(.text)
    SDIO_IRQHandler                          0x080026f3   Thumb Code     2  stm32f10x_it.o(.text)
    TIM5_IRQHandler                          0x080026f5   Thumb Code     2  stm32f10x_it.o(.text)
    SPI3_IRQHandler                          0x080026f7   Thumb Code     2  stm32f10x_it.o(.text)
    UART4_IRQHandler                         0x080026f9   Thumb Code     2  stm32f10x_it.o(.text)
    UART5_IRQHandler                         0x080026fb   Thumb Code     2  stm32f10x_it.o(.text)
    TIM6_IRQHandler                          0x080026fd   Thumb Code     2  stm32f10x_it.o(.text)
    TIM7_IRQHandler                          0x080026ff   Thumb Code     2  stm32f10x_it.o(.text)
    DMA2_Channel1_IRQHandler                 0x08002701   Thumb Code     2  stm32f10x_it.o(.text)
    DMA2_Channel2_IRQHandler                 0x08002703   Thumb Code     2  stm32f10x_it.o(.text)
    DMA2_Channel3_IRQHandler                 0x08002705   Thumb Code     2  stm32f10x_it.o(.text)
    DMA2_Channel4_5_IRQHandler               0x08002707   Thumb Code     2  stm32f10x_it.o(.text)
    RCC_Configuration                        0x08002755   Thumb Code   172  main.o(.text)
    GPIO_Configuration                       0x08002801   Thumb Code   304  main.o(.text)
    SPI_Configuration                        0x08002931   Thumb Code    54  main.o(.text)
    USART_Configuration                      0x08002967   Thumb Code    82  main.o(.text)
    NVIC_Configuration                       0x080029b9   Thumb Code   188  main.o(.text)
    EXTI_cfg                                 0x08002a75   Thumb Code    74  main.o(.text)
    RTC_Configuration                        0x08002abf   Thumb Code    88  main.o(.text)
    TIM_Configuration                        0x08002b17   Thumb Code    66  main.o(.text)
    main                                     0x08002b59   Thumb Code  1016  main.o(.text)
    SD_SendCmd                               0x08002f89   Thumb Code   202  sdcmd.o(.text)
    SD_PackParam                             0x08003053   Thumb Code    16  sdcmd.o(.text)
    SD_BlockCommand                          0x08003063   Thumb Code    64  sdcmd.o(.text)
    SD_ResetSD                               0x080030a3   Thumb Code    18  sdcmd.o(.text)
    SD_ReadRegister                          0x080030b5   Thumb Code   100  sdcmd.o(.text)
    SD_ReadCSD                               0x08003119   Thumb Code    50  sdcmd.o(.text)
    SD_StopTransmission                      0x0800314b   Thumb Code    20  sdcmd.o(.text)
    SD_ReadCard_Status                       0x0800315f   Thumb Code    24  sdcmd.o(.text)
    SD_SetBlockLen                           0x08003177   Thumb Code    46  sdcmd.o(.text)
    SD_ReadSingleBlock                       0x080031a5   Thumb Code    16  sdcmd.o(.text)
    SD_ReadMultipleBlock                     0x080031b5   Thumb Code    16  sdcmd.o(.text)
    SD_WriteSingleBlock                      0x080031c5   Thumb Code    16  sdcmd.o(.text)
    SD_WriteMultipleBlock                    0x080031d5   Thumb Code    16  sdcmd.o(.text)
    SD_EraseStartBlock                       0x080031e5   Thumb Code    34  sdcmd.o(.text)
    SD_EraseEndBlock                         0x08003207   Thumb Code    34  sdcmd.o(.text)
    SD_WaitBusy                              0x08003229   Thumb Code    70  sdcmd.o(.text)
    SD_EraseSelectedBlock                    0x0800326f   Thumb Code    46  sdcmd.o(.text)
    SD_ReadOCR                               0x0800329d   Thumb Code    64  sdcmd.o(.text)
    SD_ReadBlockData                         0x080032dd   Thumb Code   116  sdcmd.o(.text)
    SD_GetNumWRBlcoks                        0x08003351   Thumb Code   118  sdcmd.o(.text)
    SD_WriteBlockData                        0x080033c7   Thumb Code    96  sdcmd.o(.text)
    SD_StopMultiToken                        0x08003427   Thumb Code    28  sdcmd.o(.text)
    SD_SPIDelay                              0x08003443   Thumb Code    24  sdcmd.o(.text)
    SD_Sleep                                 0x08003461   Thumb Code    12  sddriver.o(.text)
    SD_EndSD                                 0x0800346d   Thumb Code     2  sddriver.o(.text)
    SD_CalTimeout                            0x0800346f   Thumb Code   202  sddriver.o(.text)
    SD_GetCardInfo                           0x08003539   Thumb Code   170  sddriver.o(.text)
    SD_ActiveInit                            0x080035e3   Thumb Code   134  sddriver.o(.text)
    SD_StartSD                               0x08003669   Thumb Code     2  sddriver.o(.text)
    SD_Initialize                            0x0800366b   Thumb Code   138  sddriver.o(.text)
    SD_ReadBlock                             0x080036f5   Thumb Code    84  sddriver.o(.text)
    SD_ReadMultiBlock                        0x08003749   Thumb Code   122  sddriver.o(.text)
    SD_WriteBlock                            0x080037c3   Thumb Code    98  sddriver.o(.text)
    SD_WriteMultiBlock                       0x08003825   Thumb Code   274  sddriver.o(.text)
    SD_EraseBlock                            0x08003937   Thumb Code   216  sddriver.o(.text)
    SD_GetZLGSDVer                           0x08003a0f   Thumb Code     6  sddriver.o(.text)
    SD_HardWareInit                          0x08003aad   Thumb Code    16  sdhal.o(.text)
    SPI_Clk400k                              0x08003abd   Thumb Code    80  sdhal.o(.text)
    SPI_ClkToMax                             0x08003b0d   Thumb Code    72  sdhal.o(.text)
    SPI_SendByte                             0x08003b55   Thumb Code    28  sdhal.o(.text)
    SPI_RecByte                              0x08003b71   Thumb Code    52  sdhal.o(.text)
    SPI_CS_Assert                            0x08003ba5   Thumb Code    12  sdhal.o(.text)
    SPI_CS_Deassert                          0x08003bb1   Thumb Code    12  sdhal.o(.text)
    SD_ChkCard                               0x08003bbd   Thumb Code     4  sdhal.o(.text)
    SD_ChkCardWP                             0x08003bc1   Thumb Code     4  sdhal.o(.text)
    MSD_Init                                 0x08003bcd   Thumb Code    14  msd.o(.text)
    MSD_EarseBlock                           0x08003bdb   Thumb Code    22  msd.o(.text)
    MSD_WriteBlock                           0x08003bf1   Thumb Code    30  msd.o(.text)
    MSD_ReadBlock                            0x08003c0f   Thumb Code    30  msd.o(.text)
    MSD_WriteBuffer                          0x08003c2d   Thumb Code    36  msd.o(.text)
    MSD_ReadBuffer                           0x08003c51   Thumb Code    36  msd.o(.text)
    MSD_GetMediumCharacteristics             0x08003c75   Thumb Code    34  msd.o(.text)
    strlen                                   0x08003ca9   Thumb Code    62  strlen.o(.text)
    __use_two_region_memory                  0x08003ce7   Thumb Code     2  heapauxi.o(.text)
    __rt_heap_escrow$2region                 0x08003ce9   Thumb Code     2  heapauxi.o(.text)
    __rt_heap_expand$2region                 0x08003ceb   Thumb Code     2  heapauxi.o(.text)
    __user_setup_stackheap                   0x08003ced   Thumb Code    74  sys_stackheap_outer.o(.text)
    exit                                     0x08003d37   Thumb Code    12  exit.o(.text)
    __user_libspace                          0x08003d45   Thumb Code     8  libspace.o(.text)
    __user_perproc_libspace                  0x08003d45   Thumb Code     0  libspace.o(.text)
    __user_perthread_libspace                0x08003d45   Thumb Code     0  libspace.o(.text)
    _sys_exit                                0x08003d4d   Thumb Code     8  sys_exit.o(.text)
    __I$use$semihosting                      0x08003d59   Thumb Code     0  use_no_semi.o(.text)
    __use_no_semihosting_swi                 0x08003d59   Thumb Code     2  use_no_semi.o(.text)
    __semihosting_library_function           0x08003d5b   Thumb Code     0  indicate_semi.o(.text)
    time_unit                                0x08003d70   Data          32  sddriver.o(.constdata)
    time_value                               0x08003d90   Data          16  sddriver.o(.constdata)
    r2w_fator                                0x08003da0   Data           8  sddriver.o(.constdata)
    Region$$Table$$Base                      0x08003da8   Number         0  anon$$obj.o(Region$$Table)
    Region$$Table$$Limit                     0x08003dc8   Number         0  anon$$obj.o(Region$$Table)
    GPSCachCounter                           0x20000000   Data           4  stm32f10x_it.o(.data)
    GPSRxCounter                             0x20000004   Data           4  stm32f10x_it.o(.data)
    SensorCachCounter                        0x20000008   Data           4  stm32f10x_it.o(.data)
    SensorRxCounter                          0x2000000c   Data           4  stm32f10x_it.o(.data)
    GPSTransCach                             0x20000010   Data           4  stm32f10x_it.o(.data)
    SensorTransCach                          0x20000014   Data           4  stm32f10x_it.o(.data)
    SensorRecordCach                         0x20000018   Data           4  stm32f10x_it.o(.data)
    SD_BLOCK                                 0x2000001c   Data           4  stm32f10x_it.o(.data)
    SDcounter                                0x20000020   Data           4  stm32f10x_it.o(.data)
    RxGPSLength                              0x20000024   Data           5  stm32f10x_it.o(.data)
    SensorDataLength                         0x20000029   Data           5  stm32f10x_it.o(.data)
    t                                        0x20000030   Data           4  stm32f10x_it.o(.data)
    Timedisplay                              0x20000034   Data           4  stm32f10x_it.o(.data)
    WaitingTime                              0x20000038   Data           4  main.o(.data)
    get                                      0x2000012c   Data           1  main.o(.data)
    Mass_Memory_Size                         0x20000130   Data           4  msd.o(.data)
    Mass_Block_Size                          0x20000134   Data           4  msd.o(.data)
    Mass_Block_Count                         0x20000138   Data           4  msd.o(.data)
    RxGPSBuffer                              0x2000013c   Data        1050  stm32f10x_it.o(.bss)
    RxSensorBuffer                           0x20000556   Data         500  stm32f10x_it.o(.bss)
    sd_send_buf                              0x2000074a   Data         512  stm32f10x_it.o(.bss)
    sd_recv_buf                              0x2000094a   Data         512  stm32f10x_it.o(.bss)
    SPI_InitStructure                        0x20000b4a   Data          18  main.o(.bss)
    sds                                      0x20000b5c   Data          28  sddriver.o(.bss)
    __libspace_start                         0x20000b78   Data          96  libspace.o(.bss)
    __temporary_stack_top$libspace           0x20000bd8   Data           0  libspace.o(.bss)



==============================================================================

Memory Map of the image

  Image Entry point : 0x0800230d

  Load Region LR_1 (Base: 0x08000000, Size: 0x00003f04, Max: 0xffffffff, ABSOLUTE, COMPRESSED[0x00003e64])

    Execution Region ER_RO (Base: 0x08000000, Size: 0x00003dc8, Max: 0xffffffff, ABSOLUTE)

    Base Addr    Size         Type   Attr      Idx    E Section Name        Object

    0x08000000   0x00000130   Data   RO          244    RESET               stm32f10x_vector.o
    0x08000130   0x00000008   Code   RO          406  * !!!main             c_w.l(__main.o)
    0x08000138   0x00000034   Code   RO          562    !!!scatter          c_w.l(__scatter.o)
    0x0800016c   0x0000005a   Code   RO          560    !!dczerorl2         c_w.l(__dczerorl2.o)
    0x080001c6   0x00000002   PAD
    0x080001c8   0x0000001c   Code   RO          564    !!handler_zi        c_w.l(__scatter_zi.o)
    0x080001e4   0x00000002   Code   RO          433    .ARM.Collect$$libinit$$00000000  c_w.l(libinit.o)
    0x080001e6   0x00000000   Code   RO          440    .ARM.Collect$$libinit$$00000002  c_w.l(libinit2.o)
    0x080001e6   0x00000000   Code   RO          443    .ARM.Collect$$libinit$$00000008  c_w.l(libinit2.o)
    0x080001e6   0x00000000   Code   RO          445    .ARM.Collect$$libinit$$0000000A  c_w.l(libinit2.o)
    0x080001e6   0x00000000   Code   RO          447    .ARM.Collect$$libinit$$0000000C  c_w.l(libinit2.o)
    0x080001e6   0x00000000   Code   RO          450    .ARM.Collect$$libinit$$0000000F  c_w.l(libinit2.o)
    0x080001e6   0x00000000   Code   RO          452    .ARM.Collect$$libinit$$00000011  c_w.l(libinit2.o)
    0x080001e6   0x00000000   Code   RO          454    .ARM.Collect$$libinit$$00000013  c_w.l(libinit2.o)
    0x080001e6   0x00000000   Code   RO          456    .ARM.Collect$$libinit$$00000015  c_w.l(libinit2.o)
    0x080001e6   0x00000000   Code   RO          458    .ARM.Collect$$libinit$$00000017  c_w.l(libinit2.o)
    0x080001e6   0x00000000   Code   RO          460    .ARM.Collect$$libinit$$00000019  c_w.l(libinit2.o)
    0x080001e6   0x00000000   Code   RO          462    .ARM.Collect$$libinit$$0000001B  c_w.l(libinit2.o)
    0x080001e6   0x00000000   Code   RO          464    .ARM.Collect$$libinit$$0000001D  c_w.l(libinit2.o)
    0x080001e6   0x00000000   Code   RO          466    .ARM.Collect$$libinit$$0000001F  c_w.l(libinit2.o)
    0x080001e6   0x00000000   Code   RO          468    .ARM.Collect$$libinit$$00000021  c_w.l(libinit2.o)
    0x080001e6   0x00000000   Code   RO          470    .ARM.Collect$$libinit$$00000023  c_w.l(libinit2.o)
    0x080001e6   0x00000000   Code   RO          474    .ARM.Collect$$libinit$$0000002A  c_w.l(libinit2.o)
    0x080001e6   0x00000000   Code   RO          476    .ARM.Collect$$libinit$$0000002C  c_w.l(libinit2.o)
    0x080001e6   0x00000000   Code   RO          478    .ARM.Collect$$libinit$$0000002E  c_w.l(libinit2.o)
    0x080001e6   0x00000000   Code   RO          480    .ARM.Collect$$libinit$$00000030  c_w.l(libinit2.o)
    0x080001e6   0x00000002   Code   RO          481    .ARM.Collect$$libinit$$00000031  c_w.l(libinit2.o)
    0x080001e8   0x00000002   Code   RO          501    .ARM.Collect$$libshutdown$$00000000  c_w.l(libshutdown.o)
    0x080001ea   0x00000000   Code   RO          515    .ARM.Collect$$libshutdown$$00000003  c_w.l(libshutdown2.o)
    0x080001ea   0x00000000   Code   RO          518    .ARM.Collect$$libshutdown$$00000006  c_w.l(libshutdown2.o)
    0x080001ea   0x00000000   Code   RO          521    .ARM.Collect$$libshutdown$$00000009  c_w.l(libshutdown2.o)
    0x080001ea   0x00000000   Code   RO          523    .ARM.Collect$$libshutdown$$0000000B  c_w.l(libshutdown2.o)
    0x080001ea   0x00000000   Code   RO          526    .ARM.Collect$$libshutdown$$0000000E  c_w.l(libshutdown2.o)
    0x080001ea   0x00000002   Code   RO          527    .ARM.Collect$$libshutdown$$0000000F  c_w.l(libshutdown2.o)
    0x080001ec   0x00000000   Code   RO          408    .ARM.Collect$$rtentry$$00000000  c_w.l(rtentry.o)
    0x080001ec   0x00000000   Code   RO          410    .ARM.Collect$$rtentry$$00000002  c_w.l(rtentry2.o)
    0x080001ec   0x00000006   Code   RO          422    .ARM.Collect$$rtentry$$00000004  c_w.l(rtentry4.o)
    0x080001f2   0x00000000   Code   RO          412    .ARM.Collect$$rtentry$$00000009  c_w.l(rtentry2.o)
    0x080001f2   0x00000004   Code   RO          413    .ARM.Collect$$rtentry$$0000000A  c_w.l(rtentry2.o)
    0x080001f6   0x00000000   Code   RO          415    .ARM.Collect$$rtentry$$0000000C  c_w.l(rtentry2.o)
    0x080001f6   0x00000008   Code   RO          416    .ARM.Collect$$rtentry$$0000000D  c_w.l(rtentry2.o)
    0x080001fe   0x00000002   Code   RO          437    .ARM.Collect$$rtexit$$00000000  c_w.l(rtexit.o)
    0x08000200   0x00000000   Code   RO          483    .ARM.Collect$$rtexit$$00000002  c_w.l(rtexit2.o)
    0x08000200   0x00000004   Code   RO          484    .ARM.Collect$$rtexit$$00000003  c_w.l(rtexit2.o)
    0x08000204   0x00000006   Code   RO          485    .ARM.Collect$$rtexit$$00000004  c_w.l(rtexit2.o)
    0x0800020a   0x00000002   PAD
    0x0800020c   0x000003a0   Code   RO            1    .text               stm32f10x_rcc.o
    0x080005ac   0x00000048   Code   RO           32    .text               stm32f10x_flash.o
    0x080005f4   0x00000300   Code   RO           47    .text               stm32f10x_spi.o
    0x080008f4   0x0000032c   Code   RO           62    .text               stm32f10x_gpio.o
    0x08000c20   0x00000370   Code   RO          146    .text               stm32f10x_usart.o
    0x08000f90   0x000000a4   Code   RO          170    .text               stm32f10x_bkp.o
    0x08001034   0x00000144   Code   RO          182    .text               stm32f10x_rtc.o
    0x08001178   0x000003e0   Code   RO          194    .text               stm32f10x_nvic.o
    0x08001558   0x000000c8   Code   RO          206    .text               stm32f10x_pwr.o
    0x08001620   0x00000124   Code   RO          218    .text               stm32f10x_exti.o
    0x08001744   0x00000bc6   Code   RO          230    .text               stm32f10x_tim.o
    0x0800230a   0x00000002   PAD
    0x0800230c   0x00000024   Code   RO          245  * .text               stm32f10x_vector.o
    0x08002330   0x0000007a   Code   RO          250    .text               cortexm3_macro.o
    0x080023aa   0x00000002   PAD
    0x080023ac   0x000003a8   Code   RO          253    .text               stm32f10x_it.o
    0x08002754   0x00000834   Code   RO          300    .text               main.o
    0x08002f88   0x000004d8   Code   RO          317    .text               sdcmd.o
    0x08003460   0x000005b8   Code   RO          351    .text               sddriver.o
    0x08003a18   0x000001b4   Code   RO          370    .text               sdhal.o
    0x08003bcc   0x000000dc   Code   RO          382    .text               msd.o
    0x08003ca8   0x0000003e   Code   RO          402    .text               c_w.l(strlen.o)
    0x08003ce6   0x00000006   Code   RO          404    .text               c_w.l(heapauxi.o)
    0x08003cec   0x0000004a   Code   RO          424    .text               c_w.l(sys_stackheap_outer.o)
    0x08003d36   0x0000000c   Code   RO          426    .text               c_w.l(exit.o)
    0x08003d42   0x00000002   PAD
    0x08003d44   0x00000008   Code   RO          434    .text               c_w.l(libspace.o)
    0x08003d4c   0x0000000c   Code   RO          493    .text               c_w.l(sys_exit.o)
    0x08003d58   0x00000002   Code   RO          504    .text               c_w.l(use_no_semi.o)
    0x08003d5a   0x00000000   Code   RO          506    .text               c_w.l(indicate_semi.o)
    0x08003d5a   0x00000014   Data   RO            2    .constdata          stm32f10x_rcc.o
    0x08003d6e   0x00000002   PAD
    0x08003d70   0x00000038   Data   RO          353    .constdata          sddriver.o
    0x08003da8   0x00000020   Data   RO          558    Region$$Table       anon$$obj.o


    Execution Region ER_RW (Base: 0x20000000, Size: 0x0000013c, Max: 0xffffffff, ABSOLUTE, COMPRESSED[0x0000009c])

    Base Addr    Size         Type   Attr      Idx    E Section Name        Object

    0x20000000   0x00000038   Data   RW          255    .data               stm32f10x_it.o
    0x20000038   0x000000f5   Data   RW          302    .data               main.o
    0x2000012d   0x00000003   PAD
    0x20000130   0x0000000c   Data   RW          383    .data               msd.o


    Execution Region ER_ZI (Base: 0x2000013c, Size: 0x0000129c, Max: 0xffffffff, ABSOLUTE)

    Base Addr    Size         Type   Attr      Idx    E Section Name        Object

    0x2000013c   0x00000a0e   Zero   RW          254    .bss                stm32f10x_it.o
    0x20000b4a   0x00000012   Zero   RW          301    .bss                main.o
    0x20000b5c   0x0000001c   Zero   RW          352    .bss                sddriver.o
    0x20000b78   0x00000060   Zero   RW          435    .bss                c_w.l(libspace.o)
    0x20000bd8   0x00000400   Zero   RW          243    HEAP                stm32f10x_vector.o
    0x20000fd8   0x00000400   Zero   RW          242    STACK               stm32f10x_vector.o


==============================================================================

Image component sizes


      Code (inc. data)   RO Data    RW Data    ZI Data      Debug   Object Name

       122          0          0          0          0        292   cortexm3_macro.o
      2100        100          0        245         18       4498   main.o
       220         18          0         12          0       2675   msd.o
      1240          6          0          0          0       8124   sdcmd.o
      1464         38         56          0         28       7230   sddriver.o
       436          8          0          0          0       1986   sdhal.o
       164          8          0          0          0       2248   stm32f10x_bkp.o
       292         10          0          0          0       2031   stm32f10x_exti.o
        72          6          0          0          0        800   stm32f10x_flash.o
       812         18          0          0          0      11307   stm32f10x_gpio.o
       936         76          0         56       2574       9287   stm32f10x_it.o
         0          0          0          0          0      37736   stm32f10x_lib.o
       992         32          0          0          0       6996   stm32f10x_nvic.o
       200         18          0          0          0       1891   stm32f10x_pwr.o
       928         44         20          0          0     194832   stm32f10x_rcc.o
       324          4          0          0          0       2598   stm32f10x_rtc.o
       768          6          0          0          0      12586   stm32f10x_spi.o
      3014         16          0          0          0      23428   stm32f10x_tim.o
       880         12          0          0          0       7515   stm32f10x_usart.o
        36         22        304          0       2048        344   stm32f10x_vector.o

    ----------------------------------------------------------------------
     15004        442        414        316       4668     338404   Object Totals
         0          0         32          0          0          0   (incl. Generated)
         4          0          2          3          0          0   (incl. Padding)

    ----------------------------------------------------------------------

      Code (inc. data)   RO Data    RW Data    ZI Data      Debug   Library Member Name

        90          0          0          0          0          0   __dczerorl2.o
         8          0          0          0          0         68   __main.o
        52          8          0          0          0          0   __scatter.o
        28          0          0          0          0          0   __scatter_zi.o
        12          0          0          0          0         72   exit.o
         6          0          0          0          0        152   heapauxi.o
         0          0          0          0          0          0   indicate_semi.o
         2          0          0          0          0          0   libinit.o
         2          0          0          0          0          0   libinit2.o
         2          0          0          0          0          0   libshutdown.o
         2          0          0          0          0          0   libshutdown2.o
         8          4          0          0         96         68   libspace.o
         0          0          0          0          0          0   rtentry.o
        12          0          0          0          0          0   rtentry2.o
         6          0          0          0          0          0   rtentry4.o
         2          0          0          0          0          0   rtexit.o
        10          0          0          0          0          0   rtexit2.o
        62          0          0          0          0         76   strlen.o
        12          4          0          0          0         68   sys_exit.o
        74          0          0          0          0         80   sys_stackheap_outer.o
         2          0          0          0          0         68   use_no_semi.o

    ----------------------------------------------------------------------
       398         16          0          0         96        652   Library Totals
         6          0          0          0          0          0   (incl. Padding)

    ----------------------------------------------------------------------

      Code (inc. data)   RO Data    RW Data    ZI Data      Debug   Library Name

       392         16          0          0         96        652   c_w.l

    ----------------------------------------------------------------------
       398         16          0          0         96        652   Library Totals

    ----------------------------------------------------------------------

==============================================================================


      Code (inc. data)   RO Data    RW Data    ZI Data      Debug   

     15402        458        414        316       4764     336404   Grand Totals
     15402        458        414        156       4764     336404   ELF Image Totals (compressed)
     15402        458        414        156          0          0   ROM Totals

==============================================================================

    Total RO  Size (Code + RO Data)                15816 (  15.45kB)
    Total RW  Size (RW Data + ZI Data)              5080 (   4.96kB)
    Total ROM Size (Code + RO Data + RW Data)      15972 (  15.60kB)

==============================================================================

