ARM Linker, RVCT3.1 [Build 903] for uVision [Professional]

================================================================================

Section Cross References

    stm32f10x_startup.o(STACK) refers (Special) to stkheap2.o(.text) for __use_two_region_memory
    stm32f10x_startup.o(HEAP) refers (Special) to stkheap2.o(.text) for __use_two_region_memory
    stm32f10x_startup.o(RESET) refers to stm32f10x_startup.o(STACK) for Stack
    stm32f10x_startup.o(RESET) refers to stm32f10x_it.o(.text) for NMIException
    stm32f10x_startup.o(RESET) refers to __main.o(!!!main) for __main
    stm32f10x_startup.o(RESET) refers (Special) to stkheap2.o(.text) for __use_two_region_memory
    stm32f10x_startup.o(.text) refers to stm32f10x_startup.o(HEAP) for Heap
    stm32f10x_startup.o(.text) refers to stm32f10x_startup.o(STACK) for Stack
    stm32f10x_startup.o(.text) refers (Special) to stkheap2.o(.text) for __use_two_region_memory
    stm32f10x_vector.o(VECT_TABLE) refers to stm32f10x_it.o(.text) for NMIException
    stm32f10x_adc.o(.text) refers to stm32f10x_rcc.o(.text) for RCC_APB2PeriphResetCmd
    stm32f10x_bkp.o(.text) refers to stm32f10x_rcc.o(.text) for RCC_BackupResetCmd
    stm32f10x_can.o(.text) refers to stm32f10x_rcc.o(.text) for RCC_APB1PeriphResetCmd
    stm32f10x_gpio.o(.text) refers to stm32f10x_rcc.o(.text) for RCC_APB2PeriphResetCmd
    stm32f10x_i2c.o(.text) refers to stm32f10x_rcc.o(.text) for RCC_APB1PeriphResetCmd
    stm32f10x_nvic.o(.text) refers to cortexm3_macro.o(.text) for __SETPRIMASK
    stm32f10x_pwr.o(.text) refers to stm32f10x_rcc.o(.text) for RCC_APB1PeriphResetCmd
    stm32f10x_pwr.o(.text) refers to cortexm3_macro.o(.text) for __WFI
    stm32f10x_rcc.o(.text) refers to stm32f10x_rcc.o(.constdata) for .constdata
    stm32f10x_spi.o(.text) refers to stm32f10x_rcc.o(.text) for RCC_APB2PeriphResetCmd
    stm32f10x_tim1.o(.text) refers to stm32f10x_rcc.o(.text) for RCC_APB2PeriphResetCmd
    stm32f10x_tim.o(.text) refers to stm32f10x_rcc.o(.text) for RCC_APB1PeriphResetCmd
    stm32f10x_tim.o(.text) refers to stm32f10x_tim.o(.constdata) for .constdata
    stm32f10x_usart.o(.text) refers to stm32f10x_rcc.o(.text) for RCC_APB2PeriphResetCmd
    stm32f10x_wwdg.o(.text) refers to stm32f10x_rcc.o(.text) for RCC_APB1PeriphResetCmd
    uart.o(.text) refers to stm32f10x_usart.o(.text) for USART_SendData
    uart.o(.text) refers to stm32f10x_rcc.o(.text) for RCC_APB2PeriphClockCmd
    uart.o(.text) refers to stm32f10x_gpio.o(.text) for GPIO_Init
    msd.o(.text) refers to sddriver.o(.text) for SD_Initialize
    msd.o(.text) refers to sddriver.o(.bss) for sds
    msd.o(.text) refers to msd.o(.data) for .data
    sdcmd.o(.text) refers to sdhal.o(.text) for SPI_CS_Assert
    sdcmd.o(.text) refers to sdcrc.o(.text) for SD_GetCmdByte6
    sdcmd.o(.text) refers to sddriver.o(.bss) for sds
    sdcrc.o(.text) refers to sdcrc.o(.constdata) for .constdata
    sddriver.o(.text) refers to sdcmd.o(.text) for SD_ReadCSD
    sddriver.o(.text) refers to sdhal.o(.text) for SD_HardWareInit
    sddriver.o(.text) refers to sddriver.o(.bss) for .bss
    sddriver.o(.text) refers to sddriver.o(.constdata) for .constdata
    sdhal.o(.text) refers to stm32f10x_gpio.o(.text) for GPIO_SetBits
    sdhal.o(.text) refers to stm32f10x_spi.o(.text) for SPI_Init
    sdhal.o(.text) refers to stm32f10x_rcc.o(.text) for RCC_APB2PeriphClockCmd
    main.o(.text) refers to stm32f10x_rcc.o(.text) for RCC_DeInit
    main.o(.text) refers to stm32f10x_flash.o(.text) for FLASH_SetLatency
    main.o(.text) refers to stm32f10x_systick.o(.text) for SysTick_SetReload
    main.o(.text) refers to uart.o(.text) for SetupUART1
    main.o(.text) refers to __0printf.o(.text) for __1printf
    main.o(.text) refers to msd.o(.text) for MSD_Init
    main.o(.text) refers to main.o(.data) for .data
    main.o(.text) refers to msd.o(.data) for Mass_Block_Count
    main.o(.text) refers (Special) to _printf_dec.o(.text) for _printf_int_dec
    main.o(.text) refers (Special) to __printf.o(.text) for _printf_percent
    main.o(.data) refers (Special) to _printf_dec.o(.text) for _printf_int_dec
    main.o(.data) refers (Special) to __printf.o(.text) for _printf_percent
    __printf.o(.text) refers (Weak) to _printf_dec.o(.text) for _printf_int_dec
    __printf.o(.text) refers to __printf.o(.constdata) for .constdata
    _printf_dec.o(.text) refers to rtudiv10.o(.text) for __rt_udiv10
    _printf_dec.o(.text) refers to _printf_intcommon.o(.text) for _printf_int_common
    __0printf.o(.text) refers to _printf_char_common.o(.text) for _printf_char_common
    __0printf.o(.text) refers to uart.o(.text) for ferror
    __0printf.o(.text) refers to stdio.o(.bss) for __stdout
    stkheap2.o(.text) refers to sys_stackheap_outer.o(.text) for __user_setup_stackheap
    stkheap2.o(.text) refers to rt_stackheap_storage_intlibspace.o(.text) for __rt_stackheap_storage
    __main.o(!!!main) refers to kernel.o(.text) for __rt_entry
    kernel.o(.text) refers to stkheap2.o(.text) for __rt_stackheap_init
    kernel.o(.text) refers to boardinit2.o(.text) for _platform_post_stackheap_init
    kernel.o(.text) refers to lib_init.o(.text) for __rt_lib_init
    kernel.o(.text) refers to boardinit3.o(.text) for _platform_post_lib_init
    kernel.o(.text) refers to main.o(.text) for main
    kernel.o(.text) refers to exit.o(.text) for exit
    kernel.o(.text) refers to uart.o(.text) for _sys_exit
    kernel.o(.ARM.exidx) refers to kernel.o(.text) for __rt_entry
    sys_stackheap_outer.o(.text) refers to libspace.o(.text) for __user_perproc_libspace
    sys_stackheap_outer.o(.text) refers to stm32f10x_startup.o(.text) for __user_initial_stackheap
    rt_stackheap_storage.o(.text) refers to rt_stackheap_storage.o(.bss) for __rt_stackheap_storage_data
    rt_stackheap_storage_intlibspace.o(.text) refers (Weak) to libspace.o(.bss) for __libspace_start
    rt_stackheap_storage_onelibspace.o(.text) refers (Weak) to libspace.o(.text) for __user_libspace
    rt_stackheap_storage_twolibspace.o(.text) refers (Weak) to libspace.o(.text) for __user_perproc_libspace
    _printf_char_common.o(.text) refers to __printf.o(.text) for __printf
    _printf_char_common.o(.text) refers to _printf_outstr_char.o(.text) for _printf_outstr_char
    _printf_char_common.o(.text) refers to _printf_input_char.o(.text) for _printf_input_char
    stdio.o(.text) refers to sys_io.o(.text) for _sys_seek
    stdio.o(.text) refers to fflush.o(.text) for _do_fflush
    stdio.o(.text) refers to h1_free.o(.text) for free
    stdio.o(.text) refers to rt_memclr_w.o(.text) for __aeabi_memclr4
    stdio.o(.text) refers to fseek.o(.text) for fseek
    stdio.o(.text) refers to h1_alloc.o(.text) for malloc
    stdio.o(.text) refers to defsig_rtred_outer.o(.text) for __rt_SIGRTRED
    stdio.o(.text) refers to setvbuf.o(.text) for setvbuf
    stdio.o(.text) refers to streamlock.o(.data) for _stream_list_lock
    stdio.o(.text) refers to stdio.o(.bss) for .bss
    stdio.o(.text) refers to stdio.o(.data) for .data
    stdio.o(.text) refers to sys_io.o(.constdata) for __stdin_name
    stdio.o(.text) refers to sys_io.o(.constdata) for __stdout_name
    stdio.o(.text) refers to sys_io.o(.constdata) for __stderr_name
    sys_io.o(.text) refers to strlen.o(.text) for strlen
    sys_io.o(.text) refers (Special) to use_no_semi.o(.text) for __I_use_semihosting
    sys_io.o(.constdata) refers (Special) to use_no_semi.o(.text) for __I_use_semihosting
    sys_io.o(.constdata) refers (Special) to use_no_semi.o(.text) for __I_use_semihosting
    sys_io.o(.constdata) refers (Special) to use_no_semi.o(.text) for __I_use_semihosting
    libspace.o(.text) refers to libspace.o(.bss) for __libspace_start
    malloc.o(.text) refers to rt_heap_descriptor_intlibspace.o(.text) for __rt_heap_descriptor
    malloc.o(.text) refers to heapstubs.o(.text) for __Heap_Alloc
    malloc.o(.text) refers (Special) to hguard.o(.text) for __heap_guard
    malloc.o(.text) refers (Special) to init_alloc.o(.text) for _init_alloc
    free.o(.text) refers to rt_heap_descriptor_intlibspace.o(.text) for __rt_heap_descriptor
    free.o(.text) refers to heapstubs.o(.text) for __Heap_Free
    free.o(.text) refers (Special) to hguard.o(.text) for __heap_guard
    h1_alloc.o(.text) refers to rt_heap_descriptor_intlibspace.o(.text) for __rt_heap_descriptor
    h1_alloc.o(.text) refers to init_alloc.o(.text) for __Heap_Full
    h1_alloc.o(.text) refers (Special) to h1_init.o(.text) for __Heap_Initialize
    h1_free.o(.text) refers to rt_heap_descriptor_intlibspace.o(.text) for __rt_heap_descriptor
    h1_alloc_mt.o(.text) refers to init_alloc.o(.text) for __Heap_Full
    h1_alloc_mt.o(.text) refers to rt_heap_descriptor_intlibspace.o(.text) for __rt_heap_descriptor
    h1_alloc_mt.o(.text) refers (Special) to h1_init.o(.text) for __Heap_Initialize
    h1_free_mt.o(.text) refers to rt_heap_descriptor_intlibspace.o(.text) for __rt_heap_descriptor
    heap2.o(i.___Heap_ProvideMemory_realtime) refers to fdtree.o(i._FDTree_Delete) for _FDTree_Delete
    heap2.o(i.___Heap_ProvideMemory_realtime) refers to fdtree.o(i._FDTree_Insert) for _FDTree_Insert
    heap2.o(i._malloc_realtime) refers to rt_heap_descriptor_intlibspace.o(.text) for __rt_heap_descriptor
    heap2.o(i._malloc_realtime) refers to fdtree.o(i._FDTree_FindFirst) for _FDTree_FindFirst
    heap2.o(i._malloc_realtime) refers to init_alloc.o(.text) for __Heap_Full
    heap2.o(i._malloc_realtime) refers to fdtree.o(i._FDTree_RemoveNode) for _FDTree_RemoveNode
    heap2.o(i._malloc_realtime) refers to fdtree.o(i._FDTree_Insert) for _FDTree_Insert
    heap2.o(i._realloc_realtime) refers to rt_heap_descriptor_intlibspace.o(.text) for __rt_heap_descriptor
    heap2.o(i._realloc_realtime) refers to h1_free.o(.text) for free
    heap2.o(i._realloc_realtime) refers to h1_alloc.o(.text) for malloc
    heap2.o(i._realloc_realtime) refers to fdtree.o(i._FDTree_Delete) for _FDTree_Delete
    heap2.o(i._realloc_realtime) refers to fdtree.o(i._FDTree_Insert) for _FDTree_Insert
    heap2.o(i._realloc_realtime) refers to rt_memcpy_w.o(.text) for __aeabi_memcpy4
    heap2.o(i._free_realtime) refers to rt_heap_descriptor_intlibspace.o(.text) for __rt_heap_descriptor
    heap2.o(i._free_realtime) refers to fdtree.o(i._FDTree_Delete) for _FDTree_Delete
    heap2.o(i._free_realtime) refers to fdtree.o(i._FDTree_Insert) for _FDTree_Insert
    heap2.o(i.___Heap_Stats_realtime) refers to heap2.o(i._Heap2_StatsIterate) for _Heap2_StatsIterate
    heap2.o(i._FDIterate) refers to heap2.o(.constdata) for .constdata
    heap2.o(i.___Heap_Valid_realtime) refers to heap2.o(i._FDIterate) for _FDIterate
    heap2.o(i.___Heap_Valid_realtime) refers to heap2.o(.constdata) for .constdata
    heap2mt.o(i.___Heap_Initialize_realtime_concurrent) refers to mutex_init.o(.text) for _mutex_initialize
    heap2mt.o(i.___Heap_ProvideMemory_realtime_concurrent) refers to fdtree.o(i._FDTree_Delete) for _FDTree_Delete
    heap2mt.o(i.___Heap_ProvideMemory_realtime_concurrent) refers to fdtree.o(i._FDTree_Insert) for _FDTree_Insert
    heap2mt.o(i._malloc_realtime_concurrent) refers to rt_heap_descriptor_intlibspace.o(.text) for __rt_heap_descriptor
    heap2mt.o(i._malloc_realtime_concurrent) refers to fdtree.o(i._FDTree_FindFirst) for _FDTree_FindFirst
    heap2mt.o(i._malloc_realtime_concurrent) refers to init_alloc.o(.text) for __Heap_Full
    heap2mt.o(i._malloc_realtime_concurrent) refers to fdtree.o(i._FDTree_RemoveNode) for _FDTree_RemoveNode
    heap2mt.o(i._malloc_realtime_concurrent) refers to fdtree.o(i._FDTree_Insert) for _FDTree_Insert
    heap2mt.o(i._realloc_realtime_concurrent) refers to rt_heap_descriptor_intlibspace.o(.text) for __rt_heap_descriptor
    heap2mt.o(i._realloc_realtime_concurrent) refers to h1_free.o(.text) for free
    heap2mt.o(i._realloc_realtime_concurrent) refers to h1_alloc.o(.text) for malloc
    heap2mt.o(i._realloc_realtime_concurrent) refers to fdtree.o(i._FDTree_Delete) for _FDTree_Delete
    heap2mt.o(i._realloc_realtime_concurrent) refers to fdtree.o(i._FDTree_Insert) for _FDTree_Insert
    heap2mt.o(i._realloc_realtime_concurrent) refers to rt_memcpy_w.o(.text) for __aeabi_memcpy4
    heap2mt.o(i._free_realtime_concurrent) refers to rt_heap_descriptor_intlibspace.o(.text) for __rt_heap_descriptor
    heap2mt.o(i._free_realtime_concurrent) refers to fdtree.o(i._FDTree_Delete) for _FDTree_Delete
    heap2mt.o(i._free_realtime_concurrent) refers to fdtree.o(i._FDTree_Insert) for _FDTree_Insert
    heap2mt.o(i.___Heap_Stats_realtime_concurrent) refers to heap2mt.o(i._Heap2_StatsIterate) for _Heap2_StatsIterate
    heap2mt.o(i._FDIterate) refers to heap2mt.o(.constdata) for .constdata
    heap2mt.o(i.___Heap_Valid_realtime_concurrent) refers to heap2mt.o(i._FDIterate) for _FDIterate
    heap2mt.o(i.___Heap_Valid_realtime_concurrent) refers to heap2mt.o(.constdata) for .constdata
    fflush.o(.text) refers to stdio.o(.text) for _deferredlazyseek
    fflush.o(.text) refers to fseek.o(.text) for _fseek
    fflush.o(.text) refers to streamlock.o(.data) for _stream_list_lock
    fflush.o(.text) refers to stdio.o(.bss) for __stdin
    fseek.o(.text) refers to sys_io.o(.text) for _sys_istty
    fseek.o(.text) refers to stdio.o(.text) for _seterr
    exit.o(.text) refers to kernel.o(.text) for __rt_exit
    defsig_rtred_outer.o(.text) refers to defsig_rtred_inner.o(.text) for __rt_SIGRTRED_inner
    defsig_rtred_outer.o(.text) refers to defsig_exit.o(.text) for __sig_exit
    defsig_rtred_formal.o(.text) refers to rt_raise.o(.text) for __rt_raise
    defsig_rtred_formal.o(.text) refers (Special) to defsig_rtred_inner.o(.text) for __rt_SIGRTRED_inner
    stkheap1.o(.text) refers to sys_stackheap_outer.o(.text) for __user_setup_stackheap
    stkheap1.o(.text) refers to rt_stackheap_storage_intlibspace.o(.text) for __rt_stackheap_storage
    lib_init.o(.emb_text) refers to no_argv.o(.text) for __ARM_get_argv
    lib_init.o(.text) refers to fpinit.o(x$fpl$fpinit) for _fp_init
    lib_init.o(.text) refers to lib_init.o(.emb_text) for __ARM_argv_veneer
    lib_init.o(.text) refers (Weak) to init_alloc.o(.text) for _init_alloc
    lib_init.o(.text) refers to rt_locale_intlibspace.o(.text) for __rt_locale
    lib_init.o(.text) refers (Weak) to stdio.o(.text) for _initio
    lib_init.o(.text) refers (Weak) to stdio.o(.text) for _terminateio
    rt_raise.o(.text) refers to __raise.o(.text) for __raise
    rt_raise.o(.text) refers to uart.o(.text) for _sys_exit
    rt_heap_descriptor.o(.text) refers to rt_heap_descriptor.o(.bss) for __rt_heap_descriptor_data
    rt_heap_descriptor_intlibspace.o(.text) refers (Weak) to libspace.o(.bss) for __libspace_start
    rt_heap_descriptor_onelibspace.o(.text) refers (Weak) to libspace.o(.text) for __user_libspace
    rt_heap_descriptor_twolibspace.o(.text) refers (Weak) to libspace.o(.text) for __user_perproc_libspace
    rt_locale.o(.text) refers to rt_locale.o(.bss) for __rt_locale_data
    rt_locale_intlibspace.o(.text) refers (Weak) to libspace.o(.bss) for __libspace_start
    rt_locale_onelibspace.o(.text) refers (Weak) to libspace.o(.text) for __user_libspace
    rt_locale_twolibspace.o(.text) refers (Weak) to libspace.o(.text) for __user_perproc_libspace
    init_alloc.o(.text) refers to heapext.o(.text) for __heap_extend
    init_alloc.o(.text) refers to h1_extend.o(.text) for __Heap_ProvideMemory
    init_alloc.o(.text) refers to defsig_rtmem_outer.o(.text) for __rt_SIGRTMEM
    init_alloc.o(.text) refers to rt_heap_descriptor_intlibspace.o(.text) for __rt_heap_descriptor
    init_alloc.o(.text) refers to h1_init.o(.text) for __Heap_Initialize
    init_alloc.o(.text) refers (Special) to hguard.o(.text) for __heap_guard
    h1_init_mt.o(.text) refers to mutex_init.o(.text) for _mutex_initialize
    defsig_exit.o(.text) refers to uart.o(.text) for _sys_exit
    defsig_rtred_inner.o(.text) refers to defsig_general.o(.text) for __default_signal_display
    _get_argv.o(.text) refers to heapext.o(.text) for __heap_extend
    _get_argv.o(.text) refers to defsig_rtmem_outer.o(.text) for __rt_SIGRTMEM
    _get_argv.o(.text) refers to sys_command.o(.text) for _sys_command_string
    _get_argv.o(.text) refers (Special) to hrguard.o(.text) for __heap_region_guard
    fpinit.o(x$fpl$fpinit) refers to rt_fp_status_addr_intlibspace.o(.text) for __rt_fp_status_addr
    sys_command.o(.text) refers (Special) to use_no_semi.o(.text) for __I_use_semihosting
    rt_fp_status_addr.o(.text) refers to rt_fp_status_addr.o(.bss) for __rt_fp_status_addr_data
    rt_fp_status_addr_intlibspace.o(.text) refers (Weak) to libspace.o(.bss) for __libspace_start
    rt_fp_status_addr_onelibspace.o(.text) refers (Weak) to libspace.o(.text) for __user_libspace
    rt_fp_status_addr_twolibspace.o(.text) refers (Weak) to libspace.o(.text) for __user_perthread_libspace
    h1_extend.o(.text) refers to h1_free.o(.text) for free
    h1_extend_mt.o(.text) refers to h1_free_mt.o(.text) for _free_internal
    __raise.o(.text) refers to defsig.o(CL$$defsig) for __default_signal_handler
    defsig_general.o(.text) refers to uart.o(.text) for _ttywrch
    defsig_rtmem_outer.o(.text) refers to defsig_rtmem_inner.o(.text) for __rt_SIGRTMEM_inner
    defsig_rtmem_outer.o(.text) refers to defsig_exit.o(.text) for __sig_exit
    defsig_rtmem_formal.o(.text) refers to rt_raise.o(.text) for __rt_raise
    defsig_rtmem_formal.o(.text) refers (Special) to defsig_rtmem_inner.o(.text) for __rt_SIGRTMEM_inner
    heapext.o(.text) refers to stkheap2.o(.text) for __rt_heap_extend
    defsig.o(CL$$defsig) refers (Weak) to defsig_rtred_inner.o(.text) for __rt_SIGRTRED_inner
    defsig.o(CL$$defsig) refers (Weak) to defsig_rtmem_inner.o(.text) for __rt_SIGRTMEM_inner
    defsig_rtmem_inner.o(.text) refers to defsig_general.o(.text) for __default_signal_display


================================================================================

Removing Unused input sections from the image.

    Removing cortexm3_macro.o(.text), (110 bytes).
    Removing stm32f10x_adc.o(.text), (804 bytes).
    Removing stm32f10x_bkp.o(.text), (144 bytes).
    Removing stm32f10x_can.o(.text), (1404 bytes).
    Removing stm32f10x_dma.o(.text), (304 bytes).
    Removing stm32f10x_exti.o(.text), (216 bytes).
    Removing stm32f10x_i2c.o(.text), (832 bytes).
    Removing stm32f10x_iwdg.o(.text), (60 bytes).
    Removing stm32f10x_nvic.o(.text), (748 bytes).
    Removing stm32f10x_pwr.o(.text), (164 bytes).
    Removing stm32f10x_rtc.o(.text), (276 bytes).
    Removing stm32f10x_tim1.o(.text), (1832 bytes).
    Removing stm32f10x_tim.o(.text), (1682 bytes).
    Removing stm32f10x_tim.o(.constdata), (16 bytes).
    Removing stm32f10x_wwdg.o(.text), (116 bytes).
    Removing uart.o(.data), (1 bytes).
    Removing uart.o(.data), (4 bytes).
    Removing uart.o(.bss), (24 bytes).

18 unused section(s) (total 8737 bytes) removed from the image.

================================================================================

Image Symbol Table

    Local Symbols

    Symbol Name                              Value     Ov Type        Size  Object(Section)

    ../../angel/boardlib.s                   0x00000000   Number         0  boardinit1.o ABSOLUTE
    ../../angel/boardlib.s                   0x00000000   Number         0  boardshut.o ABSOLUTE
    ../../angel/boardlib.s                   0x00000000   Number         0  boardinit2.o ABSOLUTE
    ../../angel/boardlib.s                   0x00000000   Number         0  cpuinit.o ABSOLUTE
    ../../angel/boardlib.s                   0x00000000   Number         0  boardinit3.o ABSOLUTE
    ../../angel/handlers.s                   0x00000000   Number         0  __scatter_copy.o ABSOLUTE
    ../../angel/handlers.s                   0x00000000   Number         0  __scatter_zi.o ABSOLUTE
    ../../angel/kernel.s                     0x00000000   Number         0  kernel.o ABSOLUTE
    ../../angel/rt.s                         0x00000000   Number         0  rt_fp_status_addr.o ABSOLUTE
    ../../angel/rt.s                         0x00000000   Number         0  rt_fp_status_addr_intlibspace.o ABSOLUTE
    ../../angel/rt.s                         0x00000000   Number         0  rt_fp_status_addr_twolibspace.o ABSOLUTE
    ../../angel/rt.s                         0x00000000   Number         0  rt_stackheap_storage.o ABSOLUTE
    ../../angel/rt.s                         0x00000000   Number         0  rt_locale_twolibspace.o ABSOLUTE
    ../../angel/rt.s                         0x00000000   Number         0  rt_locale_onelibspace.o ABSOLUTE
    ../../angel/rt.s                         0x00000000   Number         0  rt_stackheap_storage_twolibspace.o ABSOLUTE
    ../../angel/rt.s                         0x00000000   Number         0  rt_fp_status_addr_onelibspace.o ABSOLUTE
    ../../angel/rt.s                         0x00000000   Number         0  rt_stackheap_storage_onelibspace.o ABSOLUTE
    ../../angel/rt.s                         0x00000000   Number         0  rt_stackheap_storage_intlibspace.o ABSOLUTE
    ../../angel/rt.s                         0x00000000   Number         0  rt_locale_intlibspace.o ABSOLUTE
    ../../angel/rt.s                         0x00000000   Number         0  rt_heap_descriptor_onelibspace.o ABSOLUTE
    ../../angel/rt.s                         0x00000000   Number         0  rt_locale.o ABSOLUTE
    ../../angel/rt.s                         0x00000000   Number         0  rt_heap_descriptor_twolibspace.o ABSOLUTE
    ../../angel/rt.s                         0x00000000   Number         0  rt_heap_descriptor_intlibspace.o ABSOLUTE
    ../../angel/rt.s                         0x00000000   Number         0  rt_heap_descriptor.o ABSOLUTE
    ../../angel/rt.s                         0x00000000   Number         0  rt_raise.o ABSOLUTE
    ../../angel/scatter.s                    0x00000000   Number         0  __scatter.o ABSOLUTE
    ../../angel/startup.s                    0x00000000   Number         0  __main.o ABSOLUTE
    ../../angel/sys.s                        0x00000000   Number         0  use_no_semi.o ABSOLUTE
    ../../angel/sys.s                        0x00000000   Number         0  sys_stackheap_outer.o ABSOLUTE
    ../../angel/sys.s                        0x00000000   Number         0  libspace.o ABSOLUTE
    ../../angel/sys.s                        0x00000000   Number         0  mutex_init.o ABSOLUTE
    ../../angel/sysapp.c                     0x00000000   Number         0  sys_command.o ABSOLUTE
    ../../angel/sysapp.c                     0x00000000   Number         0  sys_io.o ABSOLUTE
    ../../armsys.c                           0x00000000   Number         0  no_argv.o ABSOLUTE
    ../../armsys.c                           0x00000000   Number         0  lib_init.o ABSOLUTE
    ../../armsys.c                           0x00000000   Number         0  _get_argv.o ABSOLUTE
    ../../armsys.c                           0x00000000   Number         0  lib_init.o ABSOLUTE
    ../../division_7m.s                      0x00000000   Number         0  rtudiv10.o ABSOLUTE
    ../../fpinit.s                           0x00000000   Number         0  fpinit.o ABSOLUTE
    ../../heap1.c                            0x00000000   Number         0  h1_free_mt.o ABSOLUTE
    ../../heap1.c                            0x00000000   Number         0  h1_extend.o ABSOLUTE
    ../../heap1.c                            0x00000000   Number         0  h1_init_mt.o ABSOLUTE
    ../../heap1.c                            0x00000000   Number         0  h1_init.o ABSOLUTE
    ../../heap1.c                            0x00000000   Number         0  h1_alloc.o ABSOLUTE
    ../../heap1.c                            0x00000000   Number         0  h1_extend_mt.o ABSOLUTE
    ../../heap1.c                            0x00000000   Number         0  h1_free.o ABSOLUTE
    ../../heap1.c                            0x00000000   Number         0  h1_alloc_mt.o ABSOLUTE
    ../../heap2.c                            0x00000000   Number         0  fdtree.o ABSOLUTE
    ../../heap2.c                            0x00000000   Number         0  heap2.o ABSOLUTE
    ../../heap2.c                            0x00000000   Number         0  heap2mt.o ABSOLUTE
    ../../heapalloc.c                        0x00000000   Number         0  heapstubs.o ABSOLUTE
    ../../heapalloc.c                        0x00000000   Number         0  malloc.o ABSOLUTE
    ../../heapalloc.c                        0x00000000   Number         0  hrguard.o ABSOLUTE
    ../../heapalloc.c                        0x00000000   Number         0  free.o ABSOLUTE
    ../../heapalloc.c                        0x00000000   Number         0  init_alloc.o ABSOLUTE
    ../../heapalloc.c                        0x00000000   Number         0  hguard.o ABSOLUTE
    ../../memcpset.s                         0x00000000   Number         0  rt_memclr_w.o ABSOLUTE
    ../../memcpset.s                         0x00000000   Number         0  rt_memcpy_w.o ABSOLUTE
    ../../printf.c                           0x00000000   Number         0  _printf_input_char.o ABSOLUTE
    ../../printf.c                           0x00000000   Number         0  _printf_intcommon.o ABSOLUTE
    ../../printf.c                           0x00000000   Number         0  _printf_dec.o ABSOLUTE
    ../../printf.c                           0x00000000   Number         0  __printf.o ABSOLUTE
    ../../printf.c                           0x00000000   Number         0  __0printf.o ABSOLUTE
    ../../printf.c                           0x00000000   Number         0  _printf_char_common.o ABSOLUTE
    ../../printf.c                           0x00000000   Number         0  _printf_outstr_char.o ABSOLUTE
    ../../signal.c                           0x00000000   Number         0  defsig_rtred_formal.o ABSOLUTE
    ../../signal.c                           0x00000000   Number         0  defsig_rtred_outer.o ABSOLUTE
    ../../signal.c                           0x00000000   Number         0  defsig_exit.o ABSOLUTE
    ../../signal.c                           0x00000000   Number         0  defsig_rtred_inner.o ABSOLUTE
    ../../signal.c                           0x00000000   Number         0  __raise.o ABSOLUTE
    ../../signal.c                           0x00000000   Number         0  defsig_general.o ABSOLUTE
    ../../signal.c                           0x00000000   Number         0  defsig_rtmem_outer.o ABSOLUTE
    ../../signal.c                           0x00000000   Number         0  defsig_rtmem_formal.o ABSOLUTE
    ../../signal.c                           0x00000000   Number         0  defsig_rtmem_inner.o ABSOLUTE
    ../../signal.s                           0x00000000   Number         0  defsig.o ABSOLUTE
    ../../stdio.c                            0x00000000   Number         0  setvbuf.o ABSOLUTE
    ../../stdio.c                            0x00000000   Number         0  fflush.o ABSOLUTE
    ../../stdio.c                            0x00000000   Number         0  fseek.o ABSOLUTE
    ../../stdio.c                            0x00000000   Number         0  streamlock.o ABSOLUTE
    ../../stdio.c                            0x00000000   Number         0  stdio.o ABSOLUTE
    ../../stdlib.c                           0x00000000   Number         0  exit.o ABSOLUTE
    ../../stkheap.s                          0x00000000   Number         0  heapext.o ABSOLUTE
    ../../stkheap1.s                         0x00000000   Number         0  stkheap1.o ABSOLUTE
    ../../stkheap2.s                         0x00000000   Number         0  stkheap2.o ABSOLUTE
    ../../string.c                           0x00000000   Number         0  strlen.o ABSOLUTE
    ..\code\driver\msd.c                     0x00000000   Number         0  msd.o ABSOLUTE
    ..\code\driver\sdmmc\sdcmd.c             0x00000000   Number         0  sdcmd.o ABSOLUTE
    ..\code\driver\sdmmc\sdcrc.c             0x00000000   Number         0  sdcrc.o ABSOLUTE
    ..\code\driver\sdmmc\sddriver.c          0x00000000   Number         0  sddriver.o ABSOLUTE
    ..\code\driver\sdmmc\sdhal.c             0x00000000   Number         0  sdhal.o ABSOLUTE
    ..\code\driver\uart.c                    0x00000000   Number         0  uart.o ABSOLUTE
    ..\code\library\src\stm32f10x_adc.c      0x00000000   Number         0  stm32f10x_adc.o ABSOLUTE
    ..\code\library\src\stm32f10x_bkp.c      0x00000000   Number         0  stm32f10x_bkp.o ABSOLUTE
    ..\code\library\src\stm32f10x_can.c      0x00000000   Number         0  stm32f10x_can.o ABSOLUTE
    ..\code\library\src\stm32f10x_dma.c      0x00000000   Number         0  stm32f10x_dma.o ABSOLUTE
    ..\code\library\src\stm32f10x_exti.c     0x00000000   Number         0  stm32f10x_exti.o ABSOLUTE
    ..\code\library\src\stm32f10x_flash.c    0x00000000   Number         0  stm32f10x_flash.o ABSOLUTE
    ..\code\library\src\stm32f10x_gpio.c     0x00000000   Number         0  stm32f10x_gpio.o ABSOLUTE
    ..\code\library\src\stm32f10x_i2c.c      0x00000000   Number         0  stm32f10x_i2c.o ABSOLUTE
    ..\code\library\src\stm32f10x_iwdg.c     0x00000000   Number         0  stm32f10x_iwdg.o ABSOLUTE
    ..\code\library\src\stm32f10x_lib.c      0x00000000   Number         0  stm32f10x_lib.o ABSOLUTE
    ..\code\library\src\stm32f10x_nvic.c     0x00000000   Number         0  stm32f10x_nvic.o ABSOLUTE
    ..\code\library\src\stm32f10x_pwr.c      0x00000000   Number         0  stm32f10x_pwr.o ABSOLUTE
    ..\code\library\src\stm32f10x_rcc.c      0x00000000   Number         0  stm32f10x_rcc.o ABSOLUTE
    ..\code\library\src\stm32f10x_rtc.c      0x00000000   Number         0  stm32f10x_rtc.o ABSOLUTE
    ..\code\library\src\stm32f10x_spi.c      0x00000000   Number         0  stm32f10x_spi.o ABSOLUTE
    ..\code\library\src\stm32f10x_systick.c  0x00000000   Number         0  stm32f10x_systick.o ABSOLUTE
    ..\code\library\src\stm32f10x_tim.c      0x00000000   Number         0  stm32f10x_tim.o ABSOLUTE
    ..\code\library\src\stm32f10x_tim1.c     0x00000000   Number         0  stm32f10x_tim1.o ABSOLUTE
    ..\code\library\src\stm32f10x_usart.c    0x00000000   Number         0  stm32f10x_usart.o ABSOLUTE
    ..\code\library\src\stm32f10x_wwdg.c     0x00000000   Number         0  stm32f10x_wwdg.o ABSOLUTE
    ..\code\system\cortexm3_macro.s          0x00000000   Number         0  cortexm3_macro.o ABSOLUTE
    ..\code\system\stm32f10x_it.c            0x00000000   Number         0  stm32f10x_it.o ABSOLUTE
    ..\code\system\stm32f10x_startup.s       0x00000000   Number         0  stm32f10x_startup.o ABSOLUTE
    ..\code\system\stm32f10x_vector.c        0x00000000   Number         0  stm32f10x_vector.o ABSOLUTE
    ..\code\user\main.c                      0x00000000   Number         0  main.o ABSOLUTE
    dc.s                                     0x00000000   Number         0  dc.o ABSOLUTE
    RESET                                    0x08000000   Section      260  stm32f10x_startup.o(RESET)
    !!!main                                  0x08000104   Section        8  __main.o(!!!main)
    !!!scatter                               0x0800010c   Section       52  __scatter.o(!!!scatter)
    !!handler_copy                           0x08000140   Section       26  __scatter_copy.o(!!handler_copy)
    !!handler_zi                             0x0800015c   Section       28  __scatter_zi.o(!!handler_zi)
    .emb_text                                0x08000178   Section        4  lib_init.o(.emb_text)
    .text                                    0x0800017c   Section       28  stm32f10x_startup.o(.text)
    .text                                    0x08000198   Section      104  stm32f10x_it.o(.text)
    .text                                    0x08000200   Section       60  stm32f10x_flash.o(.text)
    .text                                    0x0800023c   Section      520  stm32f10x_gpio.o(.text)
    .text                                    0x08000444   Section      696  stm32f10x_rcc.o(.text)
    .text                                    0x080006fc   Section      460  stm32f10x_spi.o(.text)
    .text                                    0x080008c8   Section      132  stm32f10x_systick.o(.text)
    .text                                    0x0800094c   Section      680  stm32f10x_usart.o(.text)
    .text                                    0x08000bf4   Section      180  uart.o(.text)
    .text                                    0x08000ca8   Section       84  msd.o(.text)
    .text                                    0x08000cfc   Section     1128  sdcmd.o(.text)
    .text                                    0x08001164   Section      128  sdcrc.o(.text)
    .text                                    0x080011e4   Section     1094  sddriver.o(.text)
    .text                                    0x0800162c   Section      428  sdhal.o(.text)
    SPI_Config                               0x0800173d   Thumb Code   142  sdhal.o(.text)
    .text                                    0x080017d8   Section      724  main.o(.text)
    .text                                    0x08001aac   Section      744  __printf.o(.text)
    .text                                    0x08001d94   Section      120  _printf_dec.o(.text)
    .text                                    0x08001e0c   Section       52  __0printf.o(.text)
    .text                                    0x08001e40   Section       38  stkheap2.o(.text)
    .text                                    0x08001e66   Section       62  kernel.o(.text)
    .text                                    0x08001ea4   Section       74  sys_stackheap_outer.o(.text)
    .text                                    0x08001ef0   Section       12  rt_stackheap_storage_intlibspace.o(.text)
    .text                                    0x08001efc   Section      162  _printf_intcommon.o(.text)
    .text                                    0x08001fa0   Section       52  _printf_char_common.o(.text)
    .text                                    0x08001fd4   Section       16  rtudiv10.o(.text)
    .text                                    0x08001fe4   Section        8  libspace.o(.text)
    .text                                    0x08001fec   Section       26  _printf_outstr_char.o(.text)
    .text                                    0x08002006   Section       10  _printf_input_char.o(.text)
    .text                                    0x08002010   Section       12  exit.o(.text)
    .text                                    0x0800201c   Section      192  lib_init.o(.text)
    .text                                    0x080020dc   Section       10  boardinit2.o(.text)
    .text                                    0x080020e6   Section        8  boardinit3.o(.text)
    .text                                    0x080020f0   Section       12  rt_locale_intlibspace.o(.text)
    .text                                    0x080020fc   Section        2  no_argv.o(.text)
    .text                                    0x08002100   Section       12  rt_fp_status_addr_intlibspace.o(.text)
    x$fpl$fpinit                             0x0800210c   Section       14  fpinit.o(x$fpl$fpinit)
    .constdata                               0x0800211a   Section       20  stm32f10x_rcc.o(.constdata)
    ADCPrescTable                            0x0800211a   Data           4  stm32f10x_rcc.o(.constdata)
    APBAHBPrescTable                         0x0800211e   Data          16  stm32f10x_rcc.o(.constdata)
    .constdata                               0x0800212e   Section      512  sdcrc.o(.constdata)
    .constdata                               0x08002330   Section       56  sddriver.o(.constdata)
    .constdata                               0x08002368   Section       17  __printf.o(.constdata)
    maptable@__printf_0                      0x08002368   Data          17  __printf.o(.constdata)
    .data                                    0x20000000   Section       12  msd.o(.data)
    .data                                    0x2000000c   Section        1  main.o(.data)
    VECT_TABLE                               0x20000010   Section      228  stm32f10x_vector.o(VECT_TABLE)
    .bss                                     0x200000f4   Section       28  sddriver.o(.bss)
    .bss                                     0x20000110   Section      204  stdio.o(.bss)
    .bss                                     0x200001dc   Section       96  libspace.o(.bss)
    HEAP                                     0x20000240   Section      512  stm32f10x_startup.o(HEAP)
    Heap                                     0x20000240   Data           0  stm32f10x_startup.o(HEAP)
    STACK                                    0x20000440   Section      512  stm32f10x_startup.o(STACK)
    Stack                                    0x20000440   Data           0  stm32f10x_startup.o(STACK)

    Global Symbols

    Symbol Name                              Value     Ov Type        Size  Object(Section)

    BuildAttributes$$THM_ISAv4$M$P$D$K$S$PE$A:L22UL41UL21$X:L11$S22US41US21$IEEE1$IW$USESV6$~STKCKD$USESV7$~SHL$OSPACE$EBA8$STANDARDLIB$REQ8$PRES8$EABIv2 0x00000000   Number         0  anon$$obj.o ABSOLUTE
    __ARM_use_no_argv                        0x00000000   Number         0  main.o ABSOLUTE
    __ARM_exceptions_init                     - Undefined Weak Reference
    __alloca_initialize                       - Undefined Weak Reference
    __cpp_initialize__aeabi_                  - Undefined Weak Reference
    __cxa_finalize                            - Undefined Weak Reference
    __rt_SIGABRT_inner                        - Undefined Weak Reference
    __rt_SIGCPPL_inner                        - Undefined Weak Reference
    __rt_SIGFPE_inner                         - Undefined Weak Reference
    __rt_SIGILL_inner                         - Undefined Weak Reference
    __rt_SIGINT_inner                         - Undefined Weak Reference
    __rt_SIGPVFN_inner                        - Undefined Weak Reference
    __rt_SIGSEGV_inner                        - Undefined Weak Reference
    __rt_SIGSTAK_inner                        - Undefined Weak Reference
    __rt_SIGTERM_inner                        - Undefined Weak Reference
    __rt_SIGUSR1_inner                        - Undefined Weak Reference
    __rt_SIGUSR2_inner                        - Undefined Weak Reference
    __rt_sigother_inner                       - Undefined Weak Reference
    __sigvec_lookup                           - Undefined Weak Reference
    __user_heap_extend                        - Undefined Weak Reference
    __user_heap_extent                        - Undefined Weak Reference
    _atexit_init                              - Undefined Weak Reference
    _call_atexit_fns                          - Undefined Weak Reference
    _clock_init                               - Undefined Weak Reference
    _fp_trap_init                             - Undefined Weak Reference
    _get_lc_collate                           - Undefined Weak Reference
    _get_lc_ctype                             - Undefined Weak Reference
    _get_lc_monetary                          - Undefined Weak Reference
    _get_lc_numeric                           - Undefined Weak Reference
    _get_lc_time                              - Undefined Weak Reference
    _getenv_init                              - Undefined Weak Reference
    _handle_redirection                       - Undefined Weak Reference
    _mutex_acquire                            - Undefined Weak Reference
    _mutex_release                            - Undefined Weak Reference
    _printf_charcount                         - Undefined Weak Reference
    _printf_fp_dec                            - Undefined Weak Reference
    _printf_fp_hex                            - Undefined Weak Reference
    _printf_longlong_dec                      - Undefined Weak Reference
    _printf_longlong_hex                      - Undefined Weak Reference
    _printf_longlong_oct                      - Undefined Weak Reference
    _printf_mbtowc                            - Undefined Weak Reference
    _printf_post_padding                      - Undefined Weak Reference
    _printf_pre_padding                       - Undefined Weak Reference
    _printf_str                               - Undefined Weak Reference
    _printf_truncate_signed                   - Undefined Weak Reference
    _printf_truncate_unsigned                 - Undefined Weak Reference
    _printf_wc                                - Undefined Weak Reference
    _printf_wctomb                            - Undefined Weak Reference
    _rand_init                                - Undefined Weak Reference
    _signal_init                              - Undefined Weak Reference
    _tmpfile_delete                           - Undefined Weak Reference
    Reset_Handler                            0x08000101   Thumb Code     0  stm32f10x_startup.o(RESET)
    __main                                   0x08000105   Thumb Code     8  __main.o(!!!main)
    __scatterload                            0x0800010d   Thumb Code     0  __scatter.o(!!!scatter)
    __scatterload_rt2                        0x0800010d   Thumb Code    44  __scatter.o(!!!scatter)
    __scatterload_rt2_thumb_only             0x0800010d   Thumb Code     0  __scatter.o(!!!scatter)
    __scatterload_null                       0x0800011b   Thumb Code     0  __scatter.o(!!!scatter)
    __scatterload_copy                       0x08000141   Thumb Code    26  __scatter_copy.o(!!handler_copy)
    __scatterload_zeroinit                   0x0800015d   Thumb Code    28  __scatter_zi.o(!!handler_zi)
    __ARM_argv_veneer                        0x08000179   Thumb Code     4  lib_init.o(.emb_text)
    __user_initial_stackheap                 0x0800017d   Thumb Code     0  stm32f10x_startup.o(.text)
    NMIException                             0x08000199   Thumb Code     2  stm32f10x_it.o(.text)
    HardFaultException                       0x0800019b   Thumb Code     2  stm32f10x_it.o(.text)
    MemManageException                       0x0800019d   Thumb Code     2  stm32f10x_it.o(.text)
    BusFaultException                        0x0800019f   Thumb Code     2  stm32f10x_it.o(.text)
    UsageFaultException                      0x080001a1   Thumb Code     2  stm32f10x_it.o(.text)
    DebugMonitor                             0x080001a3   Thumb Code     2  stm32f10x_it.o(.text)
    SVCHandler                               0x080001a5   Thumb Code     2  stm32f10x_it.o(.text)
    PendSVC                                  0x080001a7   Thumb Code     2  stm32f10x_it.o(.text)
    SysTickHandler                           0x080001a9   Thumb Code     2  stm32f10x_it.o(.text)
    WWDG_IRQHandler                          0x080001ab   Thumb Code     2  stm32f10x_it.o(.text)
    PVD_IRQHandler                           0x080001ad   Thumb Code     2  stm32f10x_it.o(.text)
    TAMPER_IRQHandler                        0x080001af   Thumb Code     2  stm32f10x_it.o(.text)
    RTC_IRQHandler                           0x080001b1   Thumb Code     2  stm32f10x_it.o(.text)
    FLASH_IRQHandler                         0x080001b3   Thumb Code     2  stm32f10x_it.o(.text)
    RCC_IRQHandler                           0x080001b5   Thumb Code     2  stm32f10x_it.o(.text)
    EXTI0_IRQHandler                         0x080001b7   Thumb Code     2  stm32f10x_it.o(.text)
    EXTI1_IRQHandler                         0x080001b9   Thumb Code     2  stm32f10x_it.o(.text)
    EXTI2_IRQHandler                         0x080001bb   Thumb Code     2  stm32f10x_it.o(.text)
    EXTI3_IRQHandler                         0x080001bd   Thumb Code     2  stm32f10x_it.o(.text)
    EXTI4_IRQHandler                         0x080001bf   Thumb Code     2  stm32f10x_it.o(.text)
    DMAChannel1_IRQHandler                   0x080001c1   Thumb Code     2  stm32f10x_it.o(.text)
    DMAChannel2_IRQHandler                   0x080001c3   Thumb Code     2  stm32f10x_it.o(.text)
    DMAChannel3_IRQHandler                   0x080001c5   Thumb Code     2  stm32f10x_it.o(.text)
    DMAChannel4_IRQHandler                   0x080001c7   Thumb Code     2  stm32f10x_it.o(.text)
    DMAChannel5_IRQHandler                   0x080001c9   Thumb Code     2  stm32f10x_it.o(.text)
    DMAChannel6_IRQHandler                   0x080001cb   Thumb Code     2  stm32f10x_it.o(.text)
    DMAChannel7_IRQHandler                   0x080001cd   Thumb Code     2  stm32f10x_it.o(.text)
    ADC_IRQHandler                           0x080001cf   Thumb Code     2  stm32f10x_it.o(.text)
    USB_HP_CAN_TX_IRQHandler                 0x080001d1   Thumb Code     2  stm32f10x_it.o(.text)
    USB_LP_CAN_RX0_IRQHandler                0x080001d3   Thumb Code     2  stm32f10x_it.o(.text)
    CAN_RX1_IRQHandler                       0x080001d5   Thumb Code     2  stm32f10x_it.o(.text)
    CAN_SCE_IRQHandler                       0x080001d7   Thumb Code     2  stm32f10x_it.o(.text)
    EXTI9_5_IRQHandler                       0x080001d9   Thumb Code     2  stm32f10x_it.o(.text)
    TIM1_BRK_IRQHandler                      0x080001db   Thumb Code     2  stm32f10x_it.o(.text)
    TIM1_UP_IRQHandler                       0x080001dd   Thumb Code     2  stm32f10x_it.o(.text)
    TIM1_TRG_COM_IRQHandler                  0x080001df   Thumb Code     2  stm32f10x_it.o(.text)
    TIM1_CC_IRQHandler                       0x080001e1   Thumb Code     2  stm32f10x_it.o(.text)
    TIM2_IRQHandler                          0x080001e3   Thumb Code     2  stm32f10x_it.o(.text)
    TIM3_IRQHandler                          0x080001e5   Thumb Code     2  stm32f10x_it.o(.text)
    TIM4_IRQHandler                          0x080001e7   Thumb Code     2  stm32f10x_it.o(.text)
    I2C1_EV_IRQHandler                       0x080001e9   Thumb Code     2  stm32f10x_it.o(.text)
    I2C1_ER_IRQHandler                       0x080001eb   Thumb Code     2  stm32f10x_it.o(.text)
    I2C2_EV_IRQHandler                       0x080001ed   Thumb Code     2  stm32f10x_it.o(.text)
    I2C2_ER_IRQHandler                       0x080001ef   Thumb Code     2  stm32f10x_it.o(.text)
    SPI1_IRQHandler                          0x080001f1   Thumb Code     2  stm32f10x_it.o(.text)
    SPI2_IRQHandler                          0x080001f3   Thumb Code     2  stm32f10x_it.o(.text)
    USART1_IRQHandler                        0x080001f5   Thumb Code     2  stm32f10x_it.o(.text)
    USART2_IRQHandler                        0x080001f7   Thumb Code     2  stm32f10x_it.o(.text)
    USART3_IRQHandler                        0x080001f9   Thumb Code     2  stm32f10x_it.o(.text)
    EXTI15_10_IRQHandler                     0x080001fb   Thumb Code     2  stm32f10x_it.o(.text)
    RTCAlarm_IRQHandler                      0x080001fd   Thumb Code     2  stm32f10x_it.o(.text)
    USBWakeUp_IRQHandler                     0x080001ff   Thumb Code     2  stm32f10x_it.o(.text)
    FLASH_SetLatency                         0x08000201   Thumb Code    18  stm32f10x_flash.o(.text)
    FLASH_HalfCycleAccessCmd                 0x08000213   Thumb Code    18  stm32f10x_flash.o(.text)
    FLASH_PrefetchBufferCmd                  0x08000225   Thumb Code    18  stm32f10x_flash.o(.text)
    GPIO_DeInit                              0x0800023d   Thumb Code   112  stm32f10x_gpio.o(.text)
    GPIO_AFIODeInit                          0x080002ad   Thumb Code    22  stm32f10x_gpio.o(.text)
    GPIO_Init                                0x080002c3   Thumb Code   160  stm32f10x_gpio.o(.text)
    GPIO_StructInit                          0x08000363   Thumb Code    16  stm32f10x_gpio.o(.text)
    GPIO_ReadInputDataBit                    0x08000373   Thumb Code    14  stm32f10x_gpio.o(.text)
    GPIO_ReadInputData                       0x08000381   Thumb Code     6  stm32f10x_gpio.o(.text)
    GPIO_ReadOutputDataBit                   0x08000387   Thumb Code    14  stm32f10x_gpio.o(.text)
    GPIO_ReadOutputData                      0x08000395   Thumb Code     6  stm32f10x_gpio.o(.text)
    GPIO_SetBits                             0x0800039b   Thumb Code     4  stm32f10x_gpio.o(.text)
    GPIO_ResetBits                           0x0800039f   Thumb Code     4  stm32f10x_gpio.o(.text)
    GPIO_WriteBit                            0x080003a3   Thumb Code    10  stm32f10x_gpio.o(.text)
    GPIO_Write                               0x080003ad   Thumb Code     4  stm32f10x_gpio.o(.text)
    GPIO_PinLockConfig                       0x080003b1   Thumb Code    16  stm32f10x_gpio.o(.text)
    GPIO_EventOutputConfig                   0x080003c1   Thumb Code    22  stm32f10x_gpio.o(.text)
    GPIO_EventOutputCmd                      0x080003d7   Thumb Code     6  stm32f10x_gpio.o(.text)
    GPIO_PinRemapConfig                      0x080003dd   Thumb Code    54  stm32f10x_gpio.o(.text)
    GPIO_EXTILineConfig                      0x08000413   Thumb Code    34  stm32f10x_gpio.o(.text)
    RCC_DeInit                               0x08000445   Thumb Code    60  stm32f10x_rcc.o(.text)
    RCC_HSEConfig                            0x08000481   Thumb Code    48  stm32f10x_rcc.o(.text)
    RCC_GetFlagStatus                        0x080004b1   Thumb Code    42  stm32f10x_rcc.o(.text)
    RCC_WaitForHSEStartUp                    0x080004db   Thumb Code    34  stm32f10x_rcc.o(.text)
    RCC_AdjustHSICalibrationValue            0x080004fd   Thumb Code    16  stm32f10x_rcc.o(.text)
    RCC_HSICmd                               0x0800050d   Thumb Code     6  stm32f10x_rcc.o(.text)
    RCC_PLLConfig                            0x08000513   Thumb Code    16  stm32f10x_rcc.o(.text)
    RCC_PLLCmd                               0x08000523   Thumb Code     6  stm32f10x_rcc.o(.text)
    RCC_SYSCLKConfig                         0x08000529   Thumb Code    14  stm32f10x_rcc.o(.text)
    RCC_GetSYSCLKSource                      0x08000537   Thumb Code    10  stm32f10x_rcc.o(.text)
    RCC_HCLKConfig                           0x08000541   Thumb Code    14  stm32f10x_rcc.o(.text)
    RCC_PCLK1Config                          0x0800054f   Thumb Code    14  stm32f10x_rcc.o(.text)
    RCC_PCLK2Config                          0x0800055d   Thumb Code    16  stm32f10x_rcc.o(.text)
    RCC_ITConfig                             0x0800056d   Thumb Code    18  stm32f10x_rcc.o(.text)
    RCC_USBCLKConfig                         0x0800057f   Thumb Code     8  stm32f10x_rcc.o(.text)
    RCC_ADCCLKConfig                         0x08000587   Thumb Code    14  stm32f10x_rcc.o(.text)
    RCC_LSEConfig                            0x08000595   Thumb Code    28  stm32f10x_rcc.o(.text)
    RCC_LSICmd                               0x080005b1   Thumb Code     6  stm32f10x_rcc.o(.text)
    RCC_RTCCLKConfig                         0x080005b7   Thumb Code    10  stm32f10x_rcc.o(.text)
    RCC_RTCCLKCmd                            0x080005c1   Thumb Code     8  stm32f10x_rcc.o(.text)
    RCC_GetClocksFreq                        0x080005c9   Thumb Code   132  stm32f10x_rcc.o(.text)
    RCC_AHBPeriphClockCmd                    0x0800064d   Thumb Code    18  stm32f10x_rcc.o(.text)
    RCC_APB2PeriphClockCmd                   0x0800065f   Thumb Code    18  stm32f10x_rcc.o(.text)
    RCC_APB1PeriphClockCmd                   0x08000671   Thumb Code    18  stm32f10x_rcc.o(.text)
    RCC_APB2PeriphResetCmd                   0x08000683   Thumb Code    18  stm32f10x_rcc.o(.text)
    RCC_APB1PeriphResetCmd                   0x08000695   Thumb Code    18  stm32f10x_rcc.o(.text)
    RCC_BackupResetCmd                       0x080006a7   Thumb Code     8  stm32f10x_rcc.o(.text)
    RCC_ClockSecuritySystemCmd               0x080006af   Thumb Code     6  stm32f10x_rcc.o(.text)
    RCC_MCOConfig                            0x080006b5   Thumb Code     6  stm32f10x_rcc.o(.text)
    RCC_ClearFlag                            0x080006bb   Thumb Code    12  stm32f10x_rcc.o(.text)
    RCC_GetITStatus                          0x080006c7   Thumb Code    16  stm32f10x_rcc.o(.text)
    RCC_ClearITPendingBit                    0x080006d7   Thumb Code     6  stm32f10x_rcc.o(.text)
    SPI_DeInit                               0x080006fd   Thumb Code    60  stm32f10x_spi.o(.text)
    SPI_Init                                 0x08000739   Thumb Code    48  stm32f10x_spi.o(.text)
    SPI_StructInit                           0x08000769   Thumb Code    24  stm32f10x_spi.o(.text)
    SPI_Cmd                                  0x08000781   Thumb Code    20  stm32f10x_spi.o(.text)
    SPI_ITConfig                             0x08000795   Thumb Code    24  stm32f10x_spi.o(.text)
    SPI_DMACmd                               0x080007ad   Thumb Code    16  stm32f10x_spi.o(.text)
    SPI_SendData                             0x080007bd   Thumb Code     4  stm32f10x_spi.o(.text)
    SPI_ReceiveData                          0x080007c1   Thumb Code     4  stm32f10x_spi.o(.text)
    SPI_NSSInternalSoftwareConfig            0x080007c5   Thumb Code    24  stm32f10x_spi.o(.text)
    SPI_SSOutputCmd                          0x080007dd   Thumb Code    20  stm32f10x_spi.o(.text)
    SPI_DataSizeConfig                       0x080007f1   Thumb Code    16  stm32f10x_spi.o(.text)
    SPI_TransmitCRC                          0x08000801   Thumb Code    10  stm32f10x_spi.o(.text)
    SPI_CalculateCRC                         0x0800080b   Thumb Code    20  stm32f10x_spi.o(.text)
    SPI_GetCRC                               0x0800081f   Thumb Code    12  stm32f10x_spi.o(.text)
    SPI_GetCRCPolynomial                     0x0800082b   Thumb Code     4  stm32f10x_spi.o(.text)
    SPI_BiDirectionalLineConfig              0x0800082f   Thumb Code    22  stm32f10x_spi.o(.text)
    SPI_GetFlagStatus                        0x08000845   Thumb Code    14  stm32f10x_spi.o(.text)
    SPI_ClearFlag                            0x08000853   Thumb Code    32  stm32f10x_spi.o(.text)
    SPI_GetITStatus                          0x08000873   Thumb Code    42  stm32f10x_spi.o(.text)
    SPI_ClearITPendingBit                    0x0800089d   Thumb Code    40  stm32f10x_spi.o(.text)
    SysTick_CLKSourceConfig                  0x080008c9   Thumb Code    24  stm32f10x_systick.o(.text)
    SysTick_SetReload                        0x080008e1   Thumb Code     8  stm32f10x_systick.o(.text)
    SysTick_CounterCmd                       0x080008e9   Thumb Code    32  stm32f10x_systick.o(.text)
    SysTick_ITConfig                         0x08000909   Thumb Code    24  stm32f10x_systick.o(.text)
    SysTick_GetCounter                       0x08000921   Thumb Code     8  stm32f10x_systick.o(.text)
    SysTick_GetFlagStatus                    0x08000929   Thumb Code    36  stm32f10x_systick.o(.text)
    USART_DeInit                             0x0800094d   Thumb Code    72  stm32f10x_usart.o(.text)
    USART_Init                               0x08000995   Thumb Code   146  stm32f10x_usart.o(.text)
    USART_StructInit                         0x08000a27   Thumb Code    30  stm32f10x_usart.o(.text)
    USART_Cmd                                0x08000a45   Thumb Code    20  stm32f10x_usart.o(.text)
    USART_ITConfig                           0x08000a59   Thumb Code    48  stm32f10x_usart.o(.text)
    USART_DMACmd                             0x08000a89   Thumb Code    16  stm32f10x_usart.o(.text)
    USART_SetAddress                         0x08000a99   Thumb Code    16  stm32f10x_usart.o(.text)
    USART_WakeUpConfig                       0x08000aa9   Thumb Code    16  stm32f10x_usart.o(.text)
    USART_ReceiverWakeUpCmd                  0x08000ab9   Thumb Code    20  stm32f10x_usart.o(.text)
    USART_LINBreakDetectLengthConfig         0x08000acd   Thumb Code    16  stm32f10x_usart.o(.text)
    USART_LINCmd                             0x08000add   Thumb Code    20  stm32f10x_usart.o(.text)
    USART_SendData                           0x08000af1   Thumb Code     8  stm32f10x_usart.o(.text)
    USART_ReceiveData                        0x08000af9   Thumb Code     8  stm32f10x_usart.o(.text)
    USART_SendBreak                          0x08000b01   Thumb Code    10  stm32f10x_usart.o(.text)
    USART_SetGuardTime                       0x08000b0b   Thumb Code    16  stm32f10x_usart.o(.text)
    USART_SetPrescaler                       0x08000b1b   Thumb Code    16  stm32f10x_usart.o(.text)
    USART_SmartCardCmd                       0x08000b2b   Thumb Code    20  stm32f10x_usart.o(.text)
    USART_SmartCardNACKCmd                   0x08000b3f   Thumb Code    20  stm32f10x_usart.o(.text)
    USART_HalfDuplexCmd                      0x08000b53   Thumb Code    20  stm32f10x_usart.o(.text)
    USART_IrDAConfig                         0x08000b67   Thumb Code    16  stm32f10x_usart.o(.text)
    USART_IrDACmd                            0x08000b77   Thumb Code    20  stm32f10x_usart.o(.text)
    USART_GetFlagStatus                      0x08000b8b   Thumb Code    14  stm32f10x_usart.o(.text)
    USART_ClearFlag                          0x08000b99   Thumb Code     8  stm32f10x_usart.o(.text)
    USART_GetITStatus                        0x08000ba1   Thumb Code    62  stm32f10x_usart.o(.text)
    USART_ClearITPendingBit                  0x08000bdf   Thumb Code    14  stm32f10x_usart.o(.text)
    SendChar                                 0x08000bf5   Thumb Code    26  uart.o(.text)
    _ttywrch                                 0x08000c0f   Thumb Code     2  uart.o(.text)
    _sys_exit                                0x08000c11   Thumb Code     2  uart.o(.text)
    fputc                                    0x08000c13   Thumb Code     2  uart.o(.text)
    ferror                                   0x08000c15   Thumb Code     6  uart.o(.text)
    SetupUART1                               0x08000c1b   Thumb Code   130  uart.o(.text)
    MSD_Init                                 0x08000ca9   Thumb Code     4  msd.o(.text)
    MSD_EarseBlock                           0x08000cad   Thumb Code     4  msd.o(.text)
    MSD_WriteBlock                           0x08000cb1   Thumb Code    12  msd.o(.text)
    MSD_ReadBlock                            0x08000cbd   Thumb Code    12  msd.o(.text)
    MSD_WriteBuffer                          0x08000cc9   Thumb Code    12  msd.o(.text)
    MSD_ReadBuffer                           0x08000cd5   Thumb Code    12  msd.o(.text)
    MSD_GetMediumCharacteristics             0x08000ce1   Thumb Code    20  msd.o(.text)
    SD_SendCmd                               0x08000cfd   Thumb Code   148  sdcmd.o(.text)
    SD_PackParam                             0x08000d91   Thumb Code    16  sdcmd.o(.text)
    SD_BlockCommand                          0x08000da1   Thumb Code    42  sdcmd.o(.text)
    SD_ResetSD                               0x08000dcb   Thumb Code    18  sdcmd.o(.text)
    SD_ReadRegister                          0x08000ddd   Thumb Code   120  sdcmd.o(.text)
    SD_ReadCSD                               0x08000e55   Thumb Code    46  sdcmd.o(.text)
    SD_StopTransmission                      0x08000e83   Thumb Code    20  sdcmd.o(.text)
    SD_ReadCard_Status                       0x08000e97   Thumb Code    20  sdcmd.o(.text)
    SD_SetBlockLen                           0x08000eab   Thumb Code    38  sdcmd.o(.text)
    SD_ReadSingleBlock                       0x08000ed1   Thumb Code     8  sdcmd.o(.text)
    SD_ReadMultipleBlock                     0x08000ed9   Thumb Code     8  sdcmd.o(.text)
    SD_WriteSingleBlock                      0x08000ee1   Thumb Code     8  sdcmd.o(.text)
    SD_WriteMultipleBlock                    0x08000ee9   Thumb Code     8  sdcmd.o(.text)
    SD_EraseStartBlock                       0x08000ef1   Thumb Code    22  sdcmd.o(.text)
    SD_EraseEndBlock                         0x08000f07   Thumb Code    22  sdcmd.o(.text)
    SD_WaitBusy                              0x08000f1d   Thumb Code    58  sdcmd.o(.text)
    SD_EraseSelectedBlock                    0x08000f57   Thumb Code    40  sdcmd.o(.text)
    SD_ReadOCR                               0x08000f7f   Thumb Code    54  sdcmd.o(.text)
    SD_EnableCRC                             0x08000fb5   Thumb Code    46  sdcmd.o(.text)
    SD_ReadBlockData                         0x08000fe3   Thumb Code   132  sdcmd.o(.text)
    SD_GetNumWRBlcoks                        0x08001067   Thumb Code   102  sdcmd.o(.text)
    SD_WriteBlockData                        0x080010cd   Thumb Code    94  sdcmd.o(.text)
    SD_StopMultiToken                        0x0800112b   Thumb Code    30  sdcmd.o(.text)
    SD_SPIDelay                              0x08001149   Thumb Code    24  sdcmd.o(.text)
    SD_GetCRC16                              0x08001165   Thumb Code    40  sdcrc.o(.text)
    SD_GetCmdByte6                           0x0800118d   Thumb Code    82  sdcrc.o(.text)
    SD_Sleep                                 0x080011e5   Thumb Code     6  sddriver.o(.text)
    SD_EndSD                                 0x080011eb   Thumb Code     2  sddriver.o(.text)
    SD_CalTimeout                            0x080011ed   Thumb Code   140  sddriver.o(.text)
    SD_GetCardInfo                           0x08001279   Thumb Code   136  sddriver.o(.text)
    SD_ActiveInit                            0x08001301   Thumb Code   108  sddriver.o(.text)
    SD_StartSD                               0x0800136d   Thumb Code     2  sddriver.o(.text)
    SD_Initialize                            0x0800136f   Thumb Code   126  sddriver.o(.text)
    SD_ReadBlock                             0x080013ed   Thumb Code    54  sddriver.o(.text)
    SD_ReadMultiBlock                        0x08001423   Thumb Code    86  sddriver.o(.text)
    SD_WriteBlock                            0x08001479   Thumb Code    96  sddriver.o(.text)
    SD_WriteMultiBlock                       0x080014d9   Thumb Code   180  sddriver.o(.text)
    SD_EraseBlock                            0x0800158d   Thumb Code   152  sddriver.o(.text)
    SD_GetZLGSDVer                           0x08001625   Thumb Code     6  sddriver.o(.text)
    SD_HardWareInit                          0x0800162d   Thumb Code    18  sdhal.o(.text)
    SPI_Clk400k                              0x0800163f   Thumb Code    78  sdhal.o(.text)
    SPI_ClkToMax                             0x0800168d   Thumb Code    76  sdhal.o(.text)
    SPI_SendByte                             0x080016d9   Thumb Code    30  sdhal.o(.text)
    SPI_RecByte                              0x080016f7   Thumb Code    46  sdhal.o(.text)
    SPI_CS_Assert                            0x08001725   Thumb Code     8  sdhal.o(.text)
    SPI_CS_Deassert                          0x0800172d   Thumb Code     8  sdhal.o(.text)
    SD_ChkCard                               0x08001735   Thumb Code     4  sdhal.o(.text)
    SD_ChkCardWP                             0x08001739   Thumb Code     4  sdhal.o(.text)
    SetupClock                               0x080017d9   Thumb Code   122  main.o(.text)
    Sleep                                    0x08001853   Thumb Code    12  main.o(.text)
    main                                     0x0800185f   Thumb Code   200  main.o(.text)
    __printf                                 0x08001aad   Thumb Code   734  __printf.o(.text)
    _printf_return_value                     0x08001d8b   Thumb Code     2  __printf.o(.text)
    _printf_percent                          0x08001d8d   Thumb Code     2  __printf.o(.text)
    _printf_sizespec                         0x08001d8f   Thumb Code     2  __printf.o(.text)
    _printf_int_dec                          0x08001d95   Thumb Code   102  _printf_dec.o(.text)
    __0printf                                0x08001e0d   Thumb Code    42  __0printf.o(.text)
    __1printf                                0x08001e0d   Thumb Code     0  __0printf.o(.text)
    __use_two_region_memory                  0x08001e41   Thumb Code     2  stkheap2.o(.text)
    __rt_stackheap_init                      0x08001e43   Thumb Code    24  stkheap2.o(.text)
    __rt_heap_extend                         0x08001e5b   Thumb Code    12  stkheap2.o(.text)
    __rt_entry                               0x08001e67   Thumb Code    36  kernel.o(.text)
    __rt_exit                                0x08001e8b   Thumb Code    18  kernel.o(.text)
    __rt_abort                               0x08001e9d   Thumb Code     8  kernel.o(.text)
    __user_setup_stackheap                   0x08001ea5   Thumb Code    74  sys_stackheap_outer.o(.text)
    __rt_stackheap_storage                   0x08001ef1   Thumb Code     6  rt_stackheap_storage_intlibspace.o(.text)
    _printf_int_common                       0x08001efd   Thumb Code   162  _printf_intcommon.o(.text)
    _printf_char_common                      0x08001fa1   Thumb Code    42  _printf_char_common.o(.text)
    __rt_udiv10                              0x08001fd5   Thumb Code    16  rtudiv10.o(.text)
    __user_libspace                          0x08001fe5   Thumb Code     4  libspace.o(.text)
    __user_perproc_libspace                  0x08001fe5   Thumb Code     0  libspace.o(.text)
    __user_perthread_libspace                0x08001fe5   Thumb Code     0  libspace.o(.text)
    _printf_outstr_char                      0x08001fed   Thumb Code    26  _printf_outstr_char.o(.text)
    _printf_input_char                       0x08002007   Thumb Code    10  _printf_input_char.o(.text)
    exit                                     0x08002011   Thumb Code    12  exit.o(.text)
    __rt_lib_init                            0x0800201d   Thumb Code   174  lib_init.o(.text)
    __rt_lib_shutdown                        0x080020cb   Thumb Code    18  lib_init.o(.text)
    _platform_post_stackheap_init            0x080020dd   Thumb Code    10  boardinit2.o(.text)
    _platform_post_lib_init                  0x080020e7   Thumb Code     8  boardinit3.o(.text)
    __rt_locale                              0x080020f1   Thumb Code     6  rt_locale_intlibspace.o(.text)
    __ARM_get_argv                           0x080020fd   Thumb Code     2  no_argv.o(.text)
    __rt_fp_status_addr                      0x08002101   Thumb Code     6  rt_fp_status_addr_intlibspace.o(.text)
    _fp_init                                 0x0800210d   Thumb Code    14  fpinit.o(x$fpl$fpinit)
    __fplib_config_pureend_doubles           0x08002119   Thumb Code     0  fpinit.o(x$fpl$fpinit)
    CRCTable                                 0x0800212e   Data         512  sdcrc.o(.constdata)
    r2w_fator                                0x08002330   Data           8  sddriver.o(.constdata)
    time_unit                                0x08002338   Data          32  sddriver.o(.constdata)
    time_value                               0x08002358   Data          16  sddriver.o(.constdata)
    Region$$Table$$Base                      0x0800237c   Number         0  anon$$obj.o(Region$$Table)
    Region$$Table$$Limit                     0x0800239c   Number         0  anon$$obj.o(Region$$Table)
    Mass_Memory_Size                         0x20000000   Data           4  msd.o(.data)
    Mass_Block_Size                          0x20000004   Data           4  msd.o(.data)
    Mass_Block_Count                         0x20000008   Data           4  msd.o(.data)
    HSEStartUpStatus                         0x2000000c   Data           1  main.o(.data)
    stm32F10x_vector_table                   0x20000010   Data         228  stm32f10x_vector.o(VECT_TABLE)
    sds                                      0x200000f4   Data          28  sddriver.o(.bss)
    __stdin                                  0x20000110   Data          68  stdio.o(.bss)
    __stdout                                 0x20000154   Data          68  stdio.o(.bss)
    __stderr                                 0x20000198   Data          68  stdio.o(.bss)
    __libspace_start                         0x200001dc   Data          96  libspace.o(.bss)
    __temporary_stack_top_libspace           0x2000023c   Number         0  libspace.o(.bss)


================================================================================

Memory Map of the image

  Image Entry point : 0x08000105

  Load Region LR_IROM1 (Base: 0x08000000, Size: 0x00002490, Max: 0x00020000, ABSOLUTE)

    Execution Region ER_IROM1 (Base: 0x08000000, Size: 0x0000239c, Max: 0x00020000, ABSOLUTE)

    Base Addr    Size         Type   Attr      Idx    E Section Name        Object

    0x08000000   0x00000104   Code   RO            3    RESET               stm32f10x_startup.o
    0x08000104   0x00000008   Code   RO          659  * !!!main             __main.o(c_w.l)
    0x0800010c   0x00000034   Code   RO          872    !!!scatter          __scatter.o(c_w.l)
    0x08000140   0x0000001a   Code   RO          874    !!handler_copy      __scatter_copy.o(c_w.l)
    0x0800015a   0x00000002   PAD
    0x0800015c   0x0000001c   Code   RO          876    !!handler_zi        __scatter_zi.o(c_w.l)
    0x08000178   0x00000004   Code   RO          770    .emb_text           lib_init.o(c_w.l)
    0x0800017c   0x0000001c   Code   RO            4    .text               stm32f10x_startup.o
    0x08000198   0x00000068   Code   RO           26    .text               stm32f10x_it.o
    0x08000200   0x0000003c   Code   RO          227    .text               stm32f10x_flash.o
    0x0800023c   0x00000208   Code   RO          240    .text               stm32f10x_gpio.o
    0x08000444   0x000002b8   Code   RO          332    .text               stm32f10x_rcc.o
    0x080006fc   0x000001cc   Code   RO          359    .text               stm32f10x_spi.o
    0x080008c8   0x00000084   Code   RO          378    .text               stm32f10x_systick.o
    0x0800094c   0x000002a8   Code   RO          427    .text               stm32f10x_usart.o
    0x08000bf4   0x000000b4   Code   RO          459    .text               uart.o
    0x08000ca8   0x00000054   Code   RO          478    .text               msd.o
    0x08000cfc   0x00000468   Code   RO          544    .text               sdcmd.o
    0x08001164   0x00000080   Code   RO          573    .text               sdcrc.o
    0x080011e4   0x00000446   Code   RO          590    .text               sddriver.o
    0x0800162a   0x00000002   PAD
    0x0800162c   0x000001ac   Code   RO          611    .text               sdhal.o
    0x080017d8   0x000002d4   Code   RO          630    .text               main.o
    0x08001aac   0x000002e8   Code   RO          650    .text               __printf.o(c_w.l)
    0x08001d94   0x00000078   Code   RO          653    .text               _printf_dec.o(c_w.l)
    0x08001e0c   0x00000034   Code   RO          655    .text               __0printf.o(c_w.l)
    0x08001e40   0x00000026   Code   RO          657    .text               stkheap2.o(c_w.l)
    0x08001e66   0x0000003e   Code   RO          661    .text               kernel.o(c_w.l)
    0x08001ea4   0x0000004a   Code   RO          664    .text               sys_stackheap_outer.o(c_w.l)
    0x08001eee   0x00000002   PAD
    0x08001ef0   0x0000000c   Code   RO          669    .text               rt_stackheap_storage_intlibspace.o(c_w.l)
    0x08001efc   0x000000a2   Code   RO          675    .text               _printf_intcommon.o(c_w.l)
    0x08001f9e   0x00000002   PAD
    0x08001fa0   0x00000034   Code   RO          677    .text               _printf_char_common.o(c_w.l)
    0x08001fd4   0x00000010   Code   RO          683    .text               rtudiv10.o(c_w.l)
    0x08001fe4   0x00000008   Code   RO          690    .text               libspace.o(c_w.l)
    0x08001fec   0x0000001a   Code   RO          749    .text               _printf_outstr_char.o(c_w.l)
    0x08002006   0x0000000a   Code   RO          751    .text               _printf_input_char.o(c_w.l)
    0x08002010   0x0000000c   Code   RO          760    .text               exit.o(c_w.l)
    0x0800201c   0x000000c0   Code   RO          771    .text               lib_init.o(c_w.l)
    0x080020dc   0x0000000a   Code   RO          776    .text               boardinit2.o(c_w.l)
    0x080020e6   0x00000008   Code   RO          778    .text               boardinit3.o(c_w.l)
    0x080020ee   0x00000002   PAD
    0x080020f0   0x0000000c   Code   RO          798    .text               rt_locale_intlibspace.o(c_w.l)
    0x080020fc   0x00000002   Code   RO          836    .text               no_argv.o(c_w.l)
    0x080020fe   0x00000002   PAD
    0x08002100   0x0000000c   Code   RO          845    .text               rt_fp_status_addr_intlibspace.o(c_w.l)
    0x0800210c   0x0000000e   Code   RO          838    x$fpl$fpinit        fpinit.o(fz_ws.l)
    0x0800211a   0x00000014   Data   RO          333    .constdata          stm32f10x_rcc.o
    0x0800212e   0x00000200   Data   RO          574    .constdata          sdcrc.o
    0x0800232e   0x00000002   PAD
    0x08002330   0x00000038   Data   RO          591    .constdata          sddriver.o
    0x08002368   0x00000011   Data   RO          651    .constdata          __printf.o(c_w.l)
    0x08002379   0x00000003   PAD
    0x0800237c   0x00000020   Data   RO          871    Region$$Table       anon$$obj.o


    Execution Region RW_IRAM1 (Base: 0x20000000, Size: 0x00000640, Max: 0x00005000, ABSOLUTE)

    Base Addr    Size         Type   Attr      Idx    E Section Name        Object

    0x20000000   0x0000000c   Data   RW          479    .data               msd.o
    0x2000000c   0x00000001   Data   RW          631    .data               main.o
    0x2000000d   0x00000003   PAD
    0x20000010   0x000000e4   Data   RW           12    VECT_TABLE          stm32f10x_vector.o
    0x200000f4   0x0000001c   Zero   RW          592    .bss                sddriver.o
    0x20000110   0x000000cc   Zero   RW          681    .bss                stdio.o(c_w.l)
    0x200001dc   0x00000060   Zero   RW          691    .bss                libspace.o(c_w.l)
    0x2000023c   0x00000004   PAD
    0x20000240   0x00000200   Zero   RW            2    HEAP                stm32f10x_startup.o
    0x20000440   0x00000200   Zero   RW            1    STACK               stm32f10x_startup.o


================================================================================

Image component sizes


      Code (inc. data)   RO Data    RW Data    ZI Data      Debug   Object Name

       724        390          0          1          0       1106   main.o
        84          8          0         12          0       3131   msd.o
      1128          4          0          0          0       7586   sdcmd.o
       128          6        512          0          0       2104   sdcrc.o
      1094         24         56          0         28       7754   sddriver.o
       428         14          0          0          0       2477   sdhal.o
        60          6          0          0          0        775   stm32f10x_flash.o
       520         16          0          0          0      18845   stm32f10x_gpio.o
         0          0          0          0          0       6903   stm32f10x_i2c.o
       104          0          0          0          0      12288   stm32f10x_it.o
       696         32         20          0          0       7691   stm32f10x_rcc.o
       460          4          0          0          0      18014   stm32f10x_spi.o
       288        274          0          0       1024        516   stm32f10x_startup.o
       132          0          0          0          0       1331   stm32f10x_systick.o
       680          8          0          0          0      20229   stm32f10x_usart.o
         0          0          0        228          0       2097   stm32f10x_vector.o
       180         12          0          0          0       1348   uart.o

    ------------------------------------------------------------------------
      6708        798        622        244       1052     114196   Object Totals
         0          0         32          0          0          0   (incl. Generated)
         2          0          2          3          0          1   (incl. Padding)

    ------------------------------------------------------------------------

      Code (inc. data)   RO Data    RW Data    ZI Data      Debug   Library Member Name

        52         10          0          0          0          0   __0printf.o
         8          0          0          0          0          0   __main.o
       744          4         17          0          0          0   __printf.o
        52          8          0          0          0          0   __scatter.o
        26          0          0          0          0          0   __scatter_copy.o
        28          0          0          0          0          0   __scatter_zi.o
        52         10          0          0          0          0   _printf_char_common.o
       120         18          0          0          0          0   _printf_dec.o
        10          0          0          0          0          0   _printf_input_char.o
       162          0          0          0          0          0   _printf_intcommon.o
        26          0          0          0          0          0   _printf_outstr_char.o
        10          0          0          0          0          0   boardinit2.o
         8          0          0          0          0          0   boardinit3.o
        12          0          0          0          0          0   exit.o
        14          0          0          0          0          0   fpinit.o
        62          0          0          0          0          0   kernel.o
       196          0          0          0          0          0   lib_init.o
         8          4          0          0         96          0   libspace.o
         2          0          0          0          0          0   no_argv.o
        12          6          0          0          0          0   rt_fp_status_addr_intlibspace.o
        12          6          0          0          0          0   rt_locale_intlibspace.o
        12          6          0          0          0          0   rt_stackheap_storage_intlibspace.o
        16          0          0          0          0          0   rtudiv10.o
         0          0          0          0        204          0   stdio.o
        38          0          0          0          0          0   stkheap2.o
        74          0          0          0          0          0   sys_stackheap_outer.o

    ------------------------------------------------------------------------
      1766         72         20          0        304          0   Library Totals
        10          0          3          0          4          0   (incl. Padding)

    ------------------------------------------------------------------------

      Code (inc. data)   RO Data    RW Data    ZI Data      Debug   Library Name

      1742         72         17          0        300          0   c_w.l
        14          0          0          0          0          0   fz_ws.l

    ------------------------------------------------------------------------
      1766         72         20          0        304          0   Library Totals

    ------------------------------------------------------------------------

================================================================================


      Code (inc. data)   RO Data    RW Data    ZI Data      Debug   

      8474        870        642        244       1356     114196   Grand Totals
      8474        870        642        244       1356     114196   ELF Image Totals
      8474        870        642        244          0          0   ROM Totals

================================================================================

    Total RO  Size (Code + RO Data)                 9116 (   8.90kB)
    Total RW  Size (RW Data + ZI Data)              1600 (   1.56kB)
    Total ROM Size (Code + RO Data + RW Data)       9360 (   9.14kB)

================================================================================

